[DEFAULT] LLC: frequency=4000 (inherited from max core frequency)
[DEFAULT] LLC: hit_latency=7, fill_latency=8 (derived from sets=2048, ways=16)
[DEFAULT] LLC: max_tag_bandwidth=4 (derived from sets=2048)
[DEFAULT] LLC: max_fill_bandwidth=4 (derived from sets=2048)
[DEFAULT] LLC: mshr_size=4096 (derived from sets=2048, fill_latency=8, fill_bw=4)
[DEFAULT] cpu0_DTLB: hit_latency=1, fill_latency=1 (derived from sets=16, ways=4)
[DEFAULT] cpu0_DTLB: max_tag_bandwidth=1 (derived from sets=16)
[DEFAULT] cpu0_DTLB: max_fill_bandwidth=1 (derived from sets=16)
[DEFAULT] cpu0_ITLB: hit_latency=1, fill_latency=1 (derived from sets=16, ways=4)
[DEFAULT] cpu0_ITLB: max_tag_bandwidth=1 (derived from sets=16)
[DEFAULT] cpu0_ITLB: max_fill_bandwidth=1 (derived from sets=16)
[DEFAULT] cpu0_ITLB: mshr_size=1 (derived from sets=16, fill_latency=1, fill_bw=1)
[DEFAULT] cpu0_L1D: num_sets=128 (scaled from base=64 x 2 upper levels)
[DEFAULT] cpu0_L1D: hit_latency=2, fill_latency=3 (derived from sets=128, ways=12)
[DEFAULT] cpu0_L1D: max_tag_bandwidth=1 (derived from sets=128)
[DEFAULT] cpu0_L1D: max_fill_bandwidth=1 (derived from sets=128)
[DEFAULT] cpu0_L1D: mshr_size=24 (derived from sets=128, fill_latency=3, fill_bw=1)
[DEFAULT] cpu0_L1I: hit_latency=2, fill_latency=2 (derived from sets=64, ways=8)
[DEFAULT] cpu0_L1I: max_tag_bandwidth=1 (derived from sets=64)
[DEFAULT] cpu0_L1I: max_fill_bandwidth=1 (derived from sets=64)
[DEFAULT] cpu0_L1I: mshr_size=8 (derived from sets=64, fill_latency=2, fill_bw=1)
[DEFAULT] cpu0_L2C: num_sets=1024 (scaled from base=512 x 2 upper levels)
[DEFAULT] cpu0_L2C: hit_latency=4, fill_latency=5 (derived from sets=1024, ways=8)
[DEFAULT] cpu0_L2C: max_tag_bandwidth=2 (derived from sets=1024)
[DEFAULT] cpu0_L2C: max_fill_bandwidth=2 (derived from sets=1024)
[DEFAULT] cpu0_L2C: mshr_size=640 (derived from sets=1024, fill_latency=5, fill_bw=2)
[DEFAULT] cpu0_STLB: num_sets=256 (scaled from base=64 x 3 upper levels)
[DEFAULT] cpu0_STLB: hit_latency=3, fill_latency=4 (derived from sets=256, ways=12)
[DEFAULT] cpu0_STLB: max_tag_bandwidth=1 (derived from sets=256)
[DEFAULT] cpu0_STLB: max_fill_bandwidth=1 (derived from sets=256)
[DEFAULT] cpu0_STLB: mshr_size=64 (derived from sets=256, fill_latency=4, fill_bw=1)
[VMEM] WARNING: physical memory size is smaller than virtual memory size.

*** ChampSim Multicore Out-of-Order Simulator ***
Warmup Instructions: 50000000
Simulation Instructions: 200000000
Number of CPUs: 1
Page size: 4096

Off-chip DRAM Size: 16 GiB Channels: 1 Width: 64-bit Data Rate: 3205 MT/s
Heartbeat CPU 0 instructions: 10000001 cycles: 3018021 heartbeat IPC: 3.313 cumulative IPC: 3.313 (Simulation time: 00 hr 00 min 48 sec)
Heartbeat CPU 0 instructions: 20000000 cycles: 5986952 heartbeat IPC: 3.368 cumulative IPC: 3.341 (Simulation time: 00 hr 01 min 35 sec)
Heartbeat CPU 0 instructions: 30000001 cycles: 8891741 heartbeat IPC: 3.443 cumulative IPC: 3.374 (Simulation time: 00 hr 02 min 21 sec)
Heartbeat CPU 0 instructions: 40000004 cycles: 11796296 heartbeat IPC: 3.443 cumulative IPC: 3.391 (Simulation time: 00 hr 03 min 08 sec)
Heartbeat CPU 0 instructions: 50000002 cycles: 14707472 heartbeat IPC: 3.435 cumulative IPC: 3.4 (Simulation time: 00 hr 04 min 03 sec)
Warmup finished CPU 0 instructions: 50000002 cycles: 14707472 cumulative IPC: 3.4 (Simulation time: 00 hr 04 min 03 sec)
Warmup complete CPU 0 instructions: 50000002 cycles: 14707472 cumulative IPC: 3.4 (Simulation time: 00 hr 04 min 03 sec)
Heartbeat CPU 0 instructions: 60000000 cycles: 21645905 heartbeat IPC: 1.441 cumulative IPC: 1.441 (Simulation time: 00 hr 05 min 31 sec)
Heartbeat CPU 0 instructions: 70000004 cycles: 28564743 heartbeat IPC: 1.445 cumulative IPC: 1.443 (Simulation time: 00 hr 06 min 56 sec)
Heartbeat CPU 0 instructions: 80000004 cycles: 35482212 heartbeat IPC: 1.446 cumulative IPC: 1.444 (Simulation time: 00 hr 08 min 25 sec)
Heartbeat CPU 0 instructions: 90000001 cycles: 42415798 heartbeat IPC: 1.442 cumulative IPC: 1.444 (Simulation time: 00 hr 09 min 53 sec)
Heartbeat CPU 0 instructions: 100000003 cycles: 49239596 heartbeat IPC: 1.465 cumulative IPC: 1.448 (Simulation time: 00 hr 11 min 10 sec)
Heartbeat CPU 0 instructions: 110000001 cycles: 55997001 heartbeat IPC: 1.48 cumulative IPC: 1.453 (Simulation time: 00 hr 12 min 29 sec)
Heartbeat CPU 0 instructions: 120000004 cycles: 62717975 heartbeat IPC: 1.488 cumulative IPC: 1.458 (Simulation time: 00 hr 13 min 49 sec)
Heartbeat CPU 0 instructions: 130000004 cycles: 69444754 heartbeat IPC: 1.487 cumulative IPC: 1.462 (Simulation time: 00 hr 15 min 12 sec)
Heartbeat CPU 0 instructions: 140000003 cycles: 79949491 heartbeat IPC: 0.952 cumulative IPC: 1.379 (Simulation time: 00 hr 16 min 50 sec)
Heartbeat CPU 0 instructions: 150000002 cycles: 87972570 heartbeat IPC: 1.246 cumulative IPC: 1.365 (Simulation time: 00 hr 18 min 15 sec)
Heartbeat CPU 0 instructions: 160000002 cycles: 94308716 heartbeat IPC: 1.578 cumulative IPC: 1.382 (Simulation time: 00 hr 19 min 28 sec)
Heartbeat CPU 0 instructions: 170000000 cycles: 100881783 heartbeat IPC: 1.521 cumulative IPC: 1.393 (Simulation time: 00 hr 20 min 37 sec)
Heartbeat CPU 0 instructions: 180000004 cycles: 107152352 heartbeat IPC: 1.595 cumulative IPC: 1.406 (Simulation time: 00 hr 21 min 47 sec)
Heartbeat CPU 0 instructions: 190000000 cycles: 113478661 heartbeat IPC: 1.581 cumulative IPC: 1.417 (Simulation time: 00 hr 23 min 10 sec)
Heartbeat CPU 0 instructions: 200000000 cycles: 120026108 heartbeat IPC: 1.527 cumulative IPC: 1.424 (Simulation time: 00 hr 24 min 22 sec)
Heartbeat CPU 0 instructions: 210000004 cycles: 126327209 heartbeat IPC: 1.587 cumulative IPC: 1.433 (Simulation time: 00 hr 25 min 30 sec)
Heartbeat CPU 0 instructions: 220000000 cycles: 132694636 heartbeat IPC: 1.57 cumulative IPC: 1.441 (Simulation time: 00 hr 26 min 38 sec)
Heartbeat CPU 0 instructions: 230000000 cycles: 139174108 heartbeat IPC: 1.543 cumulative IPC: 1.446 (Simulation time: 00 hr 28 min 02 sec)
Heartbeat CPU 0 instructions: 240000003 cycles: 145484107 heartbeat IPC: 1.585 cumulative IPC: 1.453 (Simulation time: 00 hr 29 min 22 sec)
Heartbeat CPU 0 instructions: 250000000 cycles: 152017953 heartbeat IPC: 1.53 cumulative IPC: 1.457 (Simulation time: 00 hr 30 min 36 sec)
Simulation finished CPU 0 instructions: 200000003 cycles: 137310482 cumulative IPC: 1.457 (Simulation time: 00 hr 30 min 36 sec)
Simulation complete CPU 0 instructions: 200000003 cycles: 137310482 cumulative IPC: 1.457 (Simulation time: 00 hr 30 min 36 sec)

ChampSim completed all CPUs

=== Simulation ===
CPU 0 runs /home/user/nncpu_campaign/traces/625.x264_s-18B.champsimtrace.xz

Region of Interest Statistics

CPU 0 cumulative IPC: 1.457 instructions: 200000003 cycles: 137310482
CPU 0 Branch Prediction Accuracy: 97.15% MPKI: 1.34 Average ROB Occupancy at Mispredict: 103.5
Branch type MPKI
BRANCH_DIRECT_JUMP: 0.001505
BRANCH_INDIRECT: 0.00222
BRANCH_CONDITIONAL: 1.2
BRANCH_DIRECT_CALL: 0.001275
BRANCH_INDIRECT_CALL: 0.04307
BRANCH_RETURN: 0.09222

cpu0->LLC TOTAL        ACCESS:     156080 HIT:      43627 MISS:     112453 MISS_MERGE:          0
cpu0->LLC LOAD         ACCESS:      82161 HIT:       8906 MISS:      73255 MISS_MERGE:          0
cpu0->LLC RFO          ACCESS:      35735 HIT:        638 MISS:      35097 MISS_MERGE:          0
cpu0->LLC PREFETCH     ACCESS:       3590 HIT:        116 MISS:       3474 MISS_MERGE:          0
cpu0->LLC WRITE        ACCESS:      34089 HIT:      33906 MISS:        183 MISS_MERGE:          0
cpu0->LLC TRANSLATION  ACCESS:        505 HIT:         61 MISS:        444 MISS_MERGE:          0
cpu0->LLC PREFETCH REQUESTED:          0 ISSUED:          0 USEFUL:          0 USELESS:          0
cpu0->LLC AVERAGE MISS LATENCY: 173.1 cycles
cpu0->cpu0_DTLB TOTAL        ACCESS:   52757348 HIT:   52510303 MISS:     247045 MISS_MERGE:     116472
cpu0->cpu0_DTLB LOAD         ACCESS:   52757348 HIT:   52510303 MISS:     247045 MISS_MERGE:     116472
cpu0->cpu0_DTLB RFO          ACCESS:          0 HIT:          0 MISS:          0 MISS_MERGE:          0
cpu0->cpu0_DTLB PREFETCH     ACCESS:          0 HIT:          0 MISS:          0 MISS_MERGE:          0
cpu0->cpu0_DTLB WRITE        ACCESS:          0 HIT:          0 MISS:          0 MISS_MERGE:          0
cpu0->cpu0_DTLB TRANSLATION  ACCESS:          0 HIT:          0 MISS:          0 MISS_MERGE:          0
cpu0->cpu0_DTLB PREFETCH REQUESTED:          0 ISSUED:          0 USEFUL:          0 USELESS:          0
cpu0->cpu0_DTLB AVERAGE MISS LATENCY: 18.14 cycles
cpu0->cpu0_ITLB TOTAL        ACCESS:   32684906 HIT:   32682307 MISS:       2599 MISS_MERGE:       1642
cpu0->cpu0_ITLB LOAD         ACCESS:   32684906 HIT:   32682307 MISS:       2599 MISS_MERGE:       1642
cpu0->cpu0_ITLB RFO          ACCESS:          0 HIT:          0 MISS:          0 MISS_MERGE:          0
cpu0->cpu0_ITLB PREFETCH     ACCESS:          0 HIT:          0 MISS:          0 MISS_MERGE:          0
cpu0->cpu0_ITLB WRITE        ACCESS:          0 HIT:          0 MISS:          0 MISS_MERGE:          0
cpu0->cpu0_ITLB TRANSLATION  ACCESS:          0 HIT:          0 MISS:          0 MISS_MERGE:          0
cpu0->cpu0_ITLB PREFETCH REQUESTED:          0 ISSUED:          0 USEFUL:          0 USELESS:          0
cpu0->cpu0_ITLB AVERAGE MISS LATENCY: 64.39 cycles
cpu0->cpu0_L1D TOTAL        ACCESS:   53061784 HIT:   52632661 MISS:     429123 MISS_MERGE:     284326
cpu0->cpu0_L1D LOAD         ACCESS:   39521766 HIT:   39287770 MISS:     233996 MISS_MERGE:     133847
cpu0->cpu0_L1D RFO          ACCESS:          0 HIT:          0 MISS:          0 MISS_MERGE:          0
cpu0->cpu0_L1D PREFETCH     ACCESS:     300072 HIT:     290469 MISS:       9603 MISS_MERGE:       5451
cpu0->cpu0_L1D WRITE        ACCESS:   13235581 HIT:   13050988 MISS:     184593 MISS_MERGE:     144948
cpu0->cpu0_L1D TRANSLATION  ACCESS:       4365 HIT:       3434 MISS:        931 MISS_MERGE:         80
cpu0->cpu0_L1D PREFETCH REQUESTED:    9686022 ISSUED:     300064 USEFUL:       3643 USELESS:        510
cpu0->cpu0_L1D AVERAGE MISS LATENCY: 149.2 cycles
cpu0->cpu0_L1I TOTAL        ACCESS:   32684906 HIT:   31514149 MISS:    1170757 MISS_MERGE:     471121
cpu0->cpu0_L1I LOAD         ACCESS:   32684906 HIT:   31514149 MISS:    1170757 MISS_MERGE:     471121
cpu0->cpu0_L1I RFO          ACCESS:          0 HIT:          0 MISS:          0 MISS_MERGE:          0
cpu0->cpu0_L1I PREFETCH     ACCESS:          0 HIT:          0 MISS:          0 MISS_MERGE:          0
cpu0->cpu0_L1I WRITE        ACCESS:          0 HIT:          0 MISS:          0 MISS_MERGE:          0
cpu0->cpu0_L1I TRANSLATION  ACCESS:          0 HIT:          0 MISS:          0 MISS_MERGE:          0
cpu0->cpu0_L1I PREFETCH REQUESTED:          0 ISSUED:          0 USEFUL:          0 USELESS:          0
cpu0->cpu0_L1I AVERAGE MISS LATENCY: 6.492 cycles
cpu0->cpu0_L2C TOTAL        ACCESS:     892282 HIT:     769356 MISS:     122926 MISS_MERGE:          0
cpu0->cpu0_L2C LOAD         ACCESS:     799785 HIT:     717624 MISS:      82161 MISS_MERGE:          0
cpu0->cpu0_L2C RFO          ACCESS:      39645 HIT:       3910 MISS:      35735 MISS_MERGE:          0
cpu0->cpu0_L2C PREFETCH     ACCESS:       4152 HIT:        562 MISS:       3590 MISS_MERGE:          0
cpu0->cpu0_L2C WRITE        ACCESS:      47849 HIT:      46914 MISS:        935 MISS_MERGE:          0
cpu0->cpu0_L2C TRANSLATION  ACCESS:        851 HIT:        346 MISS:        505 MISS_MERGE:          0
cpu0->cpu0_L2C PREFETCH REQUESTED:          0 ISSUED:          0 USEFUL:          0 USELESS:          0
cpu0->cpu0_L2C AVERAGE MISS LATENCY: 170.9 cycles
cpu0->cpu0_STLB TOTAL        ACCESS:     131530 HIT:     129366 MISS:       2164 MISS_MERGE:          0
cpu0->cpu0_STLB LOAD         ACCESS:     131530 HIT:     129366 MISS:       2164 MISS_MERGE:          0
cpu0->cpu0_STLB RFO          ACCESS:          0 HIT:          0 MISS:          0 MISS_MERGE:          0
cpu0->cpu0_STLB PREFETCH     ACCESS:          0 HIT:          0 MISS:          0 MISS_MERGE:          0
cpu0->cpu0_STLB WRITE        ACCESS:          0 HIT:          0 MISS:          0 MISS_MERGE:          0
cpu0->cpu0_STLB TRANSLATION  ACCESS:          0 HIT:          0 MISS:          0 MISS_MERGE:          0
cpu0->cpu0_STLB PREFETCH REQUESTED:          0 ISSUED:          0 USEFUL:          0 USELESS:          0
cpu0->cpu0_STLB AVERAGE MISS LATENCY: 878.6 cycles

DRAM Statistics

Channel 0 RQ ROW_BUFFER_HIT:       1763
  ROW_BUFFER_MISS:     110507
  AVG DBUS CONGESTED CYCLE: 11.9
Channel 0 WQ ROW_BUFFER_HIT:       2990
  ROW_BUFFER_MISS:      17937
  FULL:          0
Channel 0 REFRESHES ISSUED:      11443
NNCPU_REGULARITY roi_decisions=39521766 roi_suppressed=126164 roi_issued=300064 gate_enabled=true window=16 support_percent=35 degree=3
