[DEFAULT] LLC: frequency=4000 (inherited from max core frequency)
[DEFAULT] LLC: hit_latency=7, fill_latency=8 (derived from sets=2048, ways=16)
[DEFAULT] LLC: max_tag_bandwidth=4 (derived from sets=2048)
[DEFAULT] LLC: max_fill_bandwidth=4 (derived from sets=2048)
[DEFAULT] LLC: mshr_size=4096 (derived from sets=2048, fill_latency=8, fill_bw=4)
[DEFAULT] cpu0_DTLB: hit_latency=1, fill_latency=1 (derived from sets=16, ways=4)
[DEFAULT] cpu0_DTLB: max_tag_bandwidth=1 (derived from sets=16)
[DEFAULT] cpu0_DTLB: max_fill_bandwidth=1 (derived from sets=16)
[DEFAULT] cpu0_ITLB: hit_latency=1, fill_latency=1 (derived from sets=16, ways=4)
[DEFAULT] cpu0_ITLB: max_tag_bandwidth=1 (derived from sets=16)
[DEFAULT] cpu0_ITLB: max_fill_bandwidth=1 (derived from sets=16)
[DEFAULT] cpu0_ITLB: mshr_size=1 (derived from sets=16, fill_latency=1, fill_bw=1)
[DEFAULT] cpu0_L1D: num_sets=128 (scaled from base=64 x 2 upper levels)
[DEFAULT] cpu0_L1D: hit_latency=2, fill_latency=3 (derived from sets=128, ways=12)
[DEFAULT] cpu0_L1D: max_tag_bandwidth=1 (derived from sets=128)
[DEFAULT] cpu0_L1D: max_fill_bandwidth=1 (derived from sets=128)
[DEFAULT] cpu0_L1D: mshr_size=24 (derived from sets=128, fill_latency=3, fill_bw=1)
[DEFAULT] cpu0_L1I: hit_latency=2, fill_latency=2 (derived from sets=64, ways=8)
[DEFAULT] cpu0_L1I: max_tag_bandwidth=1 (derived from sets=64)
[DEFAULT] cpu0_L1I: max_fill_bandwidth=1 (derived from sets=64)
[DEFAULT] cpu0_L1I: mshr_size=8 (derived from sets=64, fill_latency=2, fill_bw=1)
[DEFAULT] cpu0_L2C: num_sets=1024 (scaled from base=512 x 2 upper levels)
[DEFAULT] cpu0_L2C: hit_latency=4, fill_latency=5 (derived from sets=1024, ways=8)
[DEFAULT] cpu0_L2C: max_tag_bandwidth=2 (derived from sets=1024)
[DEFAULT] cpu0_L2C: max_fill_bandwidth=2 (derived from sets=1024)
[DEFAULT] cpu0_L2C: mshr_size=640 (derived from sets=1024, fill_latency=5, fill_bw=2)
[DEFAULT] cpu0_STLB: num_sets=256 (scaled from base=64 x 3 upper levels)
[DEFAULT] cpu0_STLB: hit_latency=3, fill_latency=4 (derived from sets=256, ways=12)
[DEFAULT] cpu0_STLB: max_tag_bandwidth=1 (derived from sets=256)
[DEFAULT] cpu0_STLB: max_fill_bandwidth=1 (derived from sets=256)
[DEFAULT] cpu0_STLB: mshr_size=64 (derived from sets=256, fill_latency=4, fill_bw=1)
[VMEM] WARNING: physical memory size is smaller than virtual memory size.

*** ChampSim Multicore Out-of-Order Simulator ***
Warmup Instructions: 50000000
Simulation Instructions: 200000000
Number of CPUs: 1
Page size: 4096

Off-chip DRAM Size: 16 GiB Channels: 1 Width: 64-bit Data Rate: 3205 MT/s
Heartbeat CPU 0 instructions: 10000002 cycles: 3584941 heartbeat IPC: 2.789 cumulative IPC: 2.789 (Simulation time: 00 hr 00 min 58 sec)
Heartbeat CPU 0 instructions: 20000004 cycles: 7115720 heartbeat IPC: 2.832 cumulative IPC: 2.811 (Simulation time: 00 hr 02 min 17 sec)
Heartbeat CPU 0 instructions: 30000001 cycles: 10652271 heartbeat IPC: 2.828 cumulative IPC: 2.816 (Simulation time: 00 hr 03 min 18 sec)
Heartbeat CPU 0 instructions: 40000004 cycles: 14198041 heartbeat IPC: 2.82 cumulative IPC: 2.817 (Simulation time: 00 hr 04 min 27 sec)
Heartbeat CPU 0 instructions: 50000003 cycles: 17751291 heartbeat IPC: 2.814 cumulative IPC: 2.817 (Simulation time: 00 hr 05 min 34 sec)
Warmup finished CPU 0 instructions: 50000003 cycles: 17751291 cumulative IPC: 2.817 (Simulation time: 00 hr 05 min 34 sec)
Warmup complete CPU 0 instructions: 50000003 cycles: 17751291 cumulative IPC: 2.817 (Simulation time: 00 hr 05 min 34 sec)
Heartbeat CPU 0 instructions: 60000000 cycles: 26966697 heartbeat IPC: 1.085 cumulative IPC: 1.085 (Simulation time: 00 hr 07 min 10 sec)
Heartbeat CPU 0 instructions: 70000002 cycles: 35964874 heartbeat IPC: 1.111 cumulative IPC: 1.098 (Simulation time: 00 hr 08 min 40 sec)
Heartbeat CPU 0 instructions: 80000001 cycles: 44958967 heartbeat IPC: 1.112 cumulative IPC: 1.103 (Simulation time: 00 hr 10 min 12 sec)
Heartbeat CPU 0 instructions: 90000003 cycles: 53894778 heartbeat IPC: 1.119 cumulative IPC: 1.107 (Simulation time: 00 hr 11 min 43 sec)
Heartbeat CPU 0 instructions: 100000004 cycles: 62876265 heartbeat IPC: 1.113 cumulative IPC: 1.108 (Simulation time: 00 hr 13 min 15 sec)
Heartbeat CPU 0 instructions: 110000000 cycles: 71829285 heartbeat IPC: 1.117 cumulative IPC: 1.11 (Simulation time: 00 hr 14 min 58 sec)
Heartbeat CPU 0 instructions: 120000003 cycles: 80651759 heartbeat IPC: 1.133 cumulative IPC: 1.113 (Simulation time: 00 hr 16 min 39 sec)
Heartbeat CPU 0 instructions: 130000000 cycles: 89740341 heartbeat IPC: 1.1 cumulative IPC: 1.111 (Simulation time: 00 hr 18 min 23 sec)
Heartbeat CPU 0 instructions: 140000003 cycles: 98726950 heartbeat IPC: 1.113 cumulative IPC: 1.111 (Simulation time: 00 hr 20 min 02 sec)
Heartbeat CPU 0 instructions: 150000002 cycles: 108154778 heartbeat IPC: 1.061 cumulative IPC: 1.106 (Simulation time: 00 hr 21 min 40 sec)
Heartbeat CPU 0 instructions: 160000003 cycles: 117204184 heartbeat IPC: 1.105 cumulative IPC: 1.106 (Simulation time: 00 hr 23 min 26 sec)
Heartbeat CPU 0 instructions: 170000001 cycles: 126191326 heartbeat IPC: 1.113 cumulative IPC: 1.107 (Simulation time: 00 hr 25 min 20 sec)
Heartbeat CPU 0 instructions: 180000004 cycles: 135360175 heartbeat IPC: 1.091 cumulative IPC: 1.105 (Simulation time: 00 hr 27 min 02 sec)
Heartbeat CPU 0 instructions: 190000002 cycles: 144223810 heartbeat IPC: 1.128 cumulative IPC: 1.107 (Simulation time: 00 hr 28 min 38 sec)
Heartbeat CPU 0 instructions: 200000001 cycles: 153249767 heartbeat IPC: 1.108 cumulative IPC: 1.107 (Simulation time: 00 hr 30 min 20 sec)
Heartbeat CPU 0 instructions: 210000002 cycles: 162222089 heartbeat IPC: 1.115 cumulative IPC: 1.107 (Simulation time: 00 hr 31 min 52 sec)
Heartbeat CPU 0 instructions: 220000000 cycles: 171268860 heartbeat IPC: 1.105 cumulative IPC: 1.107 (Simulation time: 00 hr 33 min 23 sec)
Heartbeat CPU 0 instructions: 230000002 cycles: 180209481 heartbeat IPC: 1.118 cumulative IPC: 1.108 (Simulation time: 00 hr 34 min 57 sec)
Heartbeat CPU 0 instructions: 240000000 cycles: 189222878 heartbeat IPC: 1.109 cumulative IPC: 1.108 (Simulation time: 00 hr 36 min 32 sec)
Heartbeat CPU 0 instructions: 250000003 cycles: 198265564 heartbeat IPC: 1.106 cumulative IPC: 1.108 (Simulation time: 00 hr 38 min 03 sec)
Simulation finished CPU 0 instructions: 200000000 cycles: 180514273 cumulative IPC: 1.108 (Simulation time: 00 hr 38 min 03 sec)
Simulation complete CPU 0 instructions: 200000000 cycles: 180514273 cumulative IPC: 1.108 (Simulation time: 00 hr 38 min 03 sec)

ChampSim completed all CPUs

=== Simulation ===
CPU 0 runs /home/user/nncpu_campaign/traces/600.perlbench_s-210B.champsimtrace.xz

Region of Interest Statistics

CPU 0 cumulative IPC: 1.108 instructions: 200000000 cycles: 180514273
CPU 0 Branch Prediction Accuracy: 99% MPKI: 1.4 Average ROB Occupancy at Mispredict: 187.5
Branch type MPKI
BRANCH_DIRECT_JUMP: 0.02352
BRANCH_INDIRECT: 0.2892
BRANCH_CONDITIONAL: 1.084
BRANCH_DIRECT_CALL: 0.00093
BRANCH_INDIRECT_CALL: 0.00116
BRANCH_RETURN: 0.00105

cpu0->LLC TOTAL        ACCESS:      11817 HIT:       1260 MISS:      10557 MISS_MERGE:          0
cpu0->LLC LOAD         ACCESS:       8377 HIT:        254 MISS:       8123 MISS_MERGE:          0
cpu0->LLC RFO          ACCESS:        960 HIT:          0 MISS:        960 MISS_MERGE:          0
cpu0->LLC PREFETCH     ACCESS:       1273 HIT:         15 MISS:       1258 MISS_MERGE:          0
cpu0->LLC WRITE        ACCESS:        950 HIT:        950 MISS:          0 MISS_MERGE:          0
cpu0->LLC TRANSLATION  ACCESS:        257 HIT:         41 MISS:        216 MISS_MERGE:          0
cpu0->LLC PREFETCH REQUESTED:          0 ISSUED:          0 USEFUL:          0 USELESS:          0
cpu0->LLC AVERAGE MISS LATENCY: 170.3 cycles
cpu0->cpu0_DTLB TOTAL        ACCESS:   72005051 HIT:   71926436 MISS:      78615 MISS_MERGE:      20551
cpu0->cpu0_DTLB LOAD         ACCESS:   72005051 HIT:   71926436 MISS:      78615 MISS_MERGE:      20551
cpu0->cpu0_DTLB RFO          ACCESS:          0 HIT:          0 MISS:          0 MISS_MERGE:          0
cpu0->cpu0_DTLB PREFETCH     ACCESS:          0 HIT:          0 MISS:          0 MISS_MERGE:          0
cpu0->cpu0_DTLB WRITE        ACCESS:          0 HIT:          0 MISS:          0 MISS_MERGE:          0
cpu0->cpu0_DTLB TRANSLATION  ACCESS:          0 HIT:          0 MISS:          0 MISS_MERGE:          0
cpu0->cpu0_DTLB PREFETCH REQUESTED:          0 ISSUED:          0 USEFUL:          0 USELESS:          0
cpu0->cpu0_DTLB AVERAGE MISS LATENCY: 15.42 cycles
cpu0->cpu0_ITLB TOTAL        ACCESS:   25387042 HIT:   25386237 MISS:        805 MISS_MERGE:        355
cpu0->cpu0_ITLB LOAD         ACCESS:   25387042 HIT:   25386237 MISS:        805 MISS_MERGE:        355
cpu0->cpu0_ITLB RFO          ACCESS:          0 HIT:          0 MISS:          0 MISS_MERGE:          0
cpu0->cpu0_ITLB PREFETCH     ACCESS:          0 HIT:          0 MISS:          0 MISS_MERGE:          0
cpu0->cpu0_ITLB WRITE        ACCESS:          0 HIT:          0 MISS:          0 MISS_MERGE:          0
cpu0->cpu0_ITLB TRANSLATION  ACCESS:          0 HIT:          0 MISS:          0 MISS_MERGE:          0
cpu0->cpu0_ITLB PREFETCH REQUESTED:          0 ISSUED:          0 USEFUL:          0 USELESS:          0
cpu0->cpu0_ITLB AVERAGE MISS LATENCY: 47.15 cycles
cpu0->cpu0_L1D TOTAL        ACCESS:   72086810 HIT:   72067092 MISS:      19718 MISS_MERGE:       9048
cpu0->cpu0_L1D LOAD         ACCESS:   28087956 HIT:   28076609 MISS:      11347 MISS_MERGE:       3506
cpu0->cpu0_L1D RFO          ACCESS:          0 HIT:          0 MISS:          0 MISS_MERGE:          0
cpu0->cpu0_L1D PREFETCH     ACCESS:      80175 HIT:      78538 MISS:       1637 MISS_MERGE:        286
cpu0->cpu0_L1D WRITE        ACCESS:   43917094 HIT:   43910811 MISS:       6283 MISS_MERGE:       5254
cpu0->cpu0_L1D TRANSLATION  ACCESS:       1585 HIT:       1134 MISS:        451 MISS_MERGE:          2
cpu0->cpu0_L1D PREFETCH REQUESTED:     125506 ISSUED:      80175 USEFUL:        716 USELESS:        605
cpu0->cpu0_L1D AVERAGE MISS LATENCY: 180.5 cycles
cpu0->cpu0_L1I TOTAL        ACCESS:   25387042 HIT:   25379918 MISS:       7124 MISS_MERGE:       1599
cpu0->cpu0_L1I LOAD         ACCESS:   25387042 HIT:   25379918 MISS:       7124 MISS_MERGE:       1599
cpu0->cpu0_L1I RFO          ACCESS:          0 HIT:          0 MISS:          0 MISS_MERGE:          0
cpu0->cpu0_L1I PREFETCH     ACCESS:          0 HIT:          0 MISS:          0 MISS_MERGE:          0
cpu0->cpu0_L1I WRITE        ACCESS:          0 HIT:          0 MISS:          0 MISS_MERGE:          0
cpu0->cpu0_L1I TRANSLATION  ACCESS:          0 HIT:          0 MISS:          0 MISS_MERGE:          0
cpu0->cpu0_L1I PREFETCH REQUESTED:          0 ISSUED:          0 USEFUL:          0 USELESS:          0
cpu0->cpu0_L1I AVERAGE MISS LATENCY: 24.15 cycles
cpu0->cpu0_L2C TOTAL        ACCESS:      18024 HIT:       7145 MISS:      10879 MISS_MERGE:          0
cpu0->cpu0_L2C LOAD         ACCESS:      13366 HIT:       4989 MISS:       8377 MISS_MERGE:          0
cpu0->cpu0_L2C RFO          ACCESS:       1029 HIT:         69 MISS:        960 MISS_MERGE:          0
cpu0->cpu0_L2C PREFETCH     ACCESS:       1351 HIT:         78 MISS:       1273 MISS_MERGE:          0
cpu0->cpu0_L2C WRITE        ACCESS:       1829 HIT:       1817 MISS:         12 MISS_MERGE:          0
cpu0->cpu0_L2C TRANSLATION  ACCESS:        449 HIT:        192 MISS:        257 MISS_MERGE:          0
cpu0->cpu0_L2C PREFETCH REQUESTED:          0 ISSUED:          0 USEFUL:          0 USELESS:          0
cpu0->cpu0_L2C AVERAGE MISS LATENCY: 177.8 cycles
cpu0->cpu0_STLB TOTAL        ACCESS:      58514 HIT:      57747 MISS:        767 MISS_MERGE:          0
cpu0->cpu0_STLB LOAD         ACCESS:      58514 HIT:      57747 MISS:        767 MISS_MERGE:          0
cpu0->cpu0_STLB RFO          ACCESS:          0 HIT:          0 MISS:          0 MISS_MERGE:          0
cpu0->cpu0_STLB PREFETCH     ACCESS:          0 HIT:          0 MISS:          0 MISS_MERGE:          0
cpu0->cpu0_STLB WRITE        ACCESS:          0 HIT:          0 MISS:          0 MISS_MERGE:          0
cpu0->cpu0_STLB TRANSLATION  ACCESS:          0 HIT:          0 MISS:          0 MISS_MERGE:          0
cpu0->cpu0_STLB PREFETCH REQUESTED:          0 ISSUED:          0 USEFUL:          0 USELESS:          0
cpu0->cpu0_STLB AVERAGE MISS LATENCY: 889 cycles

DRAM Statistics

Channel 0 RQ ROW_BUFFER_HIT:        121
  ROW_BUFFER_MISS:      10436
  AVG DBUS CONGESTED CYCLE: 2.788
Channel 0 WQ ROW_BUFFER_HIT:          0
  ROW_BUFFER_MISS:          2
  FULL:          0
Channel 0 REFRESHES ISSUED:      15043
NNCPU_REGULARITY roi_decisions=28087956 roi_suppressed=0 roi_issued=80175 gate_enabled=false window=16 support_percent=35 degree=3
