[DEFAULT] LLC: frequency=4000 (inherited from max core frequency)
[DEFAULT] LLC: hit_latency=7, fill_latency=8 (derived from sets=2048, ways=16)
[DEFAULT] LLC: max_tag_bandwidth=4 (derived from sets=2048)
[DEFAULT] LLC: max_fill_bandwidth=4 (derived from sets=2048)
[DEFAULT] LLC: mshr_size=4096 (derived from sets=2048, fill_latency=8, fill_bw=4)
[DEFAULT] cpu0_DTLB: hit_latency=1, fill_latency=1 (derived from sets=16, ways=4)
[DEFAULT] cpu0_DTLB: max_tag_bandwidth=1 (derived from sets=16)
[DEFAULT] cpu0_DTLB: max_fill_bandwidth=1 (derived from sets=16)
[DEFAULT] cpu0_ITLB: hit_latency=1, fill_latency=1 (derived from sets=16, ways=4)
[DEFAULT] cpu0_ITLB: max_tag_bandwidth=1 (derived from sets=16)
[DEFAULT] cpu0_ITLB: max_fill_bandwidth=1 (derived from sets=16)
[DEFAULT] cpu0_ITLB: mshr_size=1 (derived from sets=16, fill_latency=1, fill_bw=1)
[DEFAULT] cpu0_L1D: num_sets=128 (scaled from base=64 x 2 upper levels)
[DEFAULT] cpu0_L1D: hit_latency=2, fill_latency=3 (derived from sets=128, ways=12)
[DEFAULT] cpu0_L1D: max_tag_bandwidth=1 (derived from sets=128)
[DEFAULT] cpu0_L1D: max_fill_bandwidth=1 (derived from sets=128)
[DEFAULT] cpu0_L1D: mshr_size=24 (derived from sets=128, fill_latency=3, fill_bw=1)
[DEFAULT] cpu0_L1I: hit_latency=2, fill_latency=2 (derived from sets=64, ways=8)
[DEFAULT] cpu0_L1I: max_tag_bandwidth=1 (derived from sets=64)
[DEFAULT] cpu0_L1I: max_fill_bandwidth=1 (derived from sets=64)
[DEFAULT] cpu0_L1I: mshr_size=8 (derived from sets=64, fill_latency=2, fill_bw=1)
[DEFAULT] cpu0_L2C: num_sets=1024 (scaled from base=512 x 2 upper levels)
[DEFAULT] cpu0_L2C: hit_latency=4, fill_latency=5 (derived from sets=1024, ways=8)
[DEFAULT] cpu0_L2C: max_tag_bandwidth=2 (derived from sets=1024)
[DEFAULT] cpu0_L2C: max_fill_bandwidth=2 (derived from sets=1024)
[DEFAULT] cpu0_L2C: mshr_size=640 (derived from sets=1024, fill_latency=5, fill_bw=2)
[DEFAULT] cpu0_STLB: num_sets=256 (scaled from base=64 x 3 upper levels)
[DEFAULT] cpu0_STLB: hit_latency=3, fill_latency=4 (derived from sets=256, ways=12)
[DEFAULT] cpu0_STLB: max_tag_bandwidth=1 (derived from sets=256)
[DEFAULT] cpu0_STLB: max_fill_bandwidth=1 (derived from sets=256)
[DEFAULT] cpu0_STLB: mshr_size=64 (derived from sets=256, fill_latency=4, fill_bw=1)
[VMEM] WARNING: physical memory size is smaller than virtual memory size.

*** ChampSim Multicore Out-of-Order Simulator ***
Warmup Instructions: 50000000
Simulation Instructions: 200000000
Number of CPUs: 1
Page size: 4096

Off-chip DRAM Size: 16 GiB Channels: 1 Width: 64-bit Data Rate: 3205 MT/s
Heartbeat CPU 0 instructions: 10000002 cycles: 3236044 heartbeat IPC: 3.09 cumulative IPC: 3.09 (Simulation time: 00 hr 00 min 56 sec)
Heartbeat CPU 0 instructions: 20000001 cycles: 6453701 heartbeat IPC: 3.108 cumulative IPC: 3.099 (Simulation time: 00 hr 01 min 59 sec)
Heartbeat CPU 0 instructions: 30000002 cycles: 9680034 heartbeat IPC: 3.099 cumulative IPC: 3.099 (Simulation time: 00 hr 02 min 51 sec)
Heartbeat CPU 0 instructions: 40000003 cycles: 12923665 heartbeat IPC: 3.083 cumulative IPC: 3.095 (Simulation time: 00 hr 03 min 43 sec)
Heartbeat CPU 0 instructions: 50000002 cycles: 16162065 heartbeat IPC: 3.088 cumulative IPC: 3.094 (Simulation time: 00 hr 04 min 40 sec)
Warmup finished CPU 0 instructions: 50000002 cycles: 16162065 cumulative IPC: 3.094 (Simulation time: 00 hr 04 min 40 sec)
Warmup complete CPU 0 instructions: 50000002 cycles: 16162065 cumulative IPC: 3.094 (Simulation time: 00 hr 04 min 40 sec)
Heartbeat CPU 0 instructions: 60000001 cycles: 27797833 heartbeat IPC: 0.8594 cumulative IPC: 0.8594 (Simulation time: 00 hr 06 min 13 sec)
Heartbeat CPU 0 instructions: 70000000 cycles: 39523396 heartbeat IPC: 0.8528 cumulative IPC: 0.8561 (Simulation time: 00 hr 07 min 48 sec)
Heartbeat CPU 0 instructions: 80000002 cycles: 51353105 heartbeat IPC: 0.8453 cumulative IPC: 0.8525 (Simulation time: 00 hr 09 min 21 sec)
Heartbeat CPU 0 instructions: 90000001 cycles: 63197486 heartbeat IPC: 0.8443 cumulative IPC: 0.8504 (Simulation time: 00 hr 11 min 05 sec)
Heartbeat CPU 0 instructions: 100000000 cycles: 75056090 heartbeat IPC: 0.8433 cumulative IPC: 0.849 (Simulation time: 00 hr 12 min 58 sec)
Heartbeat CPU 0 instructions: 110000000 cycles: 86902864 heartbeat IPC: 0.8441 cumulative IPC: 0.8482 (Simulation time: 00 hr 14 min 45 sec)
Heartbeat CPU 0 instructions: 120000001 cycles: 98757803 heartbeat IPC: 0.8435 cumulative IPC: 0.8475 (Simulation time: 00 hr 16 min 37 sec)
Heartbeat CPU 0 instructions: 130000003 cycles: 110585319 heartbeat IPC: 0.8455 cumulative IPC: 0.8472 (Simulation time: 00 hr 18 min 14 sec)
Heartbeat CPU 0 instructions: 140000000 cycles: 122404823 heartbeat IPC: 0.8461 cumulative IPC: 0.8471 (Simulation time: 00 hr 19 min 56 sec)
Heartbeat CPU 0 instructions: 150000003 cycles: 134238728 heartbeat IPC: 0.845 cumulative IPC: 0.8469 (Simulation time: 00 hr 21 min 34 sec)
Heartbeat CPU 0 instructions: 160000000 cycles: 146066767 heartbeat IPC: 0.8454 cumulative IPC: 0.8468 (Simulation time: 00 hr 23 min 09 sec)
Heartbeat CPU 0 instructions: 170000003 cycles: 157902028 heartbeat IPC: 0.8449 cumulative IPC: 0.8466 (Simulation time: 00 hr 24 min 44 sec)
Heartbeat CPU 0 instructions: 180000002 cycles: 169737186 heartbeat IPC: 0.8449 cumulative IPC: 0.8465 (Simulation time: 00 hr 26 min 17 sec)
Heartbeat CPU 0 instructions: 190000000 cycles: 181583542 heartbeat IPC: 0.8441 cumulative IPC: 0.8463 (Simulation time: 00 hr 28 min 10 sec)
Heartbeat CPU 0 instructions: 200000000 cycles: 193420343 heartbeat IPC: 0.8448 cumulative IPC: 0.8462 (Simulation time: 00 hr 29 min 56 sec)
Heartbeat CPU 0 instructions: 210000003 cycles: 205267728 heartbeat IPC: 0.8441 cumulative IPC: 0.8461 (Simulation time: 00 hr 31 min 39 sec)
Heartbeat CPU 0 instructions: 220000000 cycles: 217118137 heartbeat IPC: 0.8439 cumulative IPC: 0.846 (Simulation time: 00 hr 33 min 18 sec)
Heartbeat CPU 0 instructions: 230000002 cycles: 228954938 heartbeat IPC: 0.8448 cumulative IPC: 0.8459 (Simulation time: 00 hr 35 min 02 sec)
Heartbeat CPU 0 instructions: 240000002 cycles: 240814855 heartbeat IPC: 0.8432 cumulative IPC: 0.8457 (Simulation time: 00 hr 36 min 36 sec)
Heartbeat CPU 0 instructions: 250000002 cycles: 252664859 heartbeat IPC: 0.8439 cumulative IPC: 0.8457 (Simulation time: 00 hr 38 min 17 sec)
Simulation finished CPU 0 instructions: 200000000 cycles: 236502794 cumulative IPC: 0.8457 (Simulation time: 00 hr 38 min 17 sec)
Simulation complete CPU 0 instructions: 200000000 cycles: 236502794 cumulative IPC: 0.8457 (Simulation time: 00 hr 38 min 17 sec)

ChampSim completed all CPUs

=== Simulation ===
CPU 0 runs /home/user/nncpu_campaign/traces/644.nab_s-5853B.champsimtrace.xz

Region of Interest Statistics

CPU 0 cumulative IPC: 0.8457 instructions: 200000000 cycles: 236502794
CPU 0 Branch Prediction Accuracy: 88.56% MPKI: 11.07 Average ROB Occupancy at Mispredict: 69.36
Branch type MPKI
BRANCH_DIRECT_JUMP: 0.000105
BRANCH_INDIRECT: 5e-06
BRANCH_CONDITIONAL: 5.544
BRANCH_DIRECT_CALL: 0
BRANCH_INDIRECT_CALL: 0
BRANCH_RETURN: 5.527

cpu0->LLC TOTAL        ACCESS:      41883 HIT:       2696 MISS:      39187 MISS_MERGE:          0
cpu0->LLC LOAD         ACCESS:      39117 HIT:       1230 MISS:      37887 MISS_MERGE:          0
cpu0->LLC RFO          ACCESS:         43 HIT:         13 MISS:         30 MISS_MERGE:          0
cpu0->LLC PREFETCH     ACCESS:       1203 HIT:        369 MISS:        834 MISS_MERGE:          0
cpu0->LLC WRITE        ACCESS:       1111 HIT:        963 MISS:        148 MISS_MERGE:          0
cpu0->LLC TRANSLATION  ACCESS:        409 HIT:        121 MISS:        288 MISS_MERGE:          0
cpu0->LLC PREFETCH REQUESTED:          0 ISSUED:          0 USEFUL:          0 USELESS:          0
cpu0->LLC AVERAGE MISS LATENCY: 164 cycles
cpu0->cpu0_DTLB TOTAL        ACCESS:   71830416 HIT:   71731032 MISS:      99384 MISS_MERGE:      27148
cpu0->cpu0_DTLB LOAD         ACCESS:   71830416 HIT:   71731032 MISS:      99384 MISS_MERGE:      27148
cpu0->cpu0_DTLB RFO          ACCESS:          0 HIT:          0 MISS:          0 MISS_MERGE:          0
cpu0->cpu0_DTLB PREFETCH     ACCESS:          0 HIT:          0 MISS:          0 MISS_MERGE:          0
cpu0->cpu0_DTLB WRITE        ACCESS:          0 HIT:          0 MISS:          0 MISS_MERGE:          0
cpu0->cpu0_DTLB TRANSLATION  ACCESS:          0 HIT:          0 MISS:          0 MISS_MERGE:          0
cpu0->cpu0_DTLB PREFETCH REQUESTED:          0 ISSUED:          0 USEFUL:          0 USELESS:          0
cpu0->cpu0_DTLB AVERAGE MISS LATENCY: 20.48 cycles
cpu0->cpu0_ITLB TOTAL        ACCESS:       6430 HIT:       6430 MISS:          0 MISS_MERGE:          0
cpu0->cpu0_ITLB LOAD         ACCESS:       6430 HIT:       6430 MISS:          0 MISS_MERGE:          0
cpu0->cpu0_ITLB RFO          ACCESS:          0 HIT:          0 MISS:          0 MISS_MERGE:          0
cpu0->cpu0_ITLB PREFETCH     ACCESS:          0 HIT:          0 MISS:          0 MISS_MERGE:          0
cpu0->cpu0_ITLB WRITE        ACCESS:          0 HIT:          0 MISS:          0 MISS_MERGE:          0
cpu0->cpu0_ITLB TRANSLATION  ACCESS:          0 HIT:          0 MISS:          0 MISS_MERGE:          0
cpu0->cpu0_ITLB PREFETCH REQUESTED:          0 ISSUED:          0 USEFUL:          0 USELESS:          0
cpu0->cpu0_ITLB AVERAGE MISS LATENCY: - cycles
cpu0->cpu0_L1D TOTAL        ACCESS:   71969928 HIT:   71441029 MISS:     528899 MISS_MERGE:     125409
cpu0->cpu0_L1D LOAD         ACCESS:   49157298 HIT:   48664763 MISS:     492535 MISS_MERGE:     121133
cpu0->cpu0_L1D RFO          ACCESS:          0 HIT:          0 MISS:          0 MISS_MERGE:          0
cpu0->cpu0_L1D PREFETCH     ACCESS:     136724 HIT:     106249 MISS:      30475 MISS_MERGE:        936
cpu0->cpu0_L1D WRITE        ACCESS:   22673117 HIT:   22668056 MISS:       5061 MISS_MERGE:       3340
cpu0->cpu0_L1D TRANSLATION  ACCESS:       2789 HIT:       1961 MISS:        828 MISS_MERGE:          0
cpu0->cpu0_L1D PREFETCH REQUESTED:     140828 ISSUED:     136724 USEFUL:      18714 USELESS:      10801
cpu0->cpu0_L1D AVERAGE MISS LATENCY: 25.29 cycles
cpu0->cpu0_L1I TOTAL        ACCESS:       6430 HIT:       6430 MISS:          0 MISS_MERGE:          0
cpu0->cpu0_L1I LOAD         ACCESS:       6430 HIT:       6430 MISS:          0 MISS_MERGE:          0
cpu0->cpu0_L1I RFO          ACCESS:          0 HIT:          0 MISS:          0 MISS_MERGE:          0
cpu0->cpu0_L1I PREFETCH     ACCESS:          0 HIT:          0 MISS:          0 MISS_MERGE:          0
cpu0->cpu0_L1I WRITE        ACCESS:          0 HIT:          0 MISS:          0 MISS_MERGE:          0
cpu0->cpu0_L1I TRANSLATION  ACCESS:          0 HIT:          0 MISS:          0 MISS_MERGE:          0
cpu0->cpu0_L1I PREFETCH REQUESTED:          0 ISSUED:          0 USEFUL:          0 USELESS:          0
cpu0->cpu0_L1I AVERAGE MISS LATENCY: - cycles
cpu0->cpu0_L2C TOTAL        ACCESS:     543994 HIT:     502874 MISS:      41120 MISS_MERGE:          0
cpu0->cpu0_L2C LOAD         ACCESS:     371402 HIT:     332285 MISS:      39117 MISS_MERGE:          0
cpu0->cpu0_L2C RFO          ACCESS:       1721 HIT:       1678 MISS:         43 MISS_MERGE:          0
cpu0->cpu0_L2C PREFETCH     ACCESS:      29539 HIT:      28336 MISS:       1203 MISS_MERGE:          0
cpu0->cpu0_L2C WRITE        ACCESS:     140504 HIT:     140156 MISS:        348 MISS_MERGE:          0
cpu0->cpu0_L2C TRANSLATION  ACCESS:        828 HIT:        419 MISS:        409 MISS_MERGE:          0
cpu0->cpu0_L2C PREFETCH REQUESTED:          0 ISSUED:          0 USEFUL:          0 USELESS:          0
cpu0->cpu0_L2C AVERAGE MISS LATENCY: 170.4 cycles
cpu0->cpu0_STLB TOTAL        ACCESS:      72236 HIT:      70851 MISS:       1385 MISS_MERGE:          0
cpu0->cpu0_STLB LOAD         ACCESS:      72236 HIT:      70851 MISS:       1385 MISS_MERGE:          0
cpu0->cpu0_STLB RFO          ACCESS:          0 HIT:          0 MISS:          0 MISS_MERGE:          0
cpu0->cpu0_STLB PREFETCH     ACCESS:          0 HIT:          0 MISS:          0 MISS_MERGE:          0
cpu0->cpu0_STLB WRITE        ACCESS:          0 HIT:          0 MISS:          0 MISS_MERGE:          0
cpu0->cpu0_STLB TRANSLATION  ACCESS:          0 HIT:          0 MISS:          0 MISS_MERGE:          0
cpu0->cpu0_STLB PREFETCH REQUESTED:          0 ISSUED:          0 USEFUL:          0 USELESS:          0
cpu0->cpu0_STLB AVERAGE MISS LATENCY: 858.5 cycles

DRAM Statistics

Channel 0 RQ ROW_BUFFER_HIT:          4
  ROW_BUFFER_MISS:      39035
  AVG DBUS CONGESTED CYCLE: 4.416
Channel 0 WQ ROW_BUFFER_HIT:          2
  ROW_BUFFER_MISS:        643
  FULL:          0
Channel 0 REFRESHES ISSUED:      19709
