[DEFAULT] LLC: frequency=4000 (inherited from max core frequency)
[DEFAULT] LLC: hit_latency=7, fill_latency=8 (derived from sets=2048, ways=16)
[DEFAULT] LLC: max_tag_bandwidth=4 (derived from sets=2048)
[DEFAULT] LLC: max_fill_bandwidth=4 (derived from sets=2048)
[DEFAULT] LLC: mshr_size=4096 (derived from sets=2048, fill_latency=8, fill_bw=4)
[DEFAULT] cpu0_DTLB: hit_latency=1, fill_latency=1 (derived from sets=16, ways=4)
[DEFAULT] cpu0_DTLB: max_tag_bandwidth=1 (derived from sets=16)
[DEFAULT] cpu0_DTLB: max_fill_bandwidth=1 (derived from sets=16)
[DEFAULT] cpu0_ITLB: hit_latency=1, fill_latency=1 (derived from sets=16, ways=4)
[DEFAULT] cpu0_ITLB: max_tag_bandwidth=1 (derived from sets=16)
[DEFAULT] cpu0_ITLB: max_fill_bandwidth=1 (derived from sets=16)
[DEFAULT] cpu0_ITLB: mshr_size=1 (derived from sets=16, fill_latency=1, fill_bw=1)
[DEFAULT] cpu0_L1D: num_sets=128 (scaled from base=64 x 2 upper levels)
[DEFAULT] cpu0_L1D: hit_latency=2, fill_latency=3 (derived from sets=128, ways=12)
[DEFAULT] cpu0_L1D: max_tag_bandwidth=1 (derived from sets=128)
[DEFAULT] cpu0_L1D: max_fill_bandwidth=1 (derived from sets=128)
[DEFAULT] cpu0_L1D: mshr_size=24 (derived from sets=128, fill_latency=3, fill_bw=1)
[DEFAULT] cpu0_L1I: hit_latency=2, fill_latency=2 (derived from sets=64, ways=8)
[DEFAULT] cpu0_L1I: max_tag_bandwidth=1 (derived from sets=64)
[DEFAULT] cpu0_L1I: max_fill_bandwidth=1 (derived from sets=64)
[DEFAULT] cpu0_L1I: mshr_size=8 (derived from sets=64, fill_latency=2, fill_bw=1)
[DEFAULT] cpu0_L2C: num_sets=1024 (scaled from base=512 x 2 upper levels)
[DEFAULT] cpu0_L2C: hit_latency=4, fill_latency=5 (derived from sets=1024, ways=8)
[DEFAULT] cpu0_L2C: max_tag_bandwidth=2 (derived from sets=1024)
[DEFAULT] cpu0_L2C: max_fill_bandwidth=2 (derived from sets=1024)
[DEFAULT] cpu0_L2C: mshr_size=640 (derived from sets=1024, fill_latency=5, fill_bw=2)
[DEFAULT] cpu0_STLB: num_sets=256 (scaled from base=64 x 3 upper levels)
[DEFAULT] cpu0_STLB: hit_latency=3, fill_latency=4 (derived from sets=256, ways=12)
[DEFAULT] cpu0_STLB: max_tag_bandwidth=1 (derived from sets=256)
[DEFAULT] cpu0_STLB: max_fill_bandwidth=1 (derived from sets=256)
[DEFAULT] cpu0_STLB: mshr_size=64 (derived from sets=256, fill_latency=4, fill_bw=1)
[VMEM] WARNING: physical memory size is smaller than virtual memory size.

*** ChampSim Multicore Out-of-Order Simulator ***
Warmup Instructions: 50000000
Simulation Instructions: 200000000
Number of CPUs: 1
Page size: 4096

Off-chip DRAM Size: 16 GiB Channels: 1 Width: 64-bit Data Rate: 3205 MT/s
Heartbeat CPU 0 instructions: 10000001 cycles: 4743268 heartbeat IPC: 2.108 cumulative IPC: 2.108 (Simulation time: 00 hr 01 min 23 sec)
Heartbeat CPU 0 instructions: 20000000 cycles: 9440602 heartbeat IPC: 2.129 cumulative IPC: 2.119 (Simulation time: 00 hr 03 min 00 sec)
Heartbeat CPU 0 instructions: 30000003 cycles: 14133857 heartbeat IPC: 2.131 cumulative IPC: 2.123 (Simulation time: 00 hr 04 min 20 sec)
Heartbeat CPU 0 instructions: 40000000 cycles: 18826436 heartbeat IPC: 2.131 cumulative IPC: 2.125 (Simulation time: 00 hr 05 min 33 sec)
Heartbeat CPU 0 instructions: 50000000 cycles: 23519045 heartbeat IPC: 2.131 cumulative IPC: 2.126 (Simulation time: 00 hr 06 min 45 sec)
Warmup finished CPU 0 instructions: 50000000 cycles: 23519045 cumulative IPC: 2.126 (Simulation time: 00 hr 06 min 45 sec)
Warmup complete CPU 0 instructions: 50000000 cycles: 23519045 cumulative IPC: 2.126 (Simulation time: 00 hr 06 min 45 sec)
Heartbeat CPU 0 instructions: 60000002 cycles: 37139809 heartbeat IPC: 0.7342 cumulative IPC: 0.7342 (Simulation time: 00 hr 09 min 05 sec)
Heartbeat CPU 0 instructions: 70000002 cycles: 50973823 heartbeat IPC: 0.7229 cumulative IPC: 0.7285 (Simulation time: 00 hr 11 min 37 sec)
Heartbeat CPU 0 instructions: 80000000 cycles: 64778292 heartbeat IPC: 0.7244 cumulative IPC: 0.7271 (Simulation time: 00 hr 14 min 14 sec)
Heartbeat CPU 0 instructions: 90000000 cycles: 78647854 heartbeat IPC: 0.721 cumulative IPC: 0.7256 (Simulation time: 00 hr 16 min 38 sec)
Heartbeat CPU 0 instructions: 100000000 cycles: 92527884 heartbeat IPC: 0.7205 cumulative IPC: 0.7245 (Simulation time: 00 hr 19 min 04 sec)
Heartbeat CPU 0 instructions: 110000004 cycles: 106332535 heartbeat IPC: 0.7244 cumulative IPC: 0.7245 (Simulation time: 00 hr 21 min 26 sec)
Heartbeat CPU 0 instructions: 120000000 cycles: 120154518 heartbeat IPC: 0.7235 cumulative IPC: 0.7244 (Simulation time: 00 hr 24 min 06 sec)
Heartbeat CPU 0 instructions: 130000001 cycles: 134002539 heartbeat IPC: 0.7221 cumulative IPC: 0.7241 (Simulation time: 00 hr 26 min 35 sec)
Heartbeat CPU 0 instructions: 140000002 cycles: 147864675 heartbeat IPC: 0.7214 cumulative IPC: 0.7238 (Simulation time: 00 hr 29 min 17 sec)
Heartbeat CPU 0 instructions: 150000004 cycles: 161551156 heartbeat IPC: 0.7306 cumulative IPC: 0.7245 (Simulation time: 00 hr 31 min 58 sec)
Heartbeat CPU 0 instructions: 160000003 cycles: 174728205 heartbeat IPC: 0.7589 cumulative IPC: 0.7275 (Simulation time: 00 hr 34 min 39 sec)
Heartbeat CPU 0 instructions: 170000000 cycles: 187919798 heartbeat IPC: 0.7581 cumulative IPC: 0.7299 (Simulation time: 00 hr 37 min 36 sec)
Heartbeat CPU 0 instructions: 180000000 cycles: 201102747 heartbeat IPC: 0.7586 cumulative IPC: 0.732 (Simulation time: 00 hr 40 min 26 sec)
Heartbeat CPU 0 instructions: 190000003 cycles: 214274303 heartbeat IPC: 0.7592 cumulative IPC: 0.7339 (Simulation time: 00 hr 42 min 58 sec)
Heartbeat CPU 0 instructions: 200000000 cycles: 227456106 heartbeat IPC: 0.7586 cumulative IPC: 0.7355 (Simulation time: 00 hr 45 min 25 sec)
Heartbeat CPU 0 instructions: 210000002 cycles: 240623226 heartbeat IPC: 0.7595 cumulative IPC: 0.737 (Simulation time: 00 hr 48 min 06 sec)
Heartbeat CPU 0 instructions: 220000000 cycles: 253794710 heartbeat IPC: 0.7592 cumulative IPC: 0.7382 (Simulation time: 00 hr 50 min 43 sec)
Heartbeat CPU 0 instructions: 230000002 cycles: 266912526 heartbeat IPC: 0.7623 cumulative IPC: 0.7395 (Simulation time: 00 hr 53 min 09 sec)
Heartbeat CPU 0 instructions: 240000003 cycles: 280257510 heartbeat IPC: 0.7493 cumulative IPC: 0.7401 (Simulation time: 00 hr 56 min 12 sec)
Heartbeat CPU 0 instructions: 250000001 cycles: 293389485 heartbeat IPC: 0.7615 cumulative IPC: 0.7411 (Simulation time: 00 hr 58 min 51 sec)
Simulation finished CPU 0 instructions: 200000001 cycles: 269870440 cumulative IPC: 0.7411 (Simulation time: 00 hr 58 min 51 sec)
Simulation complete CPU 0 instructions: 200000001 cycles: 269870440 cumulative IPC: 0.7411 (Simulation time: 00 hr 58 min 51 sec)

ChampSim completed all CPUs

=== Simulation ===
CPU 0 runs /home/user/nncpu_campaign/traces/607.cactuBSSN_s-2421B.champsimtrace.xz

Region of Interest Statistics

CPU 0 cumulative IPC: 0.7411 instructions: 200000001 cycles: 269870440
CPU 0 Branch Prediction Accuracy: 98.61% MPKI: 0.01932 Average ROB Occupancy at Mispredict: 178.6
Branch type MPKI
BRANCH_DIRECT_JUMP: 0.00015
BRANCH_INDIRECT: 0.000425
BRANCH_CONDITIONAL: 0.00983
BRANCH_DIRECT_CALL: 0.0031
BRANCH_INDIRECT_CALL: 1.5e-05
BRANCH_RETURN: 0.005805

cpu0->LLC TOTAL        ACCESS:    2856977 HIT:    1320740 MISS:    1536237 MISS_MERGE:          2
cpu0->LLC LOAD         ACCESS:    2463450 HIT:     932537 MISS:    1530913 MISS_MERGE:          0
cpu0->LLC RFO          ACCESS:      91614 HIT:      90504 MISS:       1110 MISS_MERGE:          2
cpu0->LLC PREFETCH     ACCESS:          0 HIT:          0 MISS:          0 MISS_MERGE:          0
cpu0->LLC WRITE        ACCESS:     271589 HIT:     271036 MISS:        553 MISS_MERGE:          0
cpu0->LLC TRANSLATION  ACCESS:      30324 HIT:      26663 MISS:       3661 MISS_MERGE:          0
cpu0->LLC PREFETCH REQUESTED:          0 ISSUED:          0 USEFUL:          0 USELESS:          0
cpu0->LLC AVERAGE MISS LATENCY: 214 cycles
cpu0->cpu0_DTLB TOTAL        ACCESS:   77208062 HIT:   58922385 MISS:   18285677 MISS_MERGE:    3278978
cpu0->cpu0_DTLB LOAD         ACCESS:   77208062 HIT:   58922385 MISS:   18285677 MISS_MERGE:    3278978
cpu0->cpu0_DTLB RFO          ACCESS:          0 HIT:          0 MISS:          0 MISS_MERGE:          0
cpu0->cpu0_DTLB PREFETCH     ACCESS:          0 HIT:          0 MISS:          0 MISS_MERGE:          0
cpu0->cpu0_DTLB WRITE        ACCESS:          0 HIT:          0 MISS:          0 MISS_MERGE:          0
cpu0->cpu0_DTLB TRANSLATION  ACCESS:          0 HIT:          0 MISS:          0 MISS_MERGE:          0
cpu0->cpu0_DTLB PREFETCH REQUESTED:          0 ISSUED:          0 USEFUL:          0 USELESS:          0
cpu0->cpu0_DTLB AVERAGE MISS LATENCY: 4.93 cycles
cpu0->cpu0_ITLB TOTAL        ACCESS:   42186741 HIT:   42186632 MISS:        109 MISS_MERGE:         59
cpu0->cpu0_ITLB LOAD         ACCESS:   42186741 HIT:   42186632 MISS:        109 MISS_MERGE:         59
cpu0->cpu0_ITLB RFO          ACCESS:          0 HIT:          0 MISS:          0 MISS_MERGE:          0
cpu0->cpu0_ITLB PREFETCH     ACCESS:          0 HIT:          0 MISS:          0 MISS_MERGE:          0
cpu0->cpu0_ITLB WRITE        ACCESS:          0 HIT:          0 MISS:          0 MISS_MERGE:          0
cpu0->cpu0_ITLB TRANSLATION  ACCESS:          0 HIT:          0 MISS:          0 MISS_MERGE:          0
cpu0->cpu0_ITLB PREFETCH REQUESTED:          0 ISSUED:          0 USEFUL:          0 USELESS:          0
cpu0->cpu0_ITLB AVERAGE MISS LATENCY: 941.3 cycles
cpu0->cpu0_L1D TOTAL        ACCESS:   77270820 HIT:   51137325 MISS:   26133495 MISS_MERGE:    6041942
cpu0->cpu0_L1D LOAD         ACCESS:   54422966 HIT:   29923567 MISS:   24499399 MISS_MERGE:    5988281
cpu0->cpu0_L1D RFO          ACCESS:          0 HIT:          0 MISS:          0 MISS_MERGE:          0
cpu0->cpu0_L1D PREFETCH     ACCESS:          0 HIT:          0 MISS:          0 MISS_MERGE:          0
cpu0->cpu0_L1D WRITE        ACCESS:   22785113 HIT:   21187740 MISS:    1597373 MISS_MERGE:      53561
cpu0->cpu0_L1D TRANSLATION  ACCESS:      62741 HIT:      26018 MISS:      36723 MISS_MERGE:        100
cpu0->cpu0_L1D PREFETCH REQUESTED:          0 ISSUED:          0 USEFUL:          0 USELESS:          0
cpu0->cpu0_L1D AVERAGE MISS LATENCY: 25.11 cycles
cpu0->cpu0_L1I TOTAL        ACCESS:   42186740 HIT:   42093992 MISS:      92748 MISS_MERGE:      43091
cpu0->cpu0_L1I LOAD         ACCESS:   42186740 HIT:   42093992 MISS:      92748 MISS_MERGE:      43091
cpu0->cpu0_L1I RFO          ACCESS:          0 HIT:          0 MISS:          0 MISS_MERGE:          0
cpu0->cpu0_L1I PREFETCH     ACCESS:          0 HIT:          0 MISS:          0 MISS_MERGE:          0
cpu0->cpu0_L1I WRITE        ACCESS:          0 HIT:          0 MISS:          0 MISS_MERGE:          0
cpu0->cpu0_L1I TRANSLATION  ACCESS:          0 HIT:          0 MISS:          0 MISS_MERGE:          0
cpu0->cpu0_L1I PREFETCH REQUESTED:          0 ISSUED:          0 USEFUL:          0 USELESS:          0
cpu0->cpu0_L1I AVERAGE MISS LATENCY: 9.308 cycles
cpu0->cpu0_L2C TOTAL        ACCESS:   21833172 HIT:   19246066 MISS:    2587106 MISS_MERGE:          1
cpu0->cpu0_L2C LOAD         ACCESS:   18560775 HIT:   16097324 MISS:    2463451 MISS_MERGE:          1
cpu0->cpu0_L2C RFO          ACCESS:    1543812 HIT:    1452198 MISS:      91614 MISS_MERGE:          0
cpu0->cpu0_L2C PREFETCH     ACCESS:          0 HIT:          0 MISS:          0 MISS_MERGE:          0
cpu0->cpu0_L2C WRITE        ACCESS:    1691962 HIT:    1690245 MISS:       1717 MISS_MERGE:          0
cpu0->cpu0_L2C TRANSLATION  ACCESS:      36623 HIT:       6299 MISS:      30324 MISS_MERGE:          0
cpu0->cpu0_L2C PREFETCH REQUESTED:          0 ISSUED:          0 USEFUL:          0 USELESS:          0
cpu0->cpu0_L2C AVERAGE MISS LATENCY: 139.7 cycles
cpu0->cpu0_STLB TOTAL        ACCESS:   15006749 HIT:   14982205 MISS:      24544 MISS_MERGE:          0
cpu0->cpu0_STLB LOAD         ACCESS:   15006749 HIT:   14982205 MISS:      24544 MISS_MERGE:          0
cpu0->cpu0_STLB RFO          ACCESS:          0 HIT:          0 MISS:          0 MISS_MERGE:          0
cpu0->cpu0_STLB PREFETCH     ACCESS:          0 HIT:          0 MISS:          0 MISS_MERGE:          0
cpu0->cpu0_STLB WRITE        ACCESS:          0 HIT:          0 MISS:          0 MISS_MERGE:          0
cpu0->cpu0_STLB TRANSLATION  ACCESS:          0 HIT:          0 MISS:          0 MISS_MERGE:          0
cpu0->cpu0_STLB PREFETCH REQUESTED:          0 ISSUED:          0 USEFUL:          0 USELESS:          0
cpu0->cpu0_STLB AVERAGE MISS LATENCY: 569.6 cycles

DRAM Statistics

Channel 0 RQ ROW_BUFFER_HIT:         92
  ROW_BUFFER_MISS:    1535590
  AVG DBUS CONGESTED CYCLE: 6.468
Channel 0 WQ ROW_BUFFER_HIT:      43892
  ROW_BUFFER_MISS:     149887
  FULL:          0
Channel 0 REFRESHES ISSUED:      22490
