[DEFAULT] LLC: frequency=4000 (inherited from max core frequency)
[DEFAULT] LLC: hit_latency=7, fill_latency=8 (derived from sets=2048, ways=16)
[DEFAULT] LLC: max_tag_bandwidth=4 (derived from sets=2048)
[DEFAULT] LLC: max_fill_bandwidth=4 (derived from sets=2048)
[DEFAULT] LLC: mshr_size=4096 (derived from sets=2048, fill_latency=8, fill_bw=4)
[DEFAULT] cpu0_DTLB: hit_latency=1, fill_latency=1 (derived from sets=16, ways=4)
[DEFAULT] cpu0_DTLB: max_tag_bandwidth=1 (derived from sets=16)
[DEFAULT] cpu0_DTLB: max_fill_bandwidth=1 (derived from sets=16)
[DEFAULT] cpu0_ITLB: hit_latency=1, fill_latency=1 (derived from sets=16, ways=4)
[DEFAULT] cpu0_ITLB: max_tag_bandwidth=1 (derived from sets=16)
[DEFAULT] cpu0_ITLB: max_fill_bandwidth=1 (derived from sets=16)
[DEFAULT] cpu0_ITLB: mshr_size=1 (derived from sets=16, fill_latency=1, fill_bw=1)
[DEFAULT] cpu0_L1D: num_sets=128 (scaled from base=64 x 2 upper levels)
[DEFAULT] cpu0_L1D: hit_latency=2, fill_latency=3 (derived from sets=128, ways=12)
[DEFAULT] cpu0_L1D: max_tag_bandwidth=1 (derived from sets=128)
[DEFAULT] cpu0_L1D: max_fill_bandwidth=1 (derived from sets=128)
[DEFAULT] cpu0_L1D: mshr_size=24 (derived from sets=128, fill_latency=3, fill_bw=1)
[DEFAULT] cpu0_L1I: hit_latency=2, fill_latency=2 (derived from sets=64, ways=8)
[DEFAULT] cpu0_L1I: max_tag_bandwidth=1 (derived from sets=64)
[DEFAULT] cpu0_L1I: max_fill_bandwidth=1 (derived from sets=64)
[DEFAULT] cpu0_L1I: mshr_size=8 (derived from sets=64, fill_latency=2, fill_bw=1)
[DEFAULT] cpu0_L2C: num_sets=1024 (scaled from base=512 x 2 upper levels)
[DEFAULT] cpu0_L2C: hit_latency=4, fill_latency=5 (derived from sets=1024, ways=8)
[DEFAULT] cpu0_L2C: max_tag_bandwidth=2 (derived from sets=1024)
[DEFAULT] cpu0_L2C: max_fill_bandwidth=2 (derived from sets=1024)
[DEFAULT] cpu0_L2C: mshr_size=640 (derived from sets=1024, fill_latency=5, fill_bw=2)
[DEFAULT] cpu0_STLB: num_sets=256 (scaled from base=64 x 3 upper levels)
[DEFAULT] cpu0_STLB: hit_latency=3, fill_latency=4 (derived from sets=256, ways=12)
[DEFAULT] cpu0_STLB: max_tag_bandwidth=1 (derived from sets=256)
[DEFAULT] cpu0_STLB: max_fill_bandwidth=1 (derived from sets=256)
[DEFAULT] cpu0_STLB: mshr_size=64 (derived from sets=256, fill_latency=4, fill_bw=1)
[VMEM] WARNING: physical memory size is smaller than virtual memory size.

*** ChampSim Multicore Out-of-Order Simulator ***
Warmup Instructions: 50000000
Simulation Instructions: 200000000
Number of CPUs: 1
Page size: 4096

Off-chip DRAM Size: 16 GiB Channels: 1 Width: 64-bit Data Rate: 3205 MT/s
Heartbeat CPU 0 instructions: 10000001 cycles: 4743268 heartbeat IPC: 2.108 cumulative IPC: 2.108 (Simulation time: 00 hr 01 min 24 sec)
Heartbeat CPU 0 instructions: 20000000 cycles: 9440602 heartbeat IPC: 2.129 cumulative IPC: 2.119 (Simulation time: 00 hr 02 min 42 sec)
Heartbeat CPU 0 instructions: 30000003 cycles: 14133857 heartbeat IPC: 2.131 cumulative IPC: 2.123 (Simulation time: 00 hr 03 min 59 sec)
Heartbeat CPU 0 instructions: 40000000 cycles: 18826436 heartbeat IPC: 2.131 cumulative IPC: 2.125 (Simulation time: 00 hr 05 min 15 sec)
Heartbeat CPU 0 instructions: 50000000 cycles: 23519045 heartbeat IPC: 2.131 cumulative IPC: 2.126 (Simulation time: 00 hr 06 min 27 sec)
Warmup finished CPU 0 instructions: 50000000 cycles: 23519045 cumulative IPC: 2.126 (Simulation time: 00 hr 06 min 27 sec)
Warmup complete CPU 0 instructions: 50000000 cycles: 23519045 cumulative IPC: 2.126 (Simulation time: 00 hr 06 min 27 sec)
Heartbeat CPU 0 instructions: 60000002 cycles: 37127354 heartbeat IPC: 0.7348 cumulative IPC: 0.7348 (Simulation time: 00 hr 08 min 48 sec)
Heartbeat CPU 0 instructions: 70000002 cycles: 50956458 heartbeat IPC: 0.7231 cumulative IPC: 0.7289 (Simulation time: 00 hr 11 min 17 sec)
Heartbeat CPU 0 instructions: 80000000 cycles: 64753246 heartbeat IPC: 0.7248 cumulative IPC: 0.7276 (Simulation time: 00 hr 13 min 47 sec)
Heartbeat CPU 0 instructions: 90000000 cycles: 78620028 heartbeat IPC: 0.7211 cumulative IPC: 0.7259 (Simulation time: 00 hr 16 min 16 sec)
Heartbeat CPU 0 instructions: 100000000 cycles: 92491883 heartbeat IPC: 0.7209 cumulative IPC: 0.7249 (Simulation time: 00 hr 18 min 59 sec)
Heartbeat CPU 0 instructions: 110000004 cycles: 106296535 heartbeat IPC: 0.7244 cumulative IPC: 0.7248 (Simulation time: 00 hr 21 min 38 sec)
Heartbeat CPU 0 instructions: 120000000 cycles: 120125486 heartbeat IPC: 0.7231 cumulative IPC: 0.7246 (Simulation time: 00 hr 24 min 20 sec)
Heartbeat CPU 0 instructions: 130000001 cycles: 133966539 heartbeat IPC: 0.7225 cumulative IPC: 0.7243 (Simulation time: 00 hr 26 min 47 sec)
Heartbeat CPU 0 instructions: 140000002 cycles: 147835388 heartbeat IPC: 0.721 cumulative IPC: 0.724 (Simulation time: 00 hr 29 min 35 sec)
Heartbeat CPU 0 instructions: 150000004 cycles: 161529226 heartbeat IPC: 0.7303 cumulative IPC: 0.7246 (Simulation time: 00 hr 32 min 18 sec)
Heartbeat CPU 0 instructions: 160000003 cycles: 174704136 heartbeat IPC: 0.759 cumulative IPC: 0.7276 (Simulation time: 00 hr 35 min 15 sec)
Heartbeat CPU 0 instructions: 170000000 cycles: 187895613 heartbeat IPC: 0.7581 cumulative IPC: 0.73 (Simulation time: 00 hr 37 min 48 sec)
Heartbeat CPU 0 instructions: 180000000 cycles: 201078497 heartbeat IPC: 0.7586 cumulative IPC: 0.7321 (Simulation time: 00 hr 40 min 14 sec)
Heartbeat CPU 0 instructions: 190000003 cycles: 214245269 heartbeat IPC: 0.7595 cumulative IPC: 0.734 (Simulation time: 00 hr 42 min 37 sec)
Heartbeat CPU 0 instructions: 200000000 cycles: 227427636 heartbeat IPC: 0.7586 cumulative IPC: 0.7356 (Simulation time: 00 hr 45 min 09 sec)
Heartbeat CPU 0 instructions: 210000002 cycles: 240594558 heartbeat IPC: 0.7595 cumulative IPC: 0.7371 (Simulation time: 00 hr 47 min 49 sec)
Heartbeat CPU 0 instructions: 220000000 cycles: 253763704 heartbeat IPC: 0.7594 cumulative IPC: 0.7383 (Simulation time: 00 hr 50 min 28 sec)
Heartbeat CPU 0 instructions: 230000002 cycles: 266880131 heartbeat IPC: 0.7624 cumulative IPC: 0.7396 (Simulation time: 00 hr 52 min 56 sec)
Heartbeat CPU 0 instructions: 240000003 cycles: 280232797 heartbeat IPC: 0.7489 cumulative IPC: 0.7401 (Simulation time: 00 hr 55 min 39 sec)
Heartbeat CPU 0 instructions: 250000001 cycles: 293361737 heartbeat IPC: 0.7617 cumulative IPC: 0.7412 (Simulation time: 00 hr 58 min 09 sec)
Simulation finished CPU 0 instructions: 200000001 cycles: 269842692 cumulative IPC: 0.7412 (Simulation time: 00 hr 58 min 09 sec)
Simulation complete CPU 0 instructions: 200000001 cycles: 269842692 cumulative IPC: 0.7412 (Simulation time: 00 hr 58 min 09 sec)

ChampSim completed all CPUs

=== Simulation ===
CPU 0 runs /home/user/nncpu_campaign/traces/607.cactuBSSN_s-2421B.champsimtrace.xz

Region of Interest Statistics

CPU 0 cumulative IPC: 0.7412 instructions: 200000001 cycles: 269842692
CPU 0 Branch Prediction Accuracy: 98.61% MPKI: 0.01932 Average ROB Occupancy at Mispredict: 178.6
Branch type MPKI
BRANCH_DIRECT_JUMP: 0.00015
BRANCH_INDIRECT: 0.000425
BRANCH_CONDITIONAL: 0.00983
BRANCH_DIRECT_CALL: 0.0031
BRANCH_INDIRECT_CALL: 1.5e-05
BRANCH_RETURN: 0.005805

cpu0->LLC TOTAL        ACCESS:    2862269 HIT:    1326265 MISS:    1536004 MISS_MERGE:          2
cpu0->LLC LOAD         ACCESS:    2466591 HIT:     935957 MISS:    1530634 MISS_MERGE:          0
cpu0->LLC RFO          ACCESS:      92705 HIT:      91595 MISS:       1110 MISS_MERGE:          2
cpu0->LLC PREFETCH     ACCESS:         26 HIT:          0 MISS:         26 MISS_MERGE:          0
cpu0->LLC WRITE        ACCESS:     272604 HIT:     272047 MISS:        557 MISS_MERGE:          0
cpu0->LLC TRANSLATION  ACCESS:      30343 HIT:      26666 MISS:       3677 MISS_MERGE:          0
cpu0->LLC PREFETCH REQUESTED:          0 ISSUED:          0 USEFUL:          0 USELESS:          0
cpu0->LLC AVERAGE MISS LATENCY: 213.8 cycles
cpu0->cpu0_DTLB TOTAL        ACCESS:   77208048 HIT:   58920594 MISS:   18287454 MISS_MERGE:    3280745
cpu0->cpu0_DTLB LOAD         ACCESS:   77208048 HIT:   58920594 MISS:   18287454 MISS_MERGE:    3280745
cpu0->cpu0_DTLB RFO          ACCESS:          0 HIT:          0 MISS:          0 MISS_MERGE:          0
cpu0->cpu0_DTLB PREFETCH     ACCESS:          0 HIT:          0 MISS:          0 MISS_MERGE:          0
cpu0->cpu0_DTLB WRITE        ACCESS:          0 HIT:          0 MISS:          0 MISS_MERGE:          0
cpu0->cpu0_DTLB TRANSLATION  ACCESS:          0 HIT:          0 MISS:          0 MISS_MERGE:          0
cpu0->cpu0_DTLB PREFETCH REQUESTED:          0 ISSUED:          0 USEFUL:          0 USELESS:          0
cpu0->cpu0_DTLB AVERAGE MISS LATENCY: 4.931 cycles
cpu0->cpu0_ITLB TOTAL        ACCESS:   42183379 HIT:   42183270 MISS:        109 MISS_MERGE:         59
cpu0->cpu0_ITLB LOAD         ACCESS:   42183379 HIT:   42183270 MISS:        109 MISS_MERGE:         59
cpu0->cpu0_ITLB RFO          ACCESS:          0 HIT:          0 MISS:          0 MISS_MERGE:          0
cpu0->cpu0_ITLB PREFETCH     ACCESS:          0 HIT:          0 MISS:          0 MISS_MERGE:          0
cpu0->cpu0_ITLB WRITE        ACCESS:          0 HIT:          0 MISS:          0 MISS_MERGE:          0
cpu0->cpu0_ITLB TRANSLATION  ACCESS:          0 HIT:          0 MISS:          0 MISS_MERGE:          0
cpu0->cpu0_ITLB PREFETCH REQUESTED:          0 ISSUED:          0 USEFUL:          0 USELESS:          0
cpu0->cpu0_ITLB AVERAGE MISS LATENCY: 940.2 cycles
cpu0->cpu0_L1D TOTAL        ACCESS:   77272183 HIT:   51137523 MISS:   26134660 MISS_MERGE:    6044288
cpu0->cpu0_L1D LOAD         ACCESS:   54422953 HIT:   29922110 MISS:   24500843 MISS_MERGE:    5990838
cpu0->cpu0_L1D RFO          ACCESS:          0 HIT:          0 MISS:          0 MISS_MERGE:          0
cpu0->cpu0_L1D PREFETCH     ACCESS:       1380 HIT:       1351 MISS:         29 MISS_MERGE:          3
cpu0->cpu0_L1D WRITE        ACCESS:   22785113 HIT:   21188058 MISS:    1597055 MISS_MERGE:      53344
cpu0->cpu0_L1D TRANSLATION  ACCESS:      62737 HIT:      26004 MISS:      36733 MISS_MERGE:        103
cpu0->cpu0_L1D PREFETCH REQUESTED:       1390 ISSUED:       1380 USEFUL:         12 USELESS:         14
cpu0->cpu0_L1D AVERAGE MISS LATENCY: 25.1 cycles
cpu0->cpu0_L1I TOTAL        ACCESS:   42183378 HIT:   42090624 MISS:      92754 MISS_MERGE:      43097
cpu0->cpu0_L1I LOAD         ACCESS:   42183378 HIT:   42090624 MISS:      92754 MISS_MERGE:      43097
cpu0->cpu0_L1I RFO          ACCESS:          0 HIT:          0 MISS:          0 MISS_MERGE:          0
cpu0->cpu0_L1I PREFETCH     ACCESS:          0 HIT:          0 MISS:          0 MISS_MERGE:          0
cpu0->cpu0_L1I WRITE        ACCESS:          0 HIT:          0 MISS:          0 MISS_MERGE:          0
cpu0->cpu0_L1I TRANSLATION  ACCESS:          0 HIT:          0 MISS:          0 MISS_MERGE:          0
cpu0->cpu0_L1I PREFETCH REQUESTED:          0 ISSUED:          0 USEFUL:          0 USELESS:          0
cpu0->cpu0_L1I AVERAGE MISS LATENCY: 9.242 cycles
cpu0->cpu0_L2C TOTAL        ACCESS:   21831909 HIT:   19240512 MISS:    2591397 MISS_MERGE:          1
cpu0->cpu0_L2C LOAD         ACCESS:   18559662 HIT:   16093070 MISS:    2466592 MISS_MERGE:          1
cpu0->cpu0_L2C RFO          ACCESS:    1543711 HIT:    1451006 MISS:      92705 MISS_MERGE:          0
cpu0->cpu0_L2C PREFETCH     ACCESS:         26 HIT:          0 MISS:         26 MISS_MERGE:          0
cpu0->cpu0_L2C WRITE        ACCESS:    1691880 HIT:    1690149 MISS:       1731 MISS_MERGE:          0
cpu0->cpu0_L2C TRANSLATION  ACCESS:      36630 HIT:       6287 MISS:      30343 MISS_MERGE:          0
cpu0->cpu0_L2C PREFETCH REQUESTED:          0 ISSUED:          0 USEFUL:          0 USELESS:          0
cpu0->cpu0_L2C AVERAGE MISS LATENCY: 139.3 cycles
cpu0->cpu0_STLB TOTAL        ACCESS:   15006759 HIT:   14982215 MISS:      24544 MISS_MERGE:          0
cpu0->cpu0_STLB LOAD         ACCESS:   15006759 HIT:   14982215 MISS:      24544 MISS_MERGE:          0
cpu0->cpu0_STLB RFO          ACCESS:          0 HIT:          0 MISS:          0 MISS_MERGE:          0
cpu0->cpu0_STLB PREFETCH     ACCESS:          0 HIT:          0 MISS:          0 MISS_MERGE:          0
cpu0->cpu0_STLB WRITE        ACCESS:          0 HIT:          0 MISS:          0 MISS_MERGE:          0
cpu0->cpu0_STLB TRANSLATION  ACCESS:          0 HIT:          0 MISS:          0 MISS_MERGE:          0
cpu0->cpu0_STLB PREFETCH REQUESTED:          0 ISSUED:          0 USEFUL:          0 USELESS:          0
cpu0->cpu0_STLB AVERAGE MISS LATENCY: 570 cycles

DRAM Statistics

Channel 0 RQ ROW_BUFFER_HIT:         82
  ROW_BUFFER_MISS:    1535363
  AVG DBUS CONGESTED CYCLE: 6.477
Channel 0 WQ ROW_BUFFER_HIT:      43929
  ROW_BUFFER_MISS:     149855
  FULL:          0
Channel 0 REFRESHES ISSUED:      22487
NNCPU_REGULARITY roi_decisions=55202389 roi_suppressed=0 roi_issued=1380 gate_enabled=false window=16 support_percent=35 degree=3
