[DEFAULT] LLC: frequency=4000 (inherited from max core frequency)
[DEFAULT] LLC: hit_latency=7, fill_latency=8 (derived from sets=2048, ways=16)
[DEFAULT] LLC: max_tag_bandwidth=4 (derived from sets=2048)
[DEFAULT] LLC: max_fill_bandwidth=4 (derived from sets=2048)
[DEFAULT] LLC: mshr_size=4096 (derived from sets=2048, fill_latency=8, fill_bw=4)
[DEFAULT] cpu0_DTLB: hit_latency=1, fill_latency=1 (derived from sets=16, ways=4)
[DEFAULT] cpu0_DTLB: max_tag_bandwidth=1 (derived from sets=16)
[DEFAULT] cpu0_DTLB: max_fill_bandwidth=1 (derived from sets=16)
[DEFAULT] cpu0_ITLB: hit_latency=1, fill_latency=1 (derived from sets=16, ways=4)
[DEFAULT] cpu0_ITLB: max_tag_bandwidth=1 (derived from sets=16)
[DEFAULT] cpu0_ITLB: max_fill_bandwidth=1 (derived from sets=16)
[DEFAULT] cpu0_ITLB: mshr_size=1 (derived from sets=16, fill_latency=1, fill_bw=1)
[DEFAULT] cpu0_L1D: num_sets=128 (scaled from base=64 x 2 upper levels)
[DEFAULT] cpu0_L1D: hit_latency=2, fill_latency=3 (derived from sets=128, ways=12)
[DEFAULT] cpu0_L1D: max_tag_bandwidth=1 (derived from sets=128)
[DEFAULT] cpu0_L1D: max_fill_bandwidth=1 (derived from sets=128)
[DEFAULT] cpu0_L1D: mshr_size=24 (derived from sets=128, fill_latency=3, fill_bw=1)
[DEFAULT] cpu0_L1I: hit_latency=2, fill_latency=2 (derived from sets=64, ways=8)
[DEFAULT] cpu0_L1I: max_tag_bandwidth=1 (derived from sets=64)
[DEFAULT] cpu0_L1I: max_fill_bandwidth=1 (derived from sets=64)
[DEFAULT] cpu0_L1I: mshr_size=8 (derived from sets=64, fill_latency=2, fill_bw=1)
[DEFAULT] cpu0_L2C: num_sets=1024 (scaled from base=512 x 2 upper levels)
[DEFAULT] cpu0_L2C: hit_latency=4, fill_latency=5 (derived from sets=1024, ways=8)
[DEFAULT] cpu0_L2C: max_tag_bandwidth=2 (derived from sets=1024)
[DEFAULT] cpu0_L2C: max_fill_bandwidth=2 (derived from sets=1024)
[DEFAULT] cpu0_L2C: mshr_size=640 (derived from sets=1024, fill_latency=5, fill_bw=2)
[DEFAULT] cpu0_STLB: num_sets=256 (scaled from base=64 x 3 upper levels)
[DEFAULT] cpu0_STLB: hit_latency=3, fill_latency=4 (derived from sets=256, ways=12)
[DEFAULT] cpu0_STLB: max_tag_bandwidth=1 (derived from sets=256)
[DEFAULT] cpu0_STLB: max_fill_bandwidth=1 (derived from sets=256)
[DEFAULT] cpu0_STLB: mshr_size=64 (derived from sets=256, fill_latency=4, fill_bw=1)
[VMEM] WARNING: physical memory size is smaller than virtual memory size.

*** ChampSim Multicore Out-of-Order Simulator ***
Warmup Instructions: 50000000
Simulation Instructions: 200000000
Number of CPUs: 1
Page size: 4096

Off-chip DRAM Size: 16 GiB Channels: 1 Width: 64-bit Data Rate: 3205 MT/s
Heartbeat CPU 0 instructions: 10000000 cycles: 5196860 heartbeat IPC: 1.924 cumulative IPC: 1.924 (Simulation time: 00 hr 01 min 08 sec)
Heartbeat CPU 0 instructions: 20000003 cycles: 10360523 heartbeat IPC: 1.937 cumulative IPC: 1.93 (Simulation time: 00 hr 02 min 32 sec)
Heartbeat CPU 0 instructions: 30000002 cycles: 15524857 heartbeat IPC: 1.936 cumulative IPC: 1.932 (Simulation time: 00 hr 03 min 57 sec)
Heartbeat CPU 0 instructions: 40000001 cycles: 20686986 heartbeat IPC: 1.937 cumulative IPC: 1.934 (Simulation time: 00 hr 05 min 21 sec)
Heartbeat CPU 0 instructions: 50000002 cycles: 25852940 heartbeat IPC: 1.936 cumulative IPC: 1.934 (Simulation time: 00 hr 06 min 34 sec)
Warmup finished CPU 0 instructions: 50000002 cycles: 25852940 cumulative IPC: 1.934 (Simulation time: 00 hr 06 min 34 sec)
Warmup complete CPU 0 instructions: 50000002 cycles: 25852940 cumulative IPC: 1.934 (Simulation time: 00 hr 06 min 34 sec)
Heartbeat CPU 0 instructions: 60000004 cycles: 53459227 heartbeat IPC: 0.3622 cumulative IPC: 0.3622 (Simulation time: 00 hr 11 min 26 sec)
Heartbeat CPU 0 instructions: 70000002 cycles: 81133236 heartbeat IPC: 0.3613 cumulative IPC: 0.3618 (Simulation time: 00 hr 16 min 30 sec)
Heartbeat CPU 0 instructions: 80000003 cycles: 108841730 heartbeat IPC: 0.3609 cumulative IPC: 0.3615 (Simulation time: 00 hr 21 min 19 sec)
Heartbeat CPU 0 instructions: 90000001 cycles: 136553740 heartbeat IPC: 0.3609 cumulative IPC: 0.3613 (Simulation time: 00 hr 26 min 06 sec)
Heartbeat CPU 0 instructions: 100000002 cycles: 164208676 heartbeat IPC: 0.3616 cumulative IPC: 0.3614 (Simulation time: 00 hr 30 min 30 sec)
Heartbeat CPU 0 instructions: 110000001 cycles: 191957051 heartbeat IPC: 0.3604 cumulative IPC: 0.3612 (Simulation time: 00 hr 34 min 52 sec)
Heartbeat CPU 0 instructions: 120000002 cycles: 219703396 heartbeat IPC: 0.3604 cumulative IPC: 0.3611 (Simulation time: 00 hr 39 min 29 sec)
Heartbeat CPU 0 instructions: 130000000 cycles: 247345492 heartbeat IPC: 0.3618 cumulative IPC: 0.3612 (Simulation time: 00 hr 44 min 22 sec)
Heartbeat CPU 0 instructions: 140000002 cycles: 275062238 heartbeat IPC: 0.3608 cumulative IPC: 0.3611 (Simulation time: 00 hr 49 min 42 sec)
Heartbeat CPU 0 instructions: 150000004 cycles: 302768791 heartbeat IPC: 0.3609 cumulative IPC: 0.3611 (Simulation time: 00 hr 54 min 46 sec)
Heartbeat CPU 0 instructions: 160000003 cycles: 330447763 heartbeat IPC: 0.3613 cumulative IPC: 0.3611 (Simulation time: 00 hr 59 min 29 sec)
Heartbeat CPU 0 instructions: 170000002 cycles: 358157296 heartbeat IPC: 0.3609 cumulative IPC: 0.3611 (Simulation time: 01 hr 04 min 22 sec)
Heartbeat CPU 0 instructions: 180000001 cycles: 385773448 heartbeat IPC: 0.3621 cumulative IPC: 0.3612 (Simulation time: 01 hr 08 min 44 sec)
Heartbeat CPU 0 instructions: 190000001 cycles: 413540090 heartbeat IPC: 0.3601 cumulative IPC: 0.3611 (Simulation time: 01 hr 13 min 39 sec)
Heartbeat CPU 0 instructions: 200000000 cycles: 441180951 heartbeat IPC: 0.3618 cumulative IPC: 0.3612 (Simulation time: 01 hr 18 min 16 sec)
Heartbeat CPU 0 instructions: 210000000 cycles: 468902083 heartbeat IPC: 0.3607 cumulative IPC: 0.3611 (Simulation time: 01 hr 22 min 59 sec)
Heartbeat CPU 0 instructions: 220000002 cycles: 496578551 heartbeat IPC: 0.3613 cumulative IPC: 0.3611 (Simulation time: 01 hr 27 min 54 sec)
Heartbeat CPU 0 instructions: 230000003 cycles: 524197515 heartbeat IPC: 0.3621 cumulative IPC: 0.3612 (Simulation time: 01 hr 32 min 28 sec)
Heartbeat CPU 0 instructions: 240000001 cycles: 551892266 heartbeat IPC: 0.3611 cumulative IPC: 0.3612 (Simulation time: 01 hr 37 min 19 sec)
Heartbeat CPU 0 instructions: 250000002 cycles: 579545394 heartbeat IPC: 0.3616 cumulative IPC: 0.3612 (Simulation time: 01 hr 42 min 20 sec)
Simulation finished CPU 0 instructions: 200000000 cycles: 553692454 cumulative IPC: 0.3612 (Simulation time: 01 hr 42 min 20 sec)
Simulation complete CPU 0 instructions: 200000000 cycles: 553692454 cumulative IPC: 0.3612 (Simulation time: 01 hr 42 min 20 sec)

ChampSim completed all CPUs

=== Simulation ===
CPU 0 runs /home/user/nncpu_campaign/traces/649.fotonik3d_s-1176B.champsimtrace.xz

Region of Interest Statistics

CPU 0 cumulative IPC: 0.3612 instructions: 200000000 cycles: 553692454
CPU 0 Branch Prediction Accuracy: 99.98% MPKI: 0.00438 Average ROB Occupancy at Mispredict: 352
Branch type MPKI
BRANCH_DIRECT_JUMP: 0
BRANCH_INDIRECT: 0
BRANCH_CONDITIONAL: 0.00438
BRANCH_DIRECT_CALL: 0
BRANCH_INDIRECT_CALL: 0
BRANCH_RETURN: 0

cpu0->LLC TOTAL        ACCESS:    3812205 HIT:    2034368 MISS:    1777837 MISS_MERGE:          0
cpu0->LLC LOAD         ACCESS:    2055377 HIT:     281222 MISS:    1774155 MISS_MERGE:          0
cpu0->LLC RFO          ACCESS:        229 HIT:        227 MISS:          2 MISS_MERGE:          0
cpu0->LLC PREFETCH     ACCESS:          0 HIT:          0 MISS:          0 MISS_MERGE:          0
cpu0->LLC WRITE        ACCESS:    1753027 HIT:    1752906 MISS:        121 MISS_MERGE:          0
cpu0->LLC TRANSLATION  ACCESS:       3572 HIT:         13 MISS:       3559 MISS_MERGE:          0
cpu0->LLC PREFETCH REQUESTED:          0 ISSUED:          0 USEFUL:          0 USELESS:          0
cpu0->LLC AVERAGE MISS LATENCY: 181.2 cycles
cpu0->cpu0_DTLB TOTAL        ACCESS:   84194876 HIT:   83986949 MISS:     207927 MISS_MERGE:     160928
cpu0->cpu0_DTLB LOAD         ACCESS:   84194876 HIT:   83986949 MISS:     207927 MISS_MERGE:     160928
cpu0->cpu0_DTLB RFO          ACCESS:          0 HIT:          0 MISS:          0 MISS_MERGE:          0
cpu0->cpu0_DTLB PREFETCH     ACCESS:          0 HIT:          0 MISS:          0 MISS_MERGE:          0
cpu0->cpu0_DTLB WRITE        ACCESS:          0 HIT:          0 MISS:          0 MISS_MERGE:          0
cpu0->cpu0_DTLB TRANSLATION  ACCESS:          0 HIT:          0 MISS:          0 MISS_MERGE:          0
cpu0->cpu0_DTLB PREFETCH REQUESTED:          0 ISSUED:          0 USEFUL:          0 USELESS:          0
cpu0->cpu0_DTLB AVERAGE MISS LATENCY: 498.9 cycles
cpu0->cpu0_ITLB TOTAL        ACCESS:   37509386 HIT:   37509386 MISS:          0 MISS_MERGE:          0
cpu0->cpu0_ITLB LOAD         ACCESS:   37509386 HIT:   37509386 MISS:          0 MISS_MERGE:          0
cpu0->cpu0_ITLB RFO          ACCESS:          0 HIT:          0 MISS:          0 MISS_MERGE:          0
cpu0->cpu0_ITLB PREFETCH     ACCESS:          0 HIT:          0 MISS:          0 MISS_MERGE:          0
cpu0->cpu0_ITLB WRITE        ACCESS:          0 HIT:          0 MISS:          0 MISS_MERGE:          0
cpu0->cpu0_ITLB TRANSLATION  ACCESS:          0 HIT:          0 MISS:          0 MISS_MERGE:          0
cpu0->cpu0_ITLB PREFETCH REQUESTED:          0 ISSUED:          0 USEFUL:          0 USELESS:          0
cpu0->cpu0_ITLB AVERAGE MISS LATENCY: - cycles
cpu0->cpu0_L1D TOTAL        ACCESS:   84249856 HIT:   71039047 MISS:   13210809 MISS_MERGE:   10559734
cpu0->cpu0_L1D LOAD         ACCESS:   70153780 HIT:   56954879 MISS:   13198901 MISS_MERGE:   10555218
cpu0->cpu0_L1D RFO          ACCESS:          0 HIT:          0 MISS:          0 MISS_MERGE:          0
cpu0->cpu0_L1D PREFETCH     ACCESS:          0 HIT:          0 MISS:          0 MISS_MERGE:          0
cpu0->cpu0_L1D WRITE        ACCESS:   14041096 HIT:   14033514 MISS:       7582 MISS_MERGE:       4516
cpu0->cpu0_L1D TRANSLATION  ACCESS:      54980 HIT:      50654 MISS:       4326 MISS_MERGE:          0
cpu0->cpu0_L1D PREFETCH REQUESTED:          0 ISSUED:          0 USEFUL:          0 USELESS:          0
cpu0->cpu0_L1D AVERAGE MISS LATENCY: 139.3 cycles
cpu0->cpu0_L1I TOTAL        ACCESS:   37509385 HIT:   37509385 MISS:          0 MISS_MERGE:          0
cpu0->cpu0_L1I LOAD         ACCESS:   37509385 HIT:   37509385 MISS:          0 MISS_MERGE:          0
cpu0->cpu0_L1I RFO          ACCESS:          0 HIT:          0 MISS:          0 MISS_MERGE:          0
cpu0->cpu0_L1I PREFETCH     ACCESS:          0 HIT:          0 MISS:          0 MISS_MERGE:          0
cpu0->cpu0_L1I WRITE        ACCESS:          0 HIT:          0 MISS:          0 MISS_MERGE:          0
cpu0->cpu0_L1I TRANSLATION  ACCESS:          0 HIT:          0 MISS:          0 MISS_MERGE:          0
cpu0->cpu0_L1I PREFETCH REQUESTED:          0 ISSUED:          0 USEFUL:          0 USELESS:          0
cpu0->cpu0_L1I AVERAGE MISS LATENCY: - cycles
cpu0->cpu0_L2C TOTAL        ACCESS:    4408128 HIT:    2348454 MISS:    2059674 MISS_MERGE:          0
cpu0->cpu0_L2C LOAD         ACCESS:    2643683 HIT:     588306 MISS:    2055377 MISS_MERGE:          0
cpu0->cpu0_L2C RFO          ACCESS:       3066 HIT:       2837 MISS:        229 MISS_MERGE:          0
cpu0->cpu0_L2C PREFETCH     ACCESS:          0 HIT:          0 MISS:          0 MISS_MERGE:          0
cpu0->cpu0_L2C WRITE        ACCESS:    1757053 HIT:    1756557 MISS:        496 MISS_MERGE:          0
cpu0->cpu0_L2C TRANSLATION  ACCESS:       4326 HIT:        754 MISS:       3572 MISS_MERGE:          0
cpu0->cpu0_L2C PREFETCH REQUESTED:          0 ISSUED:          0 USEFUL:          0 USELESS:          0
cpu0->cpu0_L2C AVERAGE MISS LATENCY: 169.3 cycles
cpu0->cpu0_STLB TOTAL        ACCESS:      46999 HIT:      19555 MISS:      27444 MISS_MERGE:          0
cpu0->cpu0_STLB LOAD         ACCESS:      46999 HIT:      19555 MISS:      27444 MISS_MERGE:          0
cpu0->cpu0_STLB RFO          ACCESS:          0 HIT:          0 MISS:          0 MISS_MERGE:          0
cpu0->cpu0_STLB PREFETCH     ACCESS:          0 HIT:          0 MISS:          0 MISS_MERGE:          0
cpu0->cpu0_STLB WRITE        ACCESS:          0 HIT:          0 MISS:          0 MISS_MERGE:          0
cpu0->cpu0_STLB TRANSLATION  ACCESS:          0 HIT:          0 MISS:          0 MISS_MERGE:          0
cpu0->cpu0_STLB PREFETCH REQUESTED:          0 ISSUED:          0 USEFUL:          0 USELESS:          0
cpu0->cpu0_STLB AVERAGE MISS LATENCY: 846.5 cycles

DRAM Statistics

Channel 0 RQ ROW_BUFFER_HIT:       7217
  ROW_BUFFER_MISS:    1770499
  AVG DBUS CONGESTED CYCLE: 16.39
Channel 0 WQ ROW_BUFFER_HIT:     447741
  ROW_BUFFER_MISS:    1305489
  FULL:          0
Channel 0 REFRESHES ISSUED:      46141
