[DEFAULT] LLC: frequency=4000 (inherited from max core frequency)
[DEFAULT] LLC: hit_latency=7, fill_latency=8 (derived from sets=2048, ways=16)
[DEFAULT] LLC: max_tag_bandwidth=4 (derived from sets=2048)
[DEFAULT] LLC: max_fill_bandwidth=4 (derived from sets=2048)
[DEFAULT] LLC: mshr_size=4096 (derived from sets=2048, fill_latency=8, fill_bw=4)
[DEFAULT] cpu0_DTLB: hit_latency=1, fill_latency=1 (derived from sets=16, ways=4)
[DEFAULT] cpu0_DTLB: max_tag_bandwidth=1 (derived from sets=16)
[DEFAULT] cpu0_DTLB: max_fill_bandwidth=1 (derived from sets=16)
[DEFAULT] cpu0_ITLB: hit_latency=1, fill_latency=1 (derived from sets=16, ways=4)
[DEFAULT] cpu0_ITLB: max_tag_bandwidth=1 (derived from sets=16)
[DEFAULT] cpu0_ITLB: max_fill_bandwidth=1 (derived from sets=16)
[DEFAULT] cpu0_ITLB: mshr_size=1 (derived from sets=16, fill_latency=1, fill_bw=1)
[DEFAULT] cpu0_L1D: num_sets=128 (scaled from base=64 x 2 upper levels)
[DEFAULT] cpu0_L1D: hit_latency=2, fill_latency=3 (derived from sets=128, ways=12)
[DEFAULT] cpu0_L1D: max_tag_bandwidth=1 (derived from sets=128)
[DEFAULT] cpu0_L1D: max_fill_bandwidth=1 (derived from sets=128)
[DEFAULT] cpu0_L1D: mshr_size=24 (derived from sets=128, fill_latency=3, fill_bw=1)
[DEFAULT] cpu0_L1I: hit_latency=2, fill_latency=2 (derived from sets=64, ways=8)
[DEFAULT] cpu0_L1I: max_tag_bandwidth=1 (derived from sets=64)
[DEFAULT] cpu0_L1I: max_fill_bandwidth=1 (derived from sets=64)
[DEFAULT] cpu0_L1I: mshr_size=8 (derived from sets=64, fill_latency=2, fill_bw=1)
[DEFAULT] cpu0_L2C: num_sets=1024 (scaled from base=512 x 2 upper levels)
[DEFAULT] cpu0_L2C: hit_latency=4, fill_latency=5 (derived from sets=1024, ways=8)
[DEFAULT] cpu0_L2C: max_tag_bandwidth=2 (derived from sets=1024)
[DEFAULT] cpu0_L2C: max_fill_bandwidth=2 (derived from sets=1024)
[DEFAULT] cpu0_L2C: mshr_size=640 (derived from sets=1024, fill_latency=5, fill_bw=2)
[DEFAULT] cpu0_STLB: num_sets=256 (scaled from base=64 x 3 upper levels)
[DEFAULT] cpu0_STLB: hit_latency=3, fill_latency=4 (derived from sets=256, ways=12)
[DEFAULT] cpu0_STLB: max_tag_bandwidth=1 (derived from sets=256)
[DEFAULT] cpu0_STLB: max_fill_bandwidth=1 (derived from sets=256)
[DEFAULT] cpu0_STLB: mshr_size=64 (derived from sets=256, fill_latency=4, fill_bw=1)
[VMEM] WARNING: physical memory size is smaller than virtual memory size.

*** ChampSim Multicore Out-of-Order Simulator ***
Warmup Instructions: 50000000
Simulation Instructions: 200000000
Number of CPUs: 1
Page size: 4096

Off-chip DRAM Size: 16 GiB Channels: 1 Width: 64-bit Data Rate: 3205 MT/s
Heartbeat CPU 0 instructions: 10000001 cycles: 5198400 heartbeat IPC: 1.924 cumulative IPC: 1.924 (Simulation time: 00 hr 01 min 11 sec)
Heartbeat CPU 0 instructions: 20000004 cycles: 10360160 heartbeat IPC: 1.937 cumulative IPC: 1.93 (Simulation time: 00 hr 02 min 23 sec)
Heartbeat CPU 0 instructions: 30000001 cycles: 15523099 heartbeat IPC: 1.937 cumulative IPC: 1.933 (Simulation time: 00 hr 03 min 34 sec)
Heartbeat CPU 0 instructions: 40000001 cycles: 20683080 heartbeat IPC: 1.938 cumulative IPC: 1.934 (Simulation time: 00 hr 04 min 44 sec)
Heartbeat CPU 0 instructions: 50000000 cycles: 25849686 heartbeat IPC: 1.936 cumulative IPC: 1.934 (Simulation time: 00 hr 06 min 03 sec)
Warmup finished CPU 0 instructions: 50000000 cycles: 25849686 cumulative IPC: 1.934 (Simulation time: 00 hr 06 min 03 sec)
Warmup complete CPU 0 instructions: 50000000 cycles: 25849686 cumulative IPC: 1.934 (Simulation time: 00 hr 06 min 03 sec)
Heartbeat CPU 0 instructions: 60000004 cycles: 53458267 heartbeat IPC: 0.3622 cumulative IPC: 0.3622 (Simulation time: 00 hr 10 min 53 sec)
Heartbeat CPU 0 instructions: 70000002 cycles: 81140381 heartbeat IPC: 0.3612 cumulative IPC: 0.3617 (Simulation time: 00 hr 15 min 26 sec)
Heartbeat CPU 0 instructions: 80000003 cycles: 108841848 heartbeat IPC: 0.361 cumulative IPC: 0.3615 (Simulation time: 00 hr 20 min 28 sec)
Heartbeat CPU 0 instructions: 90000001 cycles: 136538605 heartbeat IPC: 0.3611 cumulative IPC: 0.3614 (Simulation time: 00 hr 25 min 27 sec)
Heartbeat CPU 0 instructions: 100000002 cycles: 164196676 heartbeat IPC: 0.3616 cumulative IPC: 0.3614 (Simulation time: 00 hr 30 min 11 sec)
Heartbeat CPU 0 instructions: 110000001 cycles: 191945051 heartbeat IPC: 0.3604 cumulative IPC: 0.3612 (Simulation time: 00 hr 34 min 44 sec)
Heartbeat CPU 0 instructions: 120000002 cycles: 219693256 heartbeat IPC: 0.3604 cumulative IPC: 0.3611 (Simulation time: 00 hr 39 min 17 sec)
Heartbeat CPU 0 instructions: 130000000 cycles: 247339414 heartbeat IPC: 0.3617 cumulative IPC: 0.3612 (Simulation time: 00 hr 44 min 27 sec)
Heartbeat CPU 0 instructions: 140000002 cycles: 275050238 heartbeat IPC: 0.3609 cumulative IPC: 0.3612 (Simulation time: 00 hr 49 min 11 sec)
Heartbeat CPU 0 instructions: 150000004 cycles: 302756791 heartbeat IPC: 0.3609 cumulative IPC: 0.3611 (Simulation time: 00 hr 53 min 54 sec)
Heartbeat CPU 0 instructions: 160000003 cycles: 330438103 heartbeat IPC: 0.3613 cumulative IPC: 0.3611 (Simulation time: 00 hr 58 min 42 sec)
Heartbeat CPU 0 instructions: 170000002 cycles: 358145296 heartbeat IPC: 0.3609 cumulative IPC: 0.3611 (Simulation time: 01 hr 03 min 33 sec)
Heartbeat CPU 0 instructions: 180000001 cycles: 385761448 heartbeat IPC: 0.3621 cumulative IPC: 0.3612 (Simulation time: 01 hr 08 min 31 sec)
Heartbeat CPU 0 instructions: 190000001 cycles: 413528090 heartbeat IPC: 0.3601 cumulative IPC: 0.3611 (Simulation time: 01 hr 13 min 08 sec)
Heartbeat CPU 0 instructions: 200000000 cycles: 441168951 heartbeat IPC: 0.3618 cumulative IPC: 0.3612 (Simulation time: 01 hr 17 min 48 sec)
Heartbeat CPU 0 instructions: 210000000 cycles: 468878083 heartbeat IPC: 0.3609 cumulative IPC: 0.3612 (Simulation time: 01 hr 22 min 36 sec)
Heartbeat CPU 0 instructions: 220000002 cycles: 496554551 heartbeat IPC: 0.3613 cumulative IPC: 0.3612 (Simulation time: 01 hr 27 min 39 sec)
Heartbeat CPU 0 instructions: 230000003 cycles: 524173515 heartbeat IPC: 0.3621 cumulative IPC: 0.3612 (Simulation time: 01 hr 32 min 24 sec)
Heartbeat CPU 0 instructions: 240000001 cycles: 551868266 heartbeat IPC: 0.3611 cumulative IPC: 0.3612 (Simulation time: 01 hr 36 min 54 sec)
Heartbeat CPU 0 instructions: 250000002 cycles: 579521394 heartbeat IPC: 0.3616 cumulative IPC: 0.3612 (Simulation time: 01 hr 41 min 33 sec)
Simulation finished CPU 0 instructions: 200000002 cycles: 553671708 cumulative IPC: 0.3612 (Simulation time: 01 hr 41 min 33 sec)
Simulation complete CPU 0 instructions: 200000002 cycles: 553671708 cumulative IPC: 0.3612 (Simulation time: 01 hr 41 min 33 sec)

ChampSim completed all CPUs

=== Simulation ===
CPU 0 runs /home/user/nncpu_campaign/traces/649.fotonik3d_s-1176B.champsimtrace.xz

Region of Interest Statistics

CPU 0 cumulative IPC: 0.3612 instructions: 200000002 cycles: 553671708
CPU 0 Branch Prediction Accuracy: 99.98% MPKI: 0.00438 Average ROB Occupancy at Mispredict: 352
Branch type MPKI
BRANCH_DIRECT_JUMP: 0
BRANCH_INDIRECT: 0
BRANCH_CONDITIONAL: 0.00438
BRANCH_DIRECT_CALL: 0
BRANCH_INDIRECT_CALL: 0
BRANCH_RETURN: 0

cpu0->LLC TOTAL        ACCESS:    3812262 HIT:    2034425 MISS:    1777837 MISS_MERGE:          0
cpu0->LLC LOAD         ACCESS:    2055432 HIT:     281281 MISS:    1774151 MISS_MERGE:          0
cpu0->LLC RFO          ACCESS:        229 HIT:        227 MISS:          2 MISS_MERGE:          0
cpu0->LLC PREFETCH     ACCESS:          4 HIT:          0 MISS:          4 MISS_MERGE:          0
cpu0->LLC WRITE        ACCESS:    1753025 HIT:    1752904 MISS:        121 MISS_MERGE:          0
cpu0->LLC TRANSLATION  ACCESS:       3572 HIT:         13 MISS:       3559 MISS_MERGE:          0
cpu0->LLC PREFETCH REQUESTED:          0 ISSUED:          0 USEFUL:          0 USELESS:          0
cpu0->LLC AVERAGE MISS LATENCY: 181.2 cycles
cpu0->cpu0_DTLB TOTAL        ACCESS:   84194876 HIT:   83986943 MISS:     207933 MISS_MERGE:     160934
cpu0->cpu0_DTLB LOAD         ACCESS:   84194876 HIT:   83986943 MISS:     207933 MISS_MERGE:     160934
cpu0->cpu0_DTLB RFO          ACCESS:          0 HIT:          0 MISS:          0 MISS_MERGE:          0
cpu0->cpu0_DTLB PREFETCH     ACCESS:          0 HIT:          0 MISS:          0 MISS_MERGE:          0
cpu0->cpu0_DTLB WRITE        ACCESS:          0 HIT:          0 MISS:          0 MISS_MERGE:          0
cpu0->cpu0_DTLB TRANSLATION  ACCESS:          0 HIT:          0 MISS:          0 MISS_MERGE:          0
cpu0->cpu0_DTLB PREFETCH REQUESTED:          0 ISSUED:          0 USEFUL:          0 USELESS:          0
cpu0->cpu0_DTLB AVERAGE MISS LATENCY: 499 cycles
cpu0->cpu0_ITLB TOTAL        ACCESS:   37509374 HIT:   37509374 MISS:          0 MISS_MERGE:          0
cpu0->cpu0_ITLB LOAD         ACCESS:   37509374 HIT:   37509374 MISS:          0 MISS_MERGE:          0
cpu0->cpu0_ITLB RFO          ACCESS:          0 HIT:          0 MISS:          0 MISS_MERGE:          0
cpu0->cpu0_ITLB PREFETCH     ACCESS:          0 HIT:          0 MISS:          0 MISS_MERGE:          0
cpu0->cpu0_ITLB WRITE        ACCESS:          0 HIT:          0 MISS:          0 MISS_MERGE:          0
cpu0->cpu0_ITLB TRANSLATION  ACCESS:          0 HIT:          0 MISS:          0 MISS_MERGE:          0
cpu0->cpu0_ITLB PREFETCH REQUESTED:          0 ISSUED:          0 USEFUL:          0 USELESS:          0
cpu0->cpu0_ITLB AVERAGE MISS LATENCY: - cycles
cpu0->cpu0_L1D TOTAL        ACCESS:   84249871 HIT:   71038996 MISS:   13210875 MISS_MERGE:   10559800
cpu0->cpu0_L1D LOAD         ACCESS:   70153780 HIT:   56954819 MISS:   13198961 MISS_MERGE:   10555282
cpu0->cpu0_L1D RFO          ACCESS:          0 HIT:          0 MISS:          0 MISS_MERGE:          0
cpu0->cpu0_L1D PREFETCH     ACCESS:         15 HIT:          9 MISS:          6 MISS_MERGE:          2
cpu0->cpu0_L1D WRITE        ACCESS:   14041096 HIT:   14033514 MISS:       7582 MISS_MERGE:       4516
cpu0->cpu0_L1D TRANSLATION  ACCESS:      54980 HIT:      50654 MISS:       4326 MISS_MERGE:          0
cpu0->cpu0_L1D PREFETCH REQUESTED:        296 ISSUED:          7 USEFUL:          4 USELESS:          0
cpu0->cpu0_L1D AVERAGE MISS LATENCY: 139.3 cycles
cpu0->cpu0_L1I TOTAL        ACCESS:   37509373 HIT:   37509373 MISS:          0 MISS_MERGE:          0
cpu0->cpu0_L1I LOAD         ACCESS:   37509373 HIT:   37509373 MISS:          0 MISS_MERGE:          0
cpu0->cpu0_L1I RFO          ACCESS:          0 HIT:          0 MISS:          0 MISS_MERGE:          0
cpu0->cpu0_L1I PREFETCH     ACCESS:          0 HIT:          0 MISS:          0 MISS_MERGE:          0
cpu0->cpu0_L1I WRITE        ACCESS:          0 HIT:          0 MISS:          0 MISS_MERGE:          0
cpu0->cpu0_L1I TRANSLATION  ACCESS:          0 HIT:          0 MISS:          0 MISS_MERGE:          0
cpu0->cpu0_L1I PREFETCH REQUESTED:          0 ISSUED:          0 USEFUL:          0 USELESS:          0
cpu0->cpu0_L1I AVERAGE MISS LATENCY: - cycles
cpu0->cpu0_L2C TOTAL        ACCESS:    4408127 HIT:    2348394 MISS:    2059733 MISS_MERGE:          0
cpu0->cpu0_L2C LOAD         ACCESS:    2643679 HIT:     588247 MISS:    2055432 MISS_MERGE:          0
cpu0->cpu0_L2C RFO          ACCESS:       3066 HIT:       2837 MISS:        229 MISS_MERGE:          0
cpu0->cpu0_L2C PREFETCH     ACCESS:          4 HIT:          0 MISS:          4 MISS_MERGE:          0
cpu0->cpu0_L2C WRITE        ACCESS:    1757052 HIT:    1756556 MISS:        496 MISS_MERGE:          0
cpu0->cpu0_L2C TRANSLATION  ACCESS:       4326 HIT:        754 MISS:       3572 MISS_MERGE:          0
cpu0->cpu0_L2C PREFETCH REQUESTED:          0 ISSUED:          0 USEFUL:          0 USELESS:          0
cpu0->cpu0_L2C AVERAGE MISS LATENCY: 169.2 cycles
cpu0->cpu0_STLB TOTAL        ACCESS:      46999 HIT:      19555 MISS:      27444 MISS_MERGE:          0
cpu0->cpu0_STLB LOAD         ACCESS:      46999 HIT:      19555 MISS:      27444 MISS_MERGE:          0
cpu0->cpu0_STLB RFO          ACCESS:          0 HIT:          0 MISS:          0 MISS_MERGE:          0
cpu0->cpu0_STLB PREFETCH     ACCESS:          0 HIT:          0 MISS:          0 MISS_MERGE:          0
cpu0->cpu0_STLB WRITE        ACCESS:          0 HIT:          0 MISS:          0 MISS_MERGE:          0
cpu0->cpu0_STLB TRANSLATION  ACCESS:          0 HIT:          0 MISS:          0 MISS_MERGE:          0
cpu0->cpu0_STLB PREFETCH REQUESTED:          0 ISSUED:          0 USEFUL:          0 USELESS:          0
cpu0->cpu0_STLB AVERAGE MISS LATENCY: 846.8 cycles

DRAM Statistics

Channel 0 RQ ROW_BUFFER_HIT:       7323
  ROW_BUFFER_MISS:    1770393
  AVG DBUS CONGESTED CYCLE: 16.38
Channel 0 WQ ROW_BUFFER_HIT:     447164
  ROW_BUFFER_MISS:    1306064
  FULL:          0
Channel 0 REFRESHES ISSUED:      46139
NNCPU_REGULARITY roi_decisions=70153780 roi_suppressed=0 roi_issued=7 gate_enabled=false window=16 support_percent=35 degree=3
