[DEFAULT] LLC: frequency=4000 (inherited from max core frequency)
[DEFAULT] LLC: hit_latency=7, fill_latency=8 (derived from sets=2048, ways=16)
[DEFAULT] LLC: max_tag_bandwidth=4 (derived from sets=2048)
[DEFAULT] LLC: max_fill_bandwidth=4 (derived from sets=2048)
[DEFAULT] LLC: mshr_size=4096 (derived from sets=2048, fill_latency=8, fill_bw=4)
[DEFAULT] cpu0_DTLB: hit_latency=1, fill_latency=1 (derived from sets=16, ways=4)
[DEFAULT] cpu0_DTLB: max_tag_bandwidth=1 (derived from sets=16)
[DEFAULT] cpu0_DTLB: max_fill_bandwidth=1 (derived from sets=16)
[DEFAULT] cpu0_ITLB: hit_latency=1, fill_latency=1 (derived from sets=16, ways=4)
[DEFAULT] cpu0_ITLB: max_tag_bandwidth=1 (derived from sets=16)
[DEFAULT] cpu0_ITLB: max_fill_bandwidth=1 (derived from sets=16)
[DEFAULT] cpu0_ITLB: mshr_size=1 (derived from sets=16, fill_latency=1, fill_bw=1)
[DEFAULT] cpu0_L1D: num_sets=128 (scaled from base=64 x 2 upper levels)
[DEFAULT] cpu0_L1D: hit_latency=2, fill_latency=3 (derived from sets=128, ways=12)
[DEFAULT] cpu0_L1D: max_tag_bandwidth=1 (derived from sets=128)
[DEFAULT] cpu0_L1D: max_fill_bandwidth=1 (derived from sets=128)
[DEFAULT] cpu0_L1D: mshr_size=24 (derived from sets=128, fill_latency=3, fill_bw=1)
[DEFAULT] cpu0_L1I: hit_latency=2, fill_latency=2 (derived from sets=64, ways=8)
[DEFAULT] cpu0_L1I: max_tag_bandwidth=1 (derived from sets=64)
[DEFAULT] cpu0_L1I: max_fill_bandwidth=1 (derived from sets=64)
[DEFAULT] cpu0_L1I: mshr_size=8 (derived from sets=64, fill_latency=2, fill_bw=1)
[DEFAULT] cpu0_L2C: num_sets=1024 (scaled from base=512 x 2 upper levels)
[DEFAULT] cpu0_L2C: hit_latency=4, fill_latency=5 (derived from sets=1024, ways=8)
[DEFAULT] cpu0_L2C: max_tag_bandwidth=2 (derived from sets=1024)
[DEFAULT] cpu0_L2C: max_fill_bandwidth=2 (derived from sets=1024)
[DEFAULT] cpu0_L2C: mshr_size=640 (derived from sets=1024, fill_latency=5, fill_bw=2)
[DEFAULT] cpu0_STLB: num_sets=256 (scaled from base=64 x 3 upper levels)
[DEFAULT] cpu0_STLB: hit_latency=3, fill_latency=4 (derived from sets=256, ways=12)
[DEFAULT] cpu0_STLB: max_tag_bandwidth=1 (derived from sets=256)
[DEFAULT] cpu0_STLB: max_fill_bandwidth=1 (derived from sets=256)
[DEFAULT] cpu0_STLB: mshr_size=64 (derived from sets=256, fill_latency=4, fill_bw=1)
[VMEM] WARNING: physical memory size is smaller than virtual memory size.

*** ChampSim Multicore Out-of-Order Simulator ***
Warmup Instructions: 50000000
Simulation Instructions: 200000000
Number of CPUs: 1
Page size: 4096

Off-chip DRAM Size: 16 GiB Channels: 1 Width: 64-bit Data Rate: 3205 MT/s
Heartbeat CPU 0 instructions: 10000001 cycles: 5197725 heartbeat IPC: 1.924 cumulative IPC: 1.924 (Simulation time: 00 hr 01 min 16 sec)
Heartbeat CPU 0 instructions: 20000000 cycles: 10358077 heartbeat IPC: 1.938 cumulative IPC: 1.931 (Simulation time: 00 hr 02 min 33 sec)
Heartbeat CPU 0 instructions: 30000000 cycles: 15519532 heartbeat IPC: 1.937 cumulative IPC: 1.933 (Simulation time: 00 hr 03 min 51 sec)
Heartbeat CPU 0 instructions: 40000001 cycles: 20680760 heartbeat IPC: 1.938 cumulative IPC: 1.934 (Simulation time: 00 hr 05 min 12 sec)
Heartbeat CPU 0 instructions: 50000004 cycles: 25846232 heartbeat IPC: 1.936 cumulative IPC: 1.935 (Simulation time: 00 hr 06 min 29 sec)
Warmup finished CPU 0 instructions: 50000004 cycles: 25846232 cumulative IPC: 1.935 (Simulation time: 00 hr 06 min 29 sec)
Warmup complete CPU 0 instructions: 50000004 cycles: 25846232 cumulative IPC: 1.935 (Simulation time: 00 hr 06 min 29 sec)
Heartbeat CPU 0 instructions: 60000004 cycles: 53444399 heartbeat IPC: 0.3623 cumulative IPC: 0.3623 (Simulation time: 00 hr 10 min 59 sec)
Heartbeat CPU 0 instructions: 70000002 cycles: 81128381 heartbeat IPC: 0.3612 cumulative IPC: 0.3618 (Simulation time: 00 hr 15 min 37 sec)
Heartbeat CPU 0 instructions: 80000003 cycles: 108829848 heartbeat IPC: 0.361 cumulative IPC: 0.3615 (Simulation time: 00 hr 20 min 43 sec)
Heartbeat CPU 0 instructions: 90000001 cycles: 136526605 heartbeat IPC: 0.3611 cumulative IPC: 0.3614 (Simulation time: 00 hr 25 min 27 sec)
Heartbeat CPU 0 instructions: 100000002 cycles: 164184676 heartbeat IPC: 0.3616 cumulative IPC: 0.3614 (Simulation time: 00 hr 30 min 09 sec)
Heartbeat CPU 0 instructions: 110000001 cycles: 191933051 heartbeat IPC: 0.3604 cumulative IPC: 0.3613 (Simulation time: 00 hr 35 min 06 sec)
Heartbeat CPU 0 instructions: 120000002 cycles: 219681256 heartbeat IPC: 0.3604 cumulative IPC: 0.3611 (Simulation time: 00 hr 40 min 23 sec)
Heartbeat CPU 0 instructions: 130000000 cycles: 247327414 heartbeat IPC: 0.3617 cumulative IPC: 0.3612 (Simulation time: 00 hr 45 min 05 sec)
Heartbeat CPU 0 instructions: 140000002 cycles: 275038238 heartbeat IPC: 0.3609 cumulative IPC: 0.3612 (Simulation time: 00 hr 49 min 42 sec)
Heartbeat CPU 0 instructions: 150000004 cycles: 302744791 heartbeat IPC: 0.3609 cumulative IPC: 0.3611 (Simulation time: 00 hr 54 min 18 sec)
Heartbeat CPU 0 instructions: 160000003 cycles: 330426153 heartbeat IPC: 0.3613 cumulative IPC: 0.3612 (Simulation time: 00 hr 59 min 08 sec)
Heartbeat CPU 0 instructions: 170000002 cycles: 358136809 heartbeat IPC: 0.3609 cumulative IPC: 0.3611 (Simulation time: 01 hr 03 min 58 sec)
Heartbeat CPU 0 instructions: 180000001 cycles: 385754120 heartbeat IPC: 0.3621 cumulative IPC: 0.3612 (Simulation time: 01 hr 08 min 53 sec)
Heartbeat CPU 0 instructions: 190000001 cycles: 413516187 heartbeat IPC: 0.3602 cumulative IPC: 0.3611 (Simulation time: 01 hr 13 min 49 sec)
Heartbeat CPU 0 instructions: 200000000 cycles: 441156951 heartbeat IPC: 0.3618 cumulative IPC: 0.3612 (Simulation time: 01 hr 18 min 21 sec)
Heartbeat CPU 0 instructions: 210000000 cycles: 468875876 heartbeat IPC: 0.3608 cumulative IPC: 0.3611 (Simulation time: 01 hr 23 min 02 sec)
Heartbeat CPU 0 instructions: 220000002 cycles: 496554551 heartbeat IPC: 0.3613 cumulative IPC: 0.3612 (Simulation time: 01 hr 27 min 34 sec)
Heartbeat CPU 0 instructions: 230000003 cycles: 524173515 heartbeat IPC: 0.3621 cumulative IPC: 0.3612 (Simulation time: 01 hr 31 min 58 sec)
Heartbeat CPU 0 instructions: 240000001 cycles: 551868266 heartbeat IPC: 0.3611 cumulative IPC: 0.3612 (Simulation time: 01 hr 36 min 29 sec)
Heartbeat CPU 0 instructions: 250000002 cycles: 579521394 heartbeat IPC: 0.3616 cumulative IPC: 0.3612 (Simulation time: 01 hr 41 min 32 sec)
Simulation finished CPU 0 instructions: 200000003 cycles: 553675163 cumulative IPC: 0.3612 (Simulation time: 01 hr 41 min 32 sec)
Simulation complete CPU 0 instructions: 200000003 cycles: 553675163 cumulative IPC: 0.3612 (Simulation time: 01 hr 41 min 32 sec)

ChampSim completed all CPUs

=== Simulation ===
CPU 0 runs /home/user/nncpu_campaign/traces/649.fotonik3d_s-1176B.champsimtrace.xz

Region of Interest Statistics

CPU 0 cumulative IPC: 0.3612 instructions: 200000003 cycles: 553675163
CPU 0 Branch Prediction Accuracy: 99.98% MPKI: 0.00438 Average ROB Occupancy at Mispredict: 352
Branch type MPKI
BRANCH_DIRECT_JUMP: 0
BRANCH_INDIRECT: 0
BRANCH_CONDITIONAL: 0.00438
BRANCH_DIRECT_CALL: 0
BRANCH_INDIRECT_CALL: 0
BRANCH_RETURN: 0

cpu0->LLC TOTAL        ACCESS:    3811919 HIT:    2034043 MISS:    1777876 MISS_MERGE:          0
cpu0->LLC LOAD         ACCESS:    2055087 HIT:     280896 MISS:    1774191 MISS_MERGE:          0
cpu0->LLC RFO          ACCESS:        229 HIT:        227 MISS:          2 MISS_MERGE:          0
cpu0->LLC PREFETCH     ACCESS:          3 HIT:          0 MISS:          3 MISS_MERGE:          0
cpu0->LLC WRITE        ACCESS:    1753028 HIT:    1752907 MISS:        121 MISS_MERGE:          0
cpu0->LLC TRANSLATION  ACCESS:       3572 HIT:         13 MISS:       3559 MISS_MERGE:          0
cpu0->LLC PREFETCH REQUESTED:          0 ISSUED:          0 USEFUL:          0 USELESS:          0
cpu0->LLC AVERAGE MISS LATENCY: 181.2 cycles
cpu0->cpu0_DTLB TOTAL        ACCESS:   84194874 HIT:   83986950 MISS:     207924 MISS_MERGE:     160926
cpu0->cpu0_DTLB LOAD         ACCESS:   84194874 HIT:   83986950 MISS:     207924 MISS_MERGE:     160926
cpu0->cpu0_DTLB RFO          ACCESS:          0 HIT:          0 MISS:          0 MISS_MERGE:          0
cpu0->cpu0_DTLB PREFETCH     ACCESS:          0 HIT:          0 MISS:          0 MISS_MERGE:          0
cpu0->cpu0_DTLB WRITE        ACCESS:          0 HIT:          0 MISS:          0 MISS_MERGE:          0
cpu0->cpu0_DTLB TRANSLATION  ACCESS:          0 HIT:          0 MISS:          0 MISS_MERGE:          0
cpu0->cpu0_DTLB PREFETCH REQUESTED:          0 ISSUED:          0 USEFUL:          0 USELESS:          0
cpu0->cpu0_DTLB AVERAGE MISS LATENCY: 499.2 cycles
cpu0->cpu0_ITLB TOTAL        ACCESS:   37509409 HIT:   37509409 MISS:          0 MISS_MERGE:          0
cpu0->cpu0_ITLB LOAD         ACCESS:   37509409 HIT:   37509409 MISS:          0 MISS_MERGE:          0
cpu0->cpu0_ITLB RFO          ACCESS:          0 HIT:          0 MISS:          0 MISS_MERGE:          0
cpu0->cpu0_ITLB PREFETCH     ACCESS:          0 HIT:          0 MISS:          0 MISS_MERGE:          0
cpu0->cpu0_ITLB WRITE        ACCESS:          0 HIT:          0 MISS:          0 MISS_MERGE:          0
cpu0->cpu0_ITLB TRANSLATION  ACCESS:          0 HIT:          0 MISS:          0 MISS_MERGE:          0
cpu0->cpu0_ITLB PREFETCH REQUESTED:          0 ISSUED:          0 USEFUL:          0 USELESS:          0
cpu0->cpu0_ITLB AVERAGE MISS LATENCY: - cycles
cpu0->cpu0_L1D TOTAL        ACCESS:   84249865 HIT:   71038898 MISS:   13210967 MISS_MERGE:   10559893
cpu0->cpu0_L1D LOAD         ACCESS:   70153778 HIT:   56954722 MISS:   13199056 MISS_MERGE:   10555377
cpu0->cpu0_L1D RFO          ACCESS:          0 HIT:          0 MISS:          0 MISS_MERGE:          0
cpu0->cpu0_L1D PREFETCH     ACCESS:         11 HIT:          8 MISS:          3 MISS_MERGE:          0
cpu0->cpu0_L1D WRITE        ACCESS:   14041096 HIT:   14033514 MISS:       7582 MISS_MERGE:       4516
cpu0->cpu0_L1D TRANSLATION  ACCESS:      54980 HIT:      50654 MISS:       4326 MISS_MERGE:          0
cpu0->cpu0_L1D PREFETCH REQUESTED:        146 ISSUED:          3 USEFUL:          3 USELESS:          0
cpu0->cpu0_L1D AVERAGE MISS LATENCY: 139.3 cycles
cpu0->cpu0_L1I TOTAL        ACCESS:   37509408 HIT:   37509408 MISS:          0 MISS_MERGE:          0
cpu0->cpu0_L1I LOAD         ACCESS:   37509408 HIT:   37509408 MISS:          0 MISS_MERGE:          0
cpu0->cpu0_L1I RFO          ACCESS:          0 HIT:          0 MISS:          0 MISS_MERGE:          0
cpu0->cpu0_L1I PREFETCH     ACCESS:          0 HIT:          0 MISS:          0 MISS_MERGE:          0
cpu0->cpu0_L1I WRITE        ACCESS:          0 HIT:          0 MISS:          0 MISS_MERGE:          0
cpu0->cpu0_L1I TRANSLATION  ACCESS:          0 HIT:          0 MISS:          0 MISS_MERGE:          0
cpu0->cpu0_L1I PREFETCH REQUESTED:          0 ISSUED:          0 USEFUL:          0 USELESS:          0
cpu0->cpu0_L1I AVERAGE MISS LATENCY: - cycles
cpu0->cpu0_L2C TOTAL        ACCESS:    4408123 HIT:    2348736 MISS:    2059387 MISS_MERGE:          0
cpu0->cpu0_L2C LOAD         ACCESS:    2643679 HIT:     588592 MISS:    2055087 MISS_MERGE:          0
cpu0->cpu0_L2C RFO          ACCESS:       3066 HIT:       2837 MISS:        229 MISS_MERGE:          0
cpu0->cpu0_L2C PREFETCH     ACCESS:          3 HIT:          0 MISS:          3 MISS_MERGE:          0
cpu0->cpu0_L2C WRITE        ACCESS:    1757049 HIT:    1756553 MISS:        496 MISS_MERGE:          0
cpu0->cpu0_L2C TRANSLATION  ACCESS:       4326 HIT:        754 MISS:       3572 MISS_MERGE:          0
cpu0->cpu0_L2C PREFETCH REQUESTED:          0 ISSUED:          0 USEFUL:          0 USELESS:          0
cpu0->cpu0_L2C AVERAGE MISS LATENCY: 169.3 cycles
cpu0->cpu0_STLB TOTAL        ACCESS:      46998 HIT:      19554 MISS:      27444 MISS_MERGE:          0
cpu0->cpu0_STLB LOAD         ACCESS:      46998 HIT:      19554 MISS:      27444 MISS_MERGE:          0
cpu0->cpu0_STLB RFO          ACCESS:          0 HIT:          0 MISS:          0 MISS_MERGE:          0
cpu0->cpu0_STLB PREFETCH     ACCESS:          0 HIT:          0 MISS:          0 MISS_MERGE:          0
cpu0->cpu0_STLB WRITE        ACCESS:          0 HIT:          0 MISS:          0 MISS_MERGE:          0
cpu0->cpu0_STLB TRANSLATION  ACCESS:          0 HIT:          0 MISS:          0 MISS_MERGE:          0
cpu0->cpu0_STLB PREFETCH REQUESTED:          0 ISSUED:          0 USEFUL:          0 USELESS:          0
cpu0->cpu0_STLB AVERAGE MISS LATENCY: 847 cycles

DRAM Statistics

Channel 0 RQ ROW_BUFFER_HIT:       7411
  ROW_BUFFER_MISS:    1770344
  AVG DBUS CONGESTED CYCLE: 16.38
Channel 0 WQ ROW_BUFFER_HIT:     447075
  ROW_BUFFER_MISS:    1306153
  FULL:          0
Channel 0 REFRESHES ISSUED:      46140
NNCPU_REGULARITY roi_decisions=70153778 roi_suppressed=7 roi_issued=3 gate_enabled=true window=16 support_percent=35 degree=3
