[DEFAULT] LLC: frequency=4000 (inherited from max core frequency)
[DEFAULT] LLC: hit_latency=7, fill_latency=8 (derived from sets=2048, ways=16)
[DEFAULT] LLC: max_tag_bandwidth=4 (derived from sets=2048)
[DEFAULT] LLC: max_fill_bandwidth=4 (derived from sets=2048)
[DEFAULT] LLC: mshr_size=4096 (derived from sets=2048, fill_latency=8, fill_bw=4)
[DEFAULT] cpu0_DTLB: hit_latency=1, fill_latency=1 (derived from sets=16, ways=4)
[DEFAULT] cpu0_DTLB: max_tag_bandwidth=1 (derived from sets=16)
[DEFAULT] cpu0_DTLB: max_fill_bandwidth=1 (derived from sets=16)
[DEFAULT] cpu0_ITLB: hit_latency=1, fill_latency=1 (derived from sets=16, ways=4)
[DEFAULT] cpu0_ITLB: max_tag_bandwidth=1 (derived from sets=16)
[DEFAULT] cpu0_ITLB: max_fill_bandwidth=1 (derived from sets=16)
[DEFAULT] cpu0_ITLB: mshr_size=1 (derived from sets=16, fill_latency=1, fill_bw=1)
[DEFAULT] cpu0_L1D: num_sets=128 (scaled from base=64 x 2 upper levels)
[DEFAULT] cpu0_L1D: hit_latency=2, fill_latency=3 (derived from sets=128, ways=12)
[DEFAULT] cpu0_L1D: max_tag_bandwidth=1 (derived from sets=128)
[DEFAULT] cpu0_L1D: max_fill_bandwidth=1 (derived from sets=128)
[DEFAULT] cpu0_L1D: mshr_size=24 (derived from sets=128, fill_latency=3, fill_bw=1)
[DEFAULT] cpu0_L1I: hit_latency=2, fill_latency=2 (derived from sets=64, ways=8)
[DEFAULT] cpu0_L1I: max_tag_bandwidth=1 (derived from sets=64)
[DEFAULT] cpu0_L1I: max_fill_bandwidth=1 (derived from sets=64)
[DEFAULT] cpu0_L1I: mshr_size=8 (derived from sets=64, fill_latency=2, fill_bw=1)
[DEFAULT] cpu0_L2C: num_sets=1024 (scaled from base=512 x 2 upper levels)
[DEFAULT] cpu0_L2C: hit_latency=4, fill_latency=5 (derived from sets=1024, ways=8)
[DEFAULT] cpu0_L2C: max_tag_bandwidth=2 (derived from sets=1024)
[DEFAULT] cpu0_L2C: max_fill_bandwidth=2 (derived from sets=1024)
[DEFAULT] cpu0_L2C: mshr_size=640 (derived from sets=1024, fill_latency=5, fill_bw=2)
[DEFAULT] cpu0_STLB: num_sets=256 (scaled from base=64 x 3 upper levels)
[DEFAULT] cpu0_STLB: hit_latency=3, fill_latency=4 (derived from sets=256, ways=12)
[DEFAULT] cpu0_STLB: max_tag_bandwidth=1 (derived from sets=256)
[DEFAULT] cpu0_STLB: max_fill_bandwidth=1 (derived from sets=256)
[DEFAULT] cpu0_STLB: mshr_size=64 (derived from sets=256, fill_latency=4, fill_bw=1)
[VMEM] WARNING: physical memory size is smaller than virtual memory size.

*** ChampSim Multicore Out-of-Order Simulator ***
Warmup Instructions: 50000000
Simulation Instructions: 200000000
Number of CPUs: 1
Page size: 4096

Off-chip DRAM Size: 16 GiB Channels: 1 Width: 64-bit Data Rate: 3205 MT/s
Heartbeat CPU 0 instructions: 10000002 cycles: 3459232 heartbeat IPC: 2.891 cumulative IPC: 2.891 (Simulation time: 00 hr 01 min 04 sec)
Heartbeat CPU 0 instructions: 20000003 cycles: 6913841 heartbeat IPC: 2.895 cumulative IPC: 2.893 (Simulation time: 00 hr 02 min 02 sec)
Heartbeat CPU 0 instructions: 30000004 cycles: 10367795 heartbeat IPC: 2.895 cumulative IPC: 2.894 (Simulation time: 00 hr 03 min 01 sec)
Heartbeat CPU 0 instructions: 40000003 cycles: 13593548 heartbeat IPC: 3.1 cumulative IPC: 2.943 (Simulation time: 00 hr 03 min 53 sec)
Heartbeat CPU 0 instructions: 50000004 cycles: 16942677 heartbeat IPC: 2.986 cumulative IPC: 2.951 (Simulation time: 00 hr 04 min 48 sec)
Warmup finished CPU 0 instructions: 50000004 cycles: 16942677 cumulative IPC: 2.951 (Simulation time: 00 hr 04 min 48 sec)
Warmup complete CPU 0 instructions: 50000004 cycles: 16942677 cumulative IPC: 2.951 (Simulation time: 00 hr 04 min 48 sec)
Heartbeat CPU 0 instructions: 60000000 cycles: 25371187 heartbeat IPC: 1.186 cumulative IPC: 1.186 (Simulation time: 00 hr 06 min 15 sec)
Heartbeat CPU 0 instructions: 70000000 cycles: 33966744 heartbeat IPC: 1.163 cumulative IPC: 1.175 (Simulation time: 00 hr 07 min 44 sec)
Heartbeat CPU 0 instructions: 80000003 cycles: 42101527 heartbeat IPC: 1.229 cumulative IPC: 1.192 (Simulation time: 00 hr 09 min 14 sec)
Heartbeat CPU 0 instructions: 90000000 cycles: 50568896 heartbeat IPC: 1.181 cumulative IPC: 1.19 (Simulation time: 00 hr 10 min 52 sec)
Heartbeat CPU 0 instructions: 100000002 cycles: 58921000 heartbeat IPC: 1.197 cumulative IPC: 1.191 (Simulation time: 00 hr 12 min 32 sec)
Heartbeat CPU 0 instructions: 110000004 cycles: 67080922 heartbeat IPC: 1.226 cumulative IPC: 1.197 (Simulation time: 00 hr 14 min 13 sec)
Heartbeat CPU 0 instructions: 120000002 cycles: 75505955 heartbeat IPC: 1.187 cumulative IPC: 1.195 (Simulation time: 00 hr 15 min 57 sec)
Heartbeat CPU 0 instructions: 130000001 cycles: 83921398 heartbeat IPC: 1.188 cumulative IPC: 1.194 (Simulation time: 00 hr 17 min 36 sec)
Heartbeat CPU 0 instructions: 140000001 cycles: 92520987 heartbeat IPC: 1.163 cumulative IPC: 1.191 (Simulation time: 00 hr 19 min 22 sec)
Heartbeat CPU 0 instructions: 150000003 cycles: 101296916 heartbeat IPC: 1.139 cumulative IPC: 1.185 (Simulation time: 00 hr 21 min 05 sec)
Heartbeat CPU 0 instructions: 160000001 cycles: 109912258 heartbeat IPC: 1.161 cumulative IPC: 1.183 (Simulation time: 00 hr 23 min 02 sec)
Heartbeat CPU 0 instructions: 170000004 cycles: 118455881 heartbeat IPC: 1.17 cumulative IPC: 1.182 (Simulation time: 00 hr 24 min 45 sec)
Heartbeat CPU 0 instructions: 180000000 cycles: 127005444 heartbeat IPC: 1.17 cumulative IPC: 1.181 (Simulation time: 00 hr 26 min 18 sec)
Heartbeat CPU 0 instructions: 190000002 cycles: 135571207 heartbeat IPC: 1.167 cumulative IPC: 1.18 (Simulation time: 00 hr 28 min 03 sec)
Heartbeat CPU 0 instructions: 200000002 cycles: 143973474 heartbeat IPC: 1.19 cumulative IPC: 1.181 (Simulation time: 00 hr 29 min 44 sec)
Heartbeat CPU 0 instructions: 210000002 cycles: 152501825 heartbeat IPC: 1.173 cumulative IPC: 1.18 (Simulation time: 00 hr 31 min 34 sec)
Heartbeat CPU 0 instructions: 220000003 cycles: 161037423 heartbeat IPC: 1.172 cumulative IPC: 1.18 (Simulation time: 00 hr 33 min 23 sec)
Heartbeat CPU 0 instructions: 230000004 cycles: 169633364 heartbeat IPC: 1.163 cumulative IPC: 1.179 (Simulation time: 00 hr 35 min 10 sec)
Heartbeat CPU 0 instructions: 240000003 cycles: 177981604 heartbeat IPC: 1.198 cumulative IPC: 1.18 (Simulation time: 00 hr 36 min 59 sec)
Heartbeat CPU 0 instructions: 250000000 cycles: 186478359 heartbeat IPC: 1.177 cumulative IPC: 1.18 (Simulation time: 00 hr 38 min 36 sec)
Simulation finished CPU 0 instructions: 200000001 cycles: 169535683 cumulative IPC: 1.18 (Simulation time: 00 hr 38 min 36 sec)
Simulation complete CPU 0 instructions: 200000001 cycles: 169535683 cumulative IPC: 1.18 (Simulation time: 00 hr 38 min 36 sec)

ChampSim completed all CPUs

=== Simulation ===
CPU 0 runs /home/user/nncpu_campaign/traces/648.exchange2_s-1699B.champsimtrace.xz

Region of Interest Statistics

CPU 0 cumulative IPC: 1.18 instructions: 200000001 cycles: 169535683
CPU 0 Branch Prediction Accuracy: 98.35% MPKI: 2.28 Average ROB Occupancy at Mispredict: 88.27
Branch type MPKI
BRANCH_DIRECT_JUMP: 0.06698
BRANCH_INDIRECT: 0
BRANCH_CONDITIONAL: 2.213
BRANCH_DIRECT_CALL: 0
BRANCH_INDIRECT_CALL: 0
BRANCH_RETURN: 5e-06

cpu0->LLC TOTAL        ACCESS:          8 HIT:          0 MISS:          8 MISS_MERGE:          0
cpu0->LLC LOAD         ACCESS:          5 HIT:          0 MISS:          5 MISS_MERGE:          0
cpu0->LLC RFO          ACCESS:          0 HIT:          0 MISS:          0 MISS_MERGE:          0
cpu0->LLC PREFETCH     ACCESS:          3 HIT:          0 MISS:          3 MISS_MERGE:          0
cpu0->LLC WRITE        ACCESS:          0 HIT:          0 MISS:          0 MISS_MERGE:          0
cpu0->LLC TRANSLATION  ACCESS:          0 HIT:          0 MISS:          0 MISS_MERGE:          0
cpu0->LLC PREFETCH REQUESTED:          0 ISSUED:          0 USEFUL:          0 USELESS:          0
cpu0->LLC AVERAGE MISS LATENCY: 141.2 cycles
cpu0->cpu0_DTLB TOTAL        ACCESS:   69628517 HIT:   69628517 MISS:          0 MISS_MERGE:          0
cpu0->cpu0_DTLB LOAD         ACCESS:   69628517 HIT:   69628517 MISS:          0 MISS_MERGE:          0
cpu0->cpu0_DTLB RFO          ACCESS:          0 HIT:          0 MISS:          0 MISS_MERGE:          0
cpu0->cpu0_DTLB PREFETCH     ACCESS:          0 HIT:          0 MISS:          0 MISS_MERGE:          0
cpu0->cpu0_DTLB WRITE        ACCESS:          0 HIT:          0 MISS:          0 MISS_MERGE:          0
cpu0->cpu0_DTLB TRANSLATION  ACCESS:          0 HIT:          0 MISS:          0 MISS_MERGE:          0
cpu0->cpu0_DTLB PREFETCH REQUESTED:          0 ISSUED:          0 USEFUL:          0 USELESS:          0
cpu0->cpu0_DTLB AVERAGE MISS LATENCY: - cycles
cpu0->cpu0_ITLB TOTAL        ACCESS:   35918795 HIT:   35918795 MISS:          0 MISS_MERGE:          0
cpu0->cpu0_ITLB LOAD         ACCESS:   35918795 HIT:   35918795 MISS:          0 MISS_MERGE:          0
cpu0->cpu0_ITLB RFO          ACCESS:          0 HIT:          0 MISS:          0 MISS_MERGE:          0
cpu0->cpu0_ITLB PREFETCH     ACCESS:          0 HIT:          0 MISS:          0 MISS_MERGE:          0
cpu0->cpu0_ITLB WRITE        ACCESS:          0 HIT:          0 MISS:          0 MISS_MERGE:          0
cpu0->cpu0_ITLB TRANSLATION  ACCESS:          0 HIT:          0 MISS:          0 MISS_MERGE:          0
cpu0->cpu0_ITLB PREFETCH REQUESTED:          0 ISSUED:          0 USEFUL:          0 USELESS:          0
cpu0->cpu0_ITLB AVERAGE MISS LATENCY: - cycles
cpu0->cpu0_L1D TOTAL        ACCESS:   71270084 HIT:   71270078 MISS:          6 MISS_MERGE:          2
cpu0->cpu0_L1D LOAD         ACCESS:   35269874 HIT:   35269873 MISS:          1 MISS_MERGE:          0
cpu0->cpu0_L1D RFO          ACCESS:          0 HIT:          0 MISS:          0 MISS_MERGE:          0
cpu0->cpu0_L1D PREFETCH     ACCESS:    1641567 HIT:    1641562 MISS:          5 MISS_MERGE:          2
cpu0->cpu0_L1D WRITE        ACCESS:   34358643 HIT:   34358643 MISS:          0 MISS_MERGE:          0
cpu0->cpu0_L1D TRANSLATION  ACCESS:          0 HIT:          0 MISS:          0 MISS_MERGE:          0
cpu0->cpu0_L1D PREFETCH REQUESTED:   66974424 ISSUED:    1641562 USEFUL:          0 USELESS:          0
cpu0->cpu0_L1D AVERAGE MISS LATENCY: 160 cycles
cpu0->cpu0_L1I TOTAL        ACCESS:   35918795 HIT:   35915742 MISS:       3053 MISS_MERGE:       1039
cpu0->cpu0_L1I LOAD         ACCESS:   35918795 HIT:   35915742 MISS:       3053 MISS_MERGE:       1039
cpu0->cpu0_L1I RFO          ACCESS:          0 HIT:          0 MISS:          0 MISS_MERGE:          0
cpu0->cpu0_L1I PREFETCH     ACCESS:          0 HIT:          0 MISS:          0 MISS_MERGE:          0
cpu0->cpu0_L1I WRITE        ACCESS:          0 HIT:          0 MISS:          0 MISS_MERGE:          0
cpu0->cpu0_L1I TRANSLATION  ACCESS:          0 HIT:          0 MISS:          0 MISS_MERGE:          0
cpu0->cpu0_L1I PREFETCH REQUESTED:          0 ISSUED:          0 USEFUL:          0 USELESS:          0
cpu0->cpu0_L1I AVERAGE MISS LATENCY: 6.309 cycles
cpu0->cpu0_L2C TOTAL        ACCESS:       2018 HIT:       2010 MISS:          8 MISS_MERGE:          0
cpu0->cpu0_L2C LOAD         ACCESS:       2015 HIT:       2010 MISS:          5 MISS_MERGE:          0
cpu0->cpu0_L2C RFO          ACCESS:          0 HIT:          0 MISS:          0 MISS_MERGE:          0
cpu0->cpu0_L2C PREFETCH     ACCESS:          3 HIT:          0 MISS:          3 MISS_MERGE:          0
cpu0->cpu0_L2C WRITE        ACCESS:          0 HIT:          0 MISS:          0 MISS_MERGE:          0
cpu0->cpu0_L2C TRANSLATION  ACCESS:          0 HIT:          0 MISS:          0 MISS_MERGE:          0
cpu0->cpu0_L2C PREFETCH REQUESTED:          0 ISSUED:          0 USEFUL:          0 USELESS:          0
cpu0->cpu0_L2C AVERAGE MISS LATENCY: 154.2 cycles

DRAM Statistics

Channel 0 RQ ROW_BUFFER_HIT:          0
  ROW_BUFFER_MISS:          8
  AVG DBUS CONGESTED CYCLE: 2.75
Channel 0 WQ ROW_BUFFER_HIT:          0
  ROW_BUFFER_MISS:          0
  FULL:          0
Channel 0 REFRESHES ISSUED:      14128
NNCPU_REGULARITY roi_decisions=35269874 roi_suppressed=0 roi_issued=1641562 gate_enabled=false window=16 support_percent=35 degree=3
