[DEFAULT] LLC: frequency=4000 (inherited from max core frequency)
[DEFAULT] LLC: hit_latency=7, fill_latency=8 (derived from sets=2048, ways=16)
[DEFAULT] LLC: max_tag_bandwidth=4 (derived from sets=2048)
[DEFAULT] LLC: max_fill_bandwidth=4 (derived from sets=2048)
[DEFAULT] LLC: mshr_size=4096 (derived from sets=2048, fill_latency=8, fill_bw=4)
[DEFAULT] cpu0_DTLB: hit_latency=1, fill_latency=1 (derived from sets=16, ways=4)
[DEFAULT] cpu0_DTLB: max_tag_bandwidth=1 (derived from sets=16)
[DEFAULT] cpu0_DTLB: max_fill_bandwidth=1 (derived from sets=16)
[DEFAULT] cpu0_ITLB: hit_latency=1, fill_latency=1 (derived from sets=16, ways=4)
[DEFAULT] cpu0_ITLB: max_tag_bandwidth=1 (derived from sets=16)
[DEFAULT] cpu0_ITLB: max_fill_bandwidth=1 (derived from sets=16)
[DEFAULT] cpu0_ITLB: mshr_size=1 (derived from sets=16, fill_latency=1, fill_bw=1)
[DEFAULT] cpu0_L1D: num_sets=128 (scaled from base=64 x 2 upper levels)
[DEFAULT] cpu0_L1D: hit_latency=2, fill_latency=3 (derived from sets=128, ways=12)
[DEFAULT] cpu0_L1D: max_tag_bandwidth=1 (derived from sets=128)
[DEFAULT] cpu0_L1D: max_fill_bandwidth=1 (derived from sets=128)
[DEFAULT] cpu0_L1D: mshr_size=24 (derived from sets=128, fill_latency=3, fill_bw=1)
[DEFAULT] cpu0_L1I: hit_latency=2, fill_latency=2 (derived from sets=64, ways=8)
[DEFAULT] cpu0_L1I: max_tag_bandwidth=1 (derived from sets=64)
[DEFAULT] cpu0_L1I: max_fill_bandwidth=1 (derived from sets=64)
[DEFAULT] cpu0_L1I: mshr_size=8 (derived from sets=64, fill_latency=2, fill_bw=1)
[DEFAULT] cpu0_L2C: num_sets=1024 (scaled from base=512 x 2 upper levels)
[DEFAULT] cpu0_L2C: hit_latency=4, fill_latency=5 (derived from sets=1024, ways=8)
[DEFAULT] cpu0_L2C: max_tag_bandwidth=2 (derived from sets=1024)
[DEFAULT] cpu0_L2C: max_fill_bandwidth=2 (derived from sets=1024)
[DEFAULT] cpu0_L2C: mshr_size=640 (derived from sets=1024, fill_latency=5, fill_bw=2)
[DEFAULT] cpu0_STLB: num_sets=256 (scaled from base=64 x 3 upper levels)
[DEFAULT] cpu0_STLB: hit_latency=3, fill_latency=4 (derived from sets=256, ways=12)
[DEFAULT] cpu0_STLB: max_tag_bandwidth=1 (derived from sets=256)
[DEFAULT] cpu0_STLB: max_fill_bandwidth=1 (derived from sets=256)
[DEFAULT] cpu0_STLB: mshr_size=64 (derived from sets=256, fill_latency=4, fill_bw=1)
[VMEM] WARNING: physical memory size is smaller than virtual memory size.

*** ChampSim Multicore Out-of-Order Simulator ***
Warmup Instructions: 50000000
Simulation Instructions: 200000000
Number of CPUs: 1
Page size: 4096

Off-chip DRAM Size: 16 GiB Channels: 1 Width: 64-bit Data Rate: 3205 MT/s
Heartbeat CPU 0 instructions: 10000002 cycles: 3459232 heartbeat IPC: 2.891 cumulative IPC: 2.891 (Simulation time: 00 hr 01 min 04 sec)
Heartbeat CPU 0 instructions: 20000003 cycles: 6913841 heartbeat IPC: 2.895 cumulative IPC: 2.893 (Simulation time: 00 hr 02 min 08 sec)
Heartbeat CPU 0 instructions: 30000004 cycles: 10367795 heartbeat IPC: 2.895 cumulative IPC: 2.894 (Simulation time: 00 hr 03 min 11 sec)
Heartbeat CPU 0 instructions: 40000003 cycles: 13593578 heartbeat IPC: 3.1 cumulative IPC: 2.943 (Simulation time: 00 hr 04 min 06 sec)
Heartbeat CPU 0 instructions: 50000004 cycles: 16942707 heartbeat IPC: 2.986 cumulative IPC: 2.951 (Simulation time: 00 hr 05 min 07 sec)
Warmup finished CPU 0 instructions: 50000004 cycles: 16942707 cumulative IPC: 2.951 (Simulation time: 00 hr 05 min 07 sec)
Warmup complete CPU 0 instructions: 50000004 cycles: 16942707 cumulative IPC: 2.951 (Simulation time: 00 hr 05 min 07 sec)
Heartbeat CPU 0 instructions: 60000000 cycles: 25370606 heartbeat IPC: 1.187 cumulative IPC: 1.187 (Simulation time: 00 hr 06 min 39 sec)
Heartbeat CPU 0 instructions: 70000000 cycles: 33966032 heartbeat IPC: 1.163 cumulative IPC: 1.175 (Simulation time: 00 hr 08 min 10 sec)
Heartbeat CPU 0 instructions: 80000003 cycles: 42100426 heartbeat IPC: 1.229 cumulative IPC: 1.192 (Simulation time: 00 hr 09 min 36 sec)
Heartbeat CPU 0 instructions: 90000000 cycles: 50567667 heartbeat IPC: 1.181 cumulative IPC: 1.19 (Simulation time: 00 hr 11 min 12 sec)
Heartbeat CPU 0 instructions: 100000002 cycles: 58919151 heartbeat IPC: 1.197 cumulative IPC: 1.191 (Simulation time: 00 hr 12 min 46 sec)
Heartbeat CPU 0 instructions: 110000004 cycles: 67079137 heartbeat IPC: 1.225 cumulative IPC: 1.197 (Simulation time: 00 hr 14 min 19 sec)
Heartbeat CPU 0 instructions: 120000002 cycles: 75503731 heartbeat IPC: 1.187 cumulative IPC: 1.195 (Simulation time: 00 hr 15 min 52 sec)
Heartbeat CPU 0 instructions: 130000001 cycles: 83917943 heartbeat IPC: 1.188 cumulative IPC: 1.194 (Simulation time: 00 hr 17 min 37 sec)
Heartbeat CPU 0 instructions: 140000001 cycles: 92517023 heartbeat IPC: 1.163 cumulative IPC: 1.191 (Simulation time: 00 hr 19 min 15 sec)
Heartbeat CPU 0 instructions: 150000003 cycles: 101291974 heartbeat IPC: 1.14 cumulative IPC: 1.186 (Simulation time: 00 hr 21 min 00 sec)
Heartbeat CPU 0 instructions: 160000001 cycles: 109906533 heartbeat IPC: 1.161 cumulative IPC: 1.183 (Simulation time: 00 hr 22 min 37 sec)
Heartbeat CPU 0 instructions: 170000004 cycles: 118449148 heartbeat IPC: 1.171 cumulative IPC: 1.182 (Simulation time: 00 hr 24 min 10 sec)
Heartbeat CPU 0 instructions: 180000000 cycles: 126998350 heartbeat IPC: 1.17 cumulative IPC: 1.181 (Simulation time: 00 hr 25 min 47 sec)
Heartbeat CPU 0 instructions: 190000002 cycles: 135563440 heartbeat IPC: 1.168 cumulative IPC: 1.18 (Simulation time: 00 hr 27 min 40 sec)
Heartbeat CPU 0 instructions: 200000002 cycles: 143965533 heartbeat IPC: 1.19 cumulative IPC: 1.181 (Simulation time: 00 hr 29 min 16 sec)
Heartbeat CPU 0 instructions: 210000002 cycles: 152493209 heartbeat IPC: 1.173 cumulative IPC: 1.18 (Simulation time: 00 hr 30 min 48 sec)
Heartbeat CPU 0 instructions: 220000003 cycles: 161028269 heartbeat IPC: 1.172 cumulative IPC: 1.18 (Simulation time: 00 hr 32 min 29 sec)
Heartbeat CPU 0 instructions: 230000004 cycles: 169623421 heartbeat IPC: 1.163 cumulative IPC: 1.179 (Simulation time: 00 hr 34 min 10 sec)
Heartbeat CPU 0 instructions: 240000003 cycles: 177970384 heartbeat IPC: 1.198 cumulative IPC: 1.18 (Simulation time: 00 hr 35 min 48 sec)
Heartbeat CPU 0 instructions: 250000000 cycles: 186466574 heartbeat IPC: 1.177 cumulative IPC: 1.18 (Simulation time: 00 hr 37 min 33 sec)
Simulation finished CPU 0 instructions: 200000001 cycles: 169523868 cumulative IPC: 1.18 (Simulation time: 00 hr 37 min 33 sec)
Simulation complete CPU 0 instructions: 200000001 cycles: 169523868 cumulative IPC: 1.18 (Simulation time: 00 hr 37 min 33 sec)

ChampSim completed all CPUs

=== Simulation ===
CPU 0 runs /home/user/nncpu_campaign/traces/648.exchange2_s-1699B.champsimtrace.xz

Region of Interest Statistics

CPU 0 cumulative IPC: 1.18 instructions: 200000001 cycles: 169523868
CPU 0 Branch Prediction Accuracy: 98.35% MPKI: 2.28 Average ROB Occupancy at Mispredict: 88.26
Branch type MPKI
BRANCH_DIRECT_JUMP: 0.06698
BRANCH_INDIRECT: 0
BRANCH_CONDITIONAL: 2.213
BRANCH_DIRECT_CALL: 0
BRANCH_INDIRECT_CALL: 0
BRANCH_RETURN: 5e-06

cpu0->LLC TOTAL        ACCESS:          8 HIT:          0 MISS:          8 MISS_MERGE:          0
cpu0->LLC LOAD         ACCESS:          5 HIT:          0 MISS:          5 MISS_MERGE:          0
cpu0->LLC RFO          ACCESS:          0 HIT:          0 MISS:          0 MISS_MERGE:          0
cpu0->LLC PREFETCH     ACCESS:          3 HIT:          0 MISS:          3 MISS_MERGE:          0
cpu0->LLC WRITE        ACCESS:          0 HIT:          0 MISS:          0 MISS_MERGE:          0
cpu0->LLC TRANSLATION  ACCESS:          0 HIT:          0 MISS:          0 MISS_MERGE:          0
cpu0->LLC PREFETCH REQUESTED:          0 ISSUED:          0 USEFUL:          0 USELESS:          0
cpu0->LLC AVERAGE MISS LATENCY: 141.2 cycles
cpu0->cpu0_DTLB TOTAL        ACCESS:   69629087 HIT:   69629087 MISS:          0 MISS_MERGE:          0
cpu0->cpu0_DTLB LOAD         ACCESS:   69629087 HIT:   69629087 MISS:          0 MISS_MERGE:          0
cpu0->cpu0_DTLB RFO          ACCESS:          0 HIT:          0 MISS:          0 MISS_MERGE:          0
cpu0->cpu0_DTLB PREFETCH     ACCESS:          0 HIT:          0 MISS:          0 MISS_MERGE:          0
cpu0->cpu0_DTLB WRITE        ACCESS:          0 HIT:          0 MISS:          0 MISS_MERGE:          0
cpu0->cpu0_DTLB TRANSLATION  ACCESS:          0 HIT:          0 MISS:          0 MISS_MERGE:          0
cpu0->cpu0_DTLB PREFETCH REQUESTED:          0 ISSUED:          0 USEFUL:          0 USELESS:          0
cpu0->cpu0_DTLB AVERAGE MISS LATENCY: - cycles
cpu0->cpu0_ITLB TOTAL        ACCESS:   35918431 HIT:   35918431 MISS:          0 MISS_MERGE:          0
cpu0->cpu0_ITLB LOAD         ACCESS:   35918431 HIT:   35918431 MISS:          0 MISS_MERGE:          0
cpu0->cpu0_ITLB RFO          ACCESS:          0 HIT:          0 MISS:          0 MISS_MERGE:          0
cpu0->cpu0_ITLB PREFETCH     ACCESS:          0 HIT:          0 MISS:          0 MISS_MERGE:          0
cpu0->cpu0_ITLB WRITE        ACCESS:          0 HIT:          0 MISS:          0 MISS_MERGE:          0
cpu0->cpu0_ITLB TRANSLATION  ACCESS:          0 HIT:          0 MISS:          0 MISS_MERGE:          0
cpu0->cpu0_ITLB PREFETCH REQUESTED:          0 ISSUED:          0 USEFUL:          0 USELESS:          0
cpu0->cpu0_ITLB AVERAGE MISS LATENCY: - cycles
cpu0->cpu0_L1D TOTAL        ACCESS:   70970311 HIT:   70970305 MISS:          6 MISS_MERGE:          2
cpu0->cpu0_L1D LOAD         ACCESS:   35270444 HIT:   35270443 MISS:          1 MISS_MERGE:          0
cpu0->cpu0_L1D RFO          ACCESS:          0 HIT:          0 MISS:          0 MISS_MERGE:          0
cpu0->cpu0_L1D PREFETCH     ACCESS:    1341224 HIT:    1341219 MISS:          5 MISS_MERGE:          2
cpu0->cpu0_L1D WRITE        ACCESS:   34358643 HIT:   34358643 MISS:          0 MISS_MERGE:          0
cpu0->cpu0_L1D TRANSLATION  ACCESS:          0 HIT:          0 MISS:          0 MISS_MERGE:          0
cpu0->cpu0_L1D PREFETCH REQUESTED:   15631609 ISSUED:    1341219 USEFUL:          0 USELESS:          0
cpu0->cpu0_L1D AVERAGE MISS LATENCY: 160 cycles
cpu0->cpu0_L1I TOTAL        ACCESS:   35918431 HIT:   35915378 MISS:       3053 MISS_MERGE:       1039
cpu0->cpu0_L1I LOAD         ACCESS:   35918431 HIT:   35915378 MISS:       3053 MISS_MERGE:       1039
cpu0->cpu0_L1I RFO          ACCESS:          0 HIT:          0 MISS:          0 MISS_MERGE:          0
cpu0->cpu0_L1I PREFETCH     ACCESS:          0 HIT:          0 MISS:          0 MISS_MERGE:          0
cpu0->cpu0_L1I WRITE        ACCESS:          0 HIT:          0 MISS:          0 MISS_MERGE:          0
cpu0->cpu0_L1I TRANSLATION  ACCESS:          0 HIT:          0 MISS:          0 MISS_MERGE:          0
cpu0->cpu0_L1I PREFETCH REQUESTED:          0 ISSUED:          0 USEFUL:          0 USELESS:          0
cpu0->cpu0_L1I AVERAGE MISS LATENCY: 6.309 cycles
cpu0->cpu0_L2C TOTAL        ACCESS:       2018 HIT:       2010 MISS:          8 MISS_MERGE:          0
cpu0->cpu0_L2C LOAD         ACCESS:       2015 HIT:       2010 MISS:          5 MISS_MERGE:          0
cpu0->cpu0_L2C RFO          ACCESS:          0 HIT:          0 MISS:          0 MISS_MERGE:          0
cpu0->cpu0_L2C PREFETCH     ACCESS:          3 HIT:          0 MISS:          3 MISS_MERGE:          0
cpu0->cpu0_L2C WRITE        ACCESS:          0 HIT:          0 MISS:          0 MISS_MERGE:          0
cpu0->cpu0_L2C TRANSLATION  ACCESS:          0 HIT:          0 MISS:          0 MISS_MERGE:          0
cpu0->cpu0_L2C PREFETCH REQUESTED:          0 ISSUED:          0 USEFUL:          0 USELESS:          0
cpu0->cpu0_L2C AVERAGE MISS LATENCY: 154.2 cycles

DRAM Statistics

Channel 0 RQ ROW_BUFFER_HIT:          0
  ROW_BUFFER_MISS:          8
  AVG DBUS CONGESTED CYCLE: 2.75
Channel 0 WQ ROW_BUFFER_HIT:          0
  ROW_BUFFER_MISS:          0
  FULL:          0
Channel 0 REFRESHES ISSUED:      14127
NNCPU_REGULARITY roi_decisions=35270444 roi_suppressed=1053987 roi_issued=1341219 gate_enabled=true window=16 support_percent=35 degree=3
