[DEFAULT] LLC: frequency=4000 (inherited from max core frequency)
[DEFAULT] LLC: hit_latency=7, fill_latency=8 (derived from sets=2048, ways=16)
[DEFAULT] LLC: max_tag_bandwidth=4 (derived from sets=2048)
[DEFAULT] LLC: max_fill_bandwidth=4 (derived from sets=2048)
[DEFAULT] LLC: mshr_size=4096 (derived from sets=2048, fill_latency=8, fill_bw=4)
[DEFAULT] cpu0_DTLB: hit_latency=1, fill_latency=1 (derived from sets=16, ways=4)
[DEFAULT] cpu0_DTLB: max_tag_bandwidth=1 (derived from sets=16)
[DEFAULT] cpu0_DTLB: max_fill_bandwidth=1 (derived from sets=16)
[DEFAULT] cpu0_ITLB: hit_latency=1, fill_latency=1 (derived from sets=16, ways=4)
[DEFAULT] cpu0_ITLB: max_tag_bandwidth=1 (derived from sets=16)
[DEFAULT] cpu0_ITLB: max_fill_bandwidth=1 (derived from sets=16)
[DEFAULT] cpu0_ITLB: mshr_size=1 (derived from sets=16, fill_latency=1, fill_bw=1)
[DEFAULT] cpu0_L1D: num_sets=128 (scaled from base=64 x 2 upper levels)
[DEFAULT] cpu0_L1D: hit_latency=2, fill_latency=3 (derived from sets=128, ways=12)
[DEFAULT] cpu0_L1D: max_tag_bandwidth=1 (derived from sets=128)
[DEFAULT] cpu0_L1D: max_fill_bandwidth=1 (derived from sets=128)
[DEFAULT] cpu0_L1D: mshr_size=24 (derived from sets=128, fill_latency=3, fill_bw=1)
[DEFAULT] cpu0_L1I: hit_latency=2, fill_latency=2 (derived from sets=64, ways=8)
[DEFAULT] cpu0_L1I: max_tag_bandwidth=1 (derived from sets=64)
[DEFAULT] cpu0_L1I: max_fill_bandwidth=1 (derived from sets=64)
[DEFAULT] cpu0_L1I: mshr_size=8 (derived from sets=64, fill_latency=2, fill_bw=1)
[DEFAULT] cpu0_L2C: num_sets=1024 (scaled from base=512 x 2 upper levels)
[DEFAULT] cpu0_L2C: hit_latency=4, fill_latency=5 (derived from sets=1024, ways=8)
[DEFAULT] cpu0_L2C: max_tag_bandwidth=2 (derived from sets=1024)
[DEFAULT] cpu0_L2C: max_fill_bandwidth=2 (derived from sets=1024)
[DEFAULT] cpu0_L2C: mshr_size=640 (derived from sets=1024, fill_latency=5, fill_bw=2)
[DEFAULT] cpu0_STLB: num_sets=256 (scaled from base=64 x 3 upper levels)
[DEFAULT] cpu0_STLB: hit_latency=3, fill_latency=4 (derived from sets=256, ways=12)
[DEFAULT] cpu0_STLB: max_tag_bandwidth=1 (derived from sets=256)
[DEFAULT] cpu0_STLB: max_fill_bandwidth=1 (derived from sets=256)
[DEFAULT] cpu0_STLB: mshr_size=64 (derived from sets=256, fill_latency=4, fill_bw=1)
[VMEM] WARNING: physical memory size is smaller than virtual memory size.

*** ChampSim Multicore Out-of-Order Simulator ***
Warmup Instructions: 50000000
Simulation Instructions: 200000000
Number of CPUs: 1
Page size: 4096

Off-chip DRAM Size: 16 GiB Channels: 1 Width: 64-bit Data Rate: 3205 MT/s
Heartbeat CPU 0 instructions: 10000001 cycles: 4302473 heartbeat IPC: 2.324 cumulative IPC: 2.324 (Simulation time: 00 hr 01 min 01 sec)
Heartbeat CPU 0 instructions: 20000002 cycles: 7359805 heartbeat IPC: 3.271 cumulative IPC: 2.717 (Simulation time: 00 hr 01 min 59 sec)
Heartbeat CPU 0 instructions: 30000000 cycles: 10602720 heartbeat IPC: 3.084 cumulative IPC: 2.829 (Simulation time: 00 hr 02 min 55 sec)
Heartbeat CPU 0 instructions: 40000004 cycles: 13737575 heartbeat IPC: 3.19 cumulative IPC: 2.912 (Simulation time: 00 hr 03 min 44 sec)
Heartbeat CPU 0 instructions: 50000002 cycles: 16673162 heartbeat IPC: 3.406 cumulative IPC: 2.999 (Simulation time: 00 hr 04 min 34 sec)
Warmup finished CPU 0 instructions: 50000002 cycles: 16673162 cumulative IPC: 2.999 (Simulation time: 00 hr 04 min 34 sec)
Warmup complete CPU 0 instructions: 50000002 cycles: 16673162 cumulative IPC: 2.999 (Simulation time: 00 hr 04 min 34 sec)
Heartbeat CPU 0 instructions: 60000003 cycles: 25080940 heartbeat IPC: 1.189 cumulative IPC: 1.189 (Simulation time: 00 hr 05 min 53 sec)
Heartbeat CPU 0 instructions: 70000004 cycles: 33008788 heartbeat IPC: 1.261 cumulative IPC: 1.224 (Simulation time: 00 hr 07 min 17 sec)
Heartbeat CPU 0 instructions: 80000001 cycles: 41218846 heartbeat IPC: 1.218 cumulative IPC: 1.222 (Simulation time: 00 hr 08 min 43 sec)
Heartbeat CPU 0 instructions: 90000000 cycles: 49348705 heartbeat IPC: 1.23 cumulative IPC: 1.224 (Simulation time: 00 hr 10 min 13 sec)
Heartbeat CPU 0 instructions: 100000000 cycles: 57816658 heartbeat IPC: 1.181 cumulative IPC: 1.215 (Simulation time: 00 hr 11 min 43 sec)
Heartbeat CPU 0 instructions: 110000001 cycles: 65970903 heartbeat IPC: 1.226 cumulative IPC: 1.217 (Simulation time: 00 hr 13 min 04 sec)
Heartbeat CPU 0 instructions: 120000000 cycles: 73651134 heartbeat IPC: 1.302 cumulative IPC: 1.229 (Simulation time: 00 hr 14 min 23 sec)
Heartbeat CPU 0 instructions: 130000002 cycles: 80750744 heartbeat IPC: 1.409 cumulative IPC: 1.248 (Simulation time: 00 hr 15 min 49 sec)
Heartbeat CPU 0 instructions: 140000000 cycles: 88489269 heartbeat IPC: 1.292 cumulative IPC: 1.253 (Simulation time: 00 hr 17 min 10 sec)
Heartbeat CPU 0 instructions: 150000004 cycles: 95656429 heartbeat IPC: 1.395 cumulative IPC: 1.266 (Simulation time: 00 hr 18 min 29 sec)
Heartbeat CPU 0 instructions: 160000001 cycles: 102641104 heartbeat IPC: 1.432 cumulative IPC: 1.28 (Simulation time: 00 hr 19 min 55 sec)
Heartbeat CPU 0 instructions: 170000000 cycles: 110962850 heartbeat IPC: 1.202 cumulative IPC: 1.273 (Simulation time: 00 hr 21 min 18 sec)
Heartbeat CPU 0 instructions: 180000001 cycles: 120606419 heartbeat IPC: 1.037 cumulative IPC: 1.251 (Simulation time: 00 hr 22 min 51 sec)
Heartbeat CPU 0 instructions: 190000001 cycles: 131219837 heartbeat IPC: 0.9422 cumulative IPC: 1.222 (Simulation time: 00 hr 24 min 19 sec)
Heartbeat CPU 0 instructions: 200000001 cycles: 141132528 heartbeat IPC: 1.009 cumulative IPC: 1.205 (Simulation time: 00 hr 25 min 48 sec)
Heartbeat CPU 0 instructions: 210000000 cycles: 150756270 heartbeat IPC: 1.039 cumulative IPC: 1.193 (Simulation time: 00 hr 27 min 17 sec)
Heartbeat CPU 0 instructions: 220000003 cycles: 159696343 heartbeat IPC: 1.119 cumulative IPC: 1.189 (Simulation time: 00 hr 28 min 44 sec)
Heartbeat CPU 0 instructions: 230000004 cycles: 167807279 heartbeat IPC: 1.233 cumulative IPC: 1.191 (Simulation time: 00 hr 30 min 09 sec)
Heartbeat CPU 0 instructions: 240000003 cycles: 176053179 heartbeat IPC: 1.213 cumulative IPC: 1.192 (Simulation time: 00 hr 31 min 33 sec)
Heartbeat CPU 0 instructions: 250000003 cycles: 184037036 heartbeat IPC: 1.253 cumulative IPC: 1.195 (Simulation time: 00 hr 32 min 57 sec)
Simulation finished CPU 0 instructions: 200000001 cycles: 167363874 cumulative IPC: 1.195 (Simulation time: 00 hr 32 min 57 sec)
Simulation complete CPU 0 instructions: 200000001 cycles: 167363874 cumulative IPC: 1.195 (Simulation time: 00 hr 32 min 57 sec)

ChampSim completed all CPUs

=== Simulation ===
CPU 0 runs /home/user/nncpu_campaign/traces/657.xz_s-3167B.champsimtrace.xz

Region of Interest Statistics

CPU 0 cumulative IPC: 1.195 instructions: 200000001 cycles: 167363874
CPU 0 Branch Prediction Accuracy: 95.66% MPKI: 6.441 Average ROB Occupancy at Mispredict: 62.34
Branch type MPKI
BRANCH_DIRECT_JUMP: 0.0789
BRANCH_INDIRECT: 0.8356
BRANCH_CONDITIONAL: 5.524
BRANCH_DIRECT_CALL: 0
BRANCH_INDIRECT_CALL: 0.00255
BRANCH_RETURN: 0

cpu0->LLC TOTAL        ACCESS:     602106 HIT:     390739 MISS:     211367 MISS_MERGE:          0
cpu0->LLC LOAD         ACCESS:     272412 HIT:     124747 MISS:     147665 MISS_MERGE:          0
cpu0->LLC RFO          ACCESS:      68415 HIT:       8849 MISS:      59566 MISS_MERGE:          0
cpu0->LLC PREFETCH     ACCESS:          0 HIT:          0 MISS:          0 MISS_MERGE:          0
cpu0->LLC WRITE        ACCESS:     241368 HIT:     238908 MISS:       2460 MISS_MERGE:          0
cpu0->LLC TRANSLATION  ACCESS:      19911 HIT:      18235 MISS:       1676 MISS_MERGE:          0
cpu0->LLC PREFETCH REQUESTED:          0 ISSUED:          0 USEFUL:          0 USELESS:          0
cpu0->LLC AVERAGE MISS LATENCY: 171.6 cycles
cpu0->cpu0_DTLB TOTAL        ACCESS:   56664569 HIT:   55524181 MISS:    1140388 MISS_MERGE:     126632
cpu0->cpu0_DTLB LOAD         ACCESS:   56664569 HIT:   55524181 MISS:    1140388 MISS_MERGE:     126632
cpu0->cpu0_DTLB RFO          ACCESS:          0 HIT:          0 MISS:          0 MISS_MERGE:          0
cpu0->cpu0_DTLB PREFETCH     ACCESS:          0 HIT:          0 MISS:          0 MISS_MERGE:          0
cpu0->cpu0_DTLB WRITE        ACCESS:          0 HIT:          0 MISS:          0 MISS_MERGE:          0
cpu0->cpu0_DTLB TRANSLATION  ACCESS:          0 HIT:          0 MISS:          0 MISS_MERGE:          0
cpu0->cpu0_DTLB PREFETCH REQUESTED:          0 ISSUED:          0 USEFUL:          0 USELESS:          0
cpu0->cpu0_DTLB AVERAGE MISS LATENCY: 7.056 cycles
cpu0->cpu0_ITLB TOTAL        ACCESS:   17131817 HIT:   17131817 MISS:          0 MISS_MERGE:          0
cpu0->cpu0_ITLB LOAD         ACCESS:   17131817 HIT:   17131817 MISS:          0 MISS_MERGE:          0
cpu0->cpu0_ITLB RFO          ACCESS:          0 HIT:          0 MISS:          0 MISS_MERGE:          0
cpu0->cpu0_ITLB PREFETCH     ACCESS:          0 HIT:          0 MISS:          0 MISS_MERGE:          0
cpu0->cpu0_ITLB WRITE        ACCESS:          0 HIT:          0 MISS:          0 MISS_MERGE:          0
cpu0->cpu0_ITLB TRANSLATION  ACCESS:          0 HIT:          0 MISS:          0 MISS_MERGE:          0
cpu0->cpu0_ITLB PREFETCH REQUESTED:          0 ISSUED:          0 USEFUL:          0 USELESS:          0
cpu0->cpu0_ITLB AVERAGE MISS LATENCY: - cycles
cpu0->cpu0_L1D TOTAL        ACCESS:   56756888 HIT:   55691831 MISS:    1065057 MISS_MERGE:     352437
cpu0->cpu0_L1D LOAD         ACCESS:   43056837 HIT:   42344589 MISS:     712248 MISS_MERGE:     205700
cpu0->cpu0_L1D RFO          ACCESS:          0 HIT:          0 MISS:          0 MISS_MERGE:          0
cpu0->cpu0_L1D PREFETCH     ACCESS:          0 HIT:          0 MISS:          0 MISS_MERGE:          0
cpu0->cpu0_L1D WRITE        ACCESS:   13607731 HIT:   13294828 MISS:     312903 MISS_MERGE:     146660
cpu0->cpu0_L1D TRANSLATION  ACCESS:      92320 HIT:      52414 MISS:      39906 MISS_MERGE:         77
cpu0->cpu0_L1D PREFETCH REQUESTED:          0 ISSUED:          0 USEFUL:          0 USELESS:          0
cpu0->cpu0_L1D AVERAGE MISS LATENCY: 64.74 cycles
cpu0->cpu0_L1I TOTAL        ACCESS:   17131817 HIT:   17130385 MISS:       1432 MISS_MERGE:        767
cpu0->cpu0_L1I LOAD         ACCESS:   17131817 HIT:   17130385 MISS:       1432 MISS_MERGE:        767
cpu0->cpu0_L1I RFO          ACCESS:          0 HIT:          0 MISS:          0 MISS_MERGE:          0
cpu0->cpu0_L1I PREFETCH     ACCESS:          0 HIT:          0 MISS:          0 MISS_MERGE:          0
cpu0->cpu0_L1I WRITE        ACCESS:          0 HIT:          0 MISS:          0 MISS_MERGE:          0
cpu0->cpu0_L1I TRANSLATION  ACCESS:          0 HIT:          0 MISS:          0 MISS_MERGE:          0
cpu0->cpu0_L1I PREFETCH REQUESTED:          0 ISSUED:          0 USEFUL:          0 USELESS:          0
cpu0->cpu0_L1I AVERAGE MISS LATENCY: 28 cycles
cpu0->cpu0_L2C TOTAL        ACCESS:    1193912 HIT:     830110 MISS:     363802 MISS_MERGE:          1
cpu0->cpu0_L2C LOAD         ACCESS:     507213 HIT:     234800 MISS:     272413 MISS_MERGE:          1
cpu0->cpu0_L2C RFO          ACCESS:     166243 HIT:      97828 MISS:      68415 MISS_MERGE:          0
cpu0->cpu0_L2C PREFETCH     ACCESS:          0 HIT:          0 MISS:          0 MISS_MERGE:          0
cpu0->cpu0_L2C WRITE        ACCESS:     480627 HIT:     477564 MISS:       3063 MISS_MERGE:          0
cpu0->cpu0_L2C TRANSLATION  ACCESS:      39829 HIT:      19918 MISS:      19911 MISS_MERGE:          0
cpu0->cpu0_L2C PREFETCH REQUESTED:          0 ISSUED:          0 USEFUL:          0 USELESS:          0
cpu0->cpu0_L2C AVERAGE MISS LATENCY: 112.2 cycles
cpu0->cpu0_STLB TOTAL        ACCESS:    1013756 HIT:     967597 MISS:      46159 MISS_MERGE:          0
cpu0->cpu0_STLB LOAD         ACCESS:    1013756 HIT:     967597 MISS:      46159 MISS_MERGE:          0
cpu0->cpu0_STLB RFO          ACCESS:          0 HIT:          0 MISS:          0 MISS_MERGE:          0
cpu0->cpu0_STLB PREFETCH     ACCESS:          0 HIT:          0 MISS:          0 MISS_MERGE:          0
cpu0->cpu0_STLB WRITE        ACCESS:          0 HIT:          0 MISS:          0 MISS_MERGE:          0
cpu0->cpu0_STLB TRANSLATION  ACCESS:          0 HIT:          0 MISS:          0 MISS_MERGE:          0
cpu0->cpu0_STLB PREFETCH REQUESTED:          0 ISSUED:          0 USEFUL:          0 USELESS:          0
cpu0->cpu0_STLB AVERAGE MISS LATENCY: 66.11 cycles

DRAM Statistics

Channel 0 RQ ROW_BUFFER_HIT:       1778
  ROW_BUFFER_MISS:     207126
  AVG DBUS CONGESTED CYCLE: 17.71
Channel 0 WQ ROW_BUFFER_HIT:      23967
  ROW_BUFFER_MISS:     136855
  FULL:          0
Channel 0 REFRESHES ISSUED:      13947
