[DEFAULT] LLC: frequency=4000 (inherited from max core frequency)
[DEFAULT] LLC: hit_latency=7, fill_latency=8 (derived from sets=2048, ways=16)
[DEFAULT] LLC: max_tag_bandwidth=4 (derived from sets=2048)
[DEFAULT] LLC: max_fill_bandwidth=4 (derived from sets=2048)
[DEFAULT] LLC: mshr_size=4096 (derived from sets=2048, fill_latency=8, fill_bw=4)
[DEFAULT] cpu0_DTLB: hit_latency=1, fill_latency=1 (derived from sets=16, ways=4)
[DEFAULT] cpu0_DTLB: max_tag_bandwidth=1 (derived from sets=16)
[DEFAULT] cpu0_DTLB: max_fill_bandwidth=1 (derived from sets=16)
[DEFAULT] cpu0_ITLB: hit_latency=1, fill_latency=1 (derived from sets=16, ways=4)
[DEFAULT] cpu0_ITLB: max_tag_bandwidth=1 (derived from sets=16)
[DEFAULT] cpu0_ITLB: max_fill_bandwidth=1 (derived from sets=16)
[DEFAULT] cpu0_ITLB: mshr_size=1 (derived from sets=16, fill_latency=1, fill_bw=1)
[DEFAULT] cpu0_L1D: num_sets=128 (scaled from base=64 x 2 upper levels)
[DEFAULT] cpu0_L1D: hit_latency=2, fill_latency=3 (derived from sets=128, ways=12)
[DEFAULT] cpu0_L1D: max_tag_bandwidth=1 (derived from sets=128)
[DEFAULT] cpu0_L1D: max_fill_bandwidth=1 (derived from sets=128)
[DEFAULT] cpu0_L1D: mshr_size=24 (derived from sets=128, fill_latency=3, fill_bw=1)
[DEFAULT] cpu0_L1I: hit_latency=2, fill_latency=2 (derived from sets=64, ways=8)
[DEFAULT] cpu0_L1I: max_tag_bandwidth=1 (derived from sets=64)
[DEFAULT] cpu0_L1I: max_fill_bandwidth=1 (derived from sets=64)
[DEFAULT] cpu0_L1I: mshr_size=8 (derived from sets=64, fill_latency=2, fill_bw=1)
[DEFAULT] cpu0_L2C: num_sets=1024 (scaled from base=512 x 2 upper levels)
[DEFAULT] cpu0_L2C: hit_latency=4, fill_latency=5 (derived from sets=1024, ways=8)
[DEFAULT] cpu0_L2C: max_tag_bandwidth=2 (derived from sets=1024)
[DEFAULT] cpu0_L2C: max_fill_bandwidth=2 (derived from sets=1024)
[DEFAULT] cpu0_L2C: mshr_size=640 (derived from sets=1024, fill_latency=5, fill_bw=2)
[DEFAULT] cpu0_STLB: num_sets=256 (scaled from base=64 x 3 upper levels)
[DEFAULT] cpu0_STLB: hit_latency=3, fill_latency=4 (derived from sets=256, ways=12)
[DEFAULT] cpu0_STLB: max_tag_bandwidth=1 (derived from sets=256)
[DEFAULT] cpu0_STLB: max_fill_bandwidth=1 (derived from sets=256)
[DEFAULT] cpu0_STLB: mshr_size=64 (derived from sets=256, fill_latency=4, fill_bw=1)
[VMEM] WARNING: physical memory size is smaller than virtual memory size.

*** ChampSim Multicore Out-of-Order Simulator ***
Warmup Instructions: 50000000
Simulation Instructions: 200000000
Number of CPUs: 1
Page size: 4096

Off-chip DRAM Size: 16 GiB Channels: 1 Width: 64-bit Data Rate: 3205 MT/s
Heartbeat CPU 0 instructions: 10000001 cycles: 4302881 heartbeat IPC: 2.324 cumulative IPC: 2.324 (Simulation time: 00 hr 01 min 03 sec)
Heartbeat CPU 0 instructions: 20000002 cycles: 7360110 heartbeat IPC: 3.271 cumulative IPC: 2.717 (Simulation time: 00 hr 02 min 07 sec)
Heartbeat CPU 0 instructions: 30000000 cycles: 10602891 heartbeat IPC: 3.084 cumulative IPC: 2.829 (Simulation time: 00 hr 03 min 11 sec)
Heartbeat CPU 0 instructions: 40000004 cycles: 13738105 heartbeat IPC: 3.19 cumulative IPC: 2.912 (Simulation time: 00 hr 04 min 10 sec)
Heartbeat CPU 0 instructions: 50000002 cycles: 16673642 heartbeat IPC: 3.407 cumulative IPC: 2.999 (Simulation time: 00 hr 04 min 59 sec)
Warmup finished CPU 0 instructions: 50000002 cycles: 16673642 cumulative IPC: 2.999 (Simulation time: 00 hr 04 min 59 sec)
Warmup complete CPU 0 instructions: 50000002 cycles: 16673642 cumulative IPC: 2.999 (Simulation time: 00 hr 04 min 59 sec)
Heartbeat CPU 0 instructions: 60000003 cycles: 25086977 heartbeat IPC: 1.189 cumulative IPC: 1.189 (Simulation time: 00 hr 06 min 25 sec)
Heartbeat CPU 0 instructions: 70000004 cycles: 33021878 heartbeat IPC: 1.26 cumulative IPC: 1.223 (Simulation time: 00 hr 07 min 44 sec)
Heartbeat CPU 0 instructions: 80000001 cycles: 41233301 heartbeat IPC: 1.218 cumulative IPC: 1.222 (Simulation time: 00 hr 09 min 04 sec)
Heartbeat CPU 0 instructions: 90000000 cycles: 49366886 heartbeat IPC: 1.229 cumulative IPC: 1.223 (Simulation time: 00 hr 10 min 26 sec)
Heartbeat CPU 0 instructions: 100000000 cycles: 57838136 heartbeat IPC: 1.18 cumulative IPC: 1.215 (Simulation time: 00 hr 11 min 46 sec)
Heartbeat CPU 0 instructions: 110000001 cycles: 65998703 heartbeat IPC: 1.225 cumulative IPC: 1.216 (Simulation time: 00 hr 13 min 05 sec)
Heartbeat CPU 0 instructions: 120000000 cycles: 73682851 heartbeat IPC: 1.301 cumulative IPC: 1.228 (Simulation time: 00 hr 14 min 23 sec)
Heartbeat CPU 0 instructions: 130000002 cycles: 80781018 heartbeat IPC: 1.409 cumulative IPC: 1.248 (Simulation time: 00 hr 15 min 41 sec)
Heartbeat CPU 0 instructions: 140000000 cycles: 88527247 heartbeat IPC: 1.291 cumulative IPC: 1.253 (Simulation time: 00 hr 17 min 02 sec)
Heartbeat CPU 0 instructions: 150000004 cycles: 95693113 heartbeat IPC: 1.396 cumulative IPC: 1.266 (Simulation time: 00 hr 18 min 19 sec)
Heartbeat CPU 0 instructions: 160000001 cycles: 102675007 heartbeat IPC: 1.432 cumulative IPC: 1.279 (Simulation time: 00 hr 19 min 32 sec)
Heartbeat CPU 0 instructions: 170000000 cycles: 111003502 heartbeat IPC: 1.201 cumulative IPC: 1.272 (Simulation time: 00 hr 20 min 51 sec)
Heartbeat CPU 0 instructions: 180000001 cycles: 120652467 heartbeat IPC: 1.036 cumulative IPC: 1.25 (Simulation time: 00 hr 22 min 24 sec)
Heartbeat CPU 0 instructions: 190000001 cycles: 131272685 heartbeat IPC: 0.9416 cumulative IPC: 1.222 (Simulation time: 00 hr 23 min 58 sec)
Heartbeat CPU 0 instructions: 200000001 cycles: 141194485 heartbeat IPC: 1.008 cumulative IPC: 1.205 (Simulation time: 00 hr 25 min 28 sec)
Heartbeat CPU 0 instructions: 210000000 cycles: 150831735 heartbeat IPC: 1.038 cumulative IPC: 1.193 (Simulation time: 00 hr 26 min 53 sec)
Heartbeat CPU 0 instructions: 220000000 cycles: 159772471 heartbeat IPC: 1.118 cumulative IPC: 1.188 (Simulation time: 00 hr 28 min 15 sec)
Heartbeat CPU 0 instructions: 230000004 cycles: 167874485 heartbeat IPC: 1.234 cumulative IPC: 1.19 (Simulation time: 00 hr 29 min 34 sec)
Heartbeat CPU 0 instructions: 240000003 cycles: 176113179 heartbeat IPC: 1.214 cumulative IPC: 1.192 (Simulation time: 00 hr 30 min 52 sec)
Heartbeat CPU 0 instructions: 250000003 cycles: 184106367 heartbeat IPC: 1.251 cumulative IPC: 1.195 (Simulation time: 00 hr 32 min 11 sec)
Simulation finished CPU 0 instructions: 200000001 cycles: 167432725 cumulative IPC: 1.195 (Simulation time: 00 hr 32 min 11 sec)
Simulation complete CPU 0 instructions: 200000001 cycles: 167432725 cumulative IPC: 1.195 (Simulation time: 00 hr 32 min 11 sec)

ChampSim completed all CPUs

=== Simulation ===
CPU 0 runs /home/user/nncpu_campaign/traces/657.xz_s-3167B.champsimtrace.xz

Region of Interest Statistics

CPU 0 cumulative IPC: 1.195 instructions: 200000001 cycles: 167432725
CPU 0 Branch Prediction Accuracy: 95.66% MPKI: 6.441 Average ROB Occupancy at Mispredict: 62.35
Branch type MPKI
BRANCH_DIRECT_JUMP: 0.0789
BRANCH_INDIRECT: 0.8356
BRANCH_CONDITIONAL: 5.524
BRANCH_DIRECT_CALL: 0
BRANCH_INDIRECT_CALL: 0.00255
BRANCH_RETURN: 0

cpu0->LLC TOTAL        ACCESS:     607094 HIT:     394330 MISS:     212764 MISS_MERGE:          0
cpu0->LLC LOAD         ACCESS:     270077 HIT:     122585 MISS:     147492 MISS_MERGE:          0
cpu0->LLC RFO          ACCESS:      67713 HIT:       8283 MISS:      59430 MISS_MERGE:          0
cpu0->LLC PREFETCH     ACCESS:       7081 HIT:       5467 MISS:       1614 MISS_MERGE:          0
cpu0->LLC WRITE        ACCESS:     241999 HIT:     239468 MISS:       2531 MISS_MERGE:          0
cpu0->LLC TRANSLATION  ACCESS:      20224 HIT:      18527 MISS:       1697 MISS_MERGE:          0
cpu0->LLC PREFETCH REQUESTED:          0 ISSUED:          0 USEFUL:          0 USELESS:          0
cpu0->LLC AVERAGE MISS LATENCY: 171.4 cycles
cpu0->cpu0_DTLB TOTAL        ACCESS:   56664193 HIT:   55523774 MISS:    1140419 MISS_MERGE:     126662
cpu0->cpu0_DTLB LOAD         ACCESS:   56664193 HIT:   55523774 MISS:    1140419 MISS_MERGE:     126662
cpu0->cpu0_DTLB RFO          ACCESS:          0 HIT:          0 MISS:          0 MISS_MERGE:          0
cpu0->cpu0_DTLB PREFETCH     ACCESS:          0 HIT:          0 MISS:          0 MISS_MERGE:          0
cpu0->cpu0_DTLB WRITE        ACCESS:          0 HIT:          0 MISS:          0 MISS_MERGE:          0
cpu0->cpu0_DTLB TRANSLATION  ACCESS:          0 HIT:          0 MISS:          0 MISS_MERGE:          0
cpu0->cpu0_DTLB PREFETCH REQUESTED:          0 ISSUED:          0 USEFUL:          0 USELESS:          0
cpu0->cpu0_DTLB AVERAGE MISS LATENCY: 7.063 cycles
cpu0->cpu0_ITLB TOTAL        ACCESS:   17133960 HIT:   17133960 MISS:          0 MISS_MERGE:          0
cpu0->cpu0_ITLB LOAD         ACCESS:   17133960 HIT:   17133960 MISS:          0 MISS_MERGE:          0
cpu0->cpu0_ITLB RFO          ACCESS:          0 HIT:          0 MISS:          0 MISS_MERGE:          0
cpu0->cpu0_ITLB PREFETCH     ACCESS:          0 HIT:          0 MISS:          0 MISS_MERGE:          0
cpu0->cpu0_ITLB WRITE        ACCESS:          0 HIT:          0 MISS:          0 MISS_MERGE:          0
cpu0->cpu0_ITLB TRANSLATION  ACCESS:          0 HIT:          0 MISS:          0 MISS_MERGE:          0
cpu0->cpu0_ITLB PREFETCH REQUESTED:          0 ISSUED:          0 USEFUL:          0 USELESS:          0
cpu0->cpu0_ITLB AVERAGE MISS LATENCY: - cycles
cpu0->cpu0_L1D TOTAL        ACCESS:   57461749 HIT:   56372085 MISS:    1089664 MISS_MERGE:     345708
cpu0->cpu0_L1D LOAD         ACCESS:   43056461 HIT:   42349714 MISS:     706747 MISS_MERGE:     198194
cpu0->cpu0_L1D RFO          ACCESS:          0 HIT:          0 MISS:          0 MISS_MERGE:          0
cpu0->cpu0_L1D PREFETCH     ACCESS:     705237 HIT:     673985 MISS:      31252 MISS_MERGE:       1898
cpu0->cpu0_L1D WRITE        ACCESS:   13607731 HIT:   13296218 MISS:     311513 MISS_MERGE:     145538
cpu0->cpu0_L1D TRANSLATION  ACCESS:      92320 HIT:      52168 MISS:      40152 MISS_MERGE:         78
cpu0->cpu0_L1D PREFETCH REQUESTED:    1936405 ISSUED:     705237 USEFUL:      11801 USELESS:      17531
cpu0->cpu0_L1D AVERAGE MISS LATENCY: 64.41 cycles
cpu0->cpu0_L1I TOTAL        ACCESS:   17133960 HIT:   17132528 MISS:       1432 MISS_MERGE:        767
cpu0->cpu0_L1I LOAD         ACCESS:   17133960 HIT:   17132528 MISS:       1432 MISS_MERGE:        767
cpu0->cpu0_L1I RFO          ACCESS:          0 HIT:          0 MISS:          0 MISS_MERGE:          0
cpu0->cpu0_L1I PREFETCH     ACCESS:          0 HIT:          0 MISS:          0 MISS_MERGE:          0
cpu0->cpu0_L1I WRITE        ACCESS:          0 HIT:          0 MISS:          0 MISS_MERGE:          0
cpu0->cpu0_L1I TRANSLATION  ACCESS:          0 HIT:          0 MISS:          0 MISS_MERGE:          0
cpu0->cpu0_L1I PREFETCH REQUESTED:          0 ISSUED:          0 USEFUL:          0 USELESS:          0
cpu0->cpu0_L1I AVERAGE MISS LATENCY: 27.38 cycles
cpu0->cpu0_L2C TOTAL        ACCESS:    1236309 HIT:     868100 MISS:     368209 MISS_MERGE:          1
cpu0->cpu0_L2C LOAD         ACCESS:     509218 HIT:     239140 MISS:     270078 MISS_MERGE:          1
cpu0->cpu0_L2C RFO          ACCESS:     165975 HIT:      98262 MISS:      67713 MISS_MERGE:          0
cpu0->cpu0_L2C PREFETCH     ACCESS:      29354 HIT:      22273 MISS:       7081 MISS_MERGE:          0
cpu0->cpu0_L2C WRITE        ACCESS:     491688 HIT:     488575 MISS:       3113 MISS_MERGE:          0
cpu0->cpu0_L2C TRANSLATION  ACCESS:      40074 HIT:      19850 MISS:      20224 MISS_MERGE:          0
cpu0->cpu0_L2C PREFETCH REQUESTED:          0 ISSUED:          0 USEFUL:          0 USELESS:          0
cpu0->cpu0_L2C AVERAGE MISS LATENCY: 112.7 cycles
cpu0->cpu0_STLB TOTAL        ACCESS:    1013757 HIT:     967598 MISS:      46159 MISS_MERGE:          0
cpu0->cpu0_STLB LOAD         ACCESS:    1013757 HIT:     967598 MISS:      46159 MISS_MERGE:          0
cpu0->cpu0_STLB RFO          ACCESS:          0 HIT:          0 MISS:          0 MISS_MERGE:          0
cpu0->cpu0_STLB PREFETCH     ACCESS:          0 HIT:          0 MISS:          0 MISS_MERGE:          0
cpu0->cpu0_STLB WRITE        ACCESS:          0 HIT:          0 MISS:          0 MISS_MERGE:          0
cpu0->cpu0_STLB TRANSLATION  ACCESS:          0 HIT:          0 MISS:          0 MISS_MERGE:          0
cpu0->cpu0_STLB PREFETCH REQUESTED:          0 ISSUED:          0 USEFUL:          0 USELESS:          0
cpu0->cpu0_STLB AVERAGE MISS LATENCY: 66.27 cycles

DRAM Statistics

Channel 0 RQ ROW_BUFFER_HIT:       1928
  ROW_BUFFER_MISS:     208304
  AVG DBUS CONGESTED CYCLE: 17.74
Channel 0 WQ ROW_BUFFER_HIT:      24003
  ROW_BUFFER_MISS:     137232
  FULL:          0
Channel 0 REFRESHES ISSUED:      13953
NNCPU_REGULARITY roi_decisions=43056461 roi_suppressed=0 roi_issued=705237 gate_enabled=false window=16 support_percent=35 degree=3
