[DEFAULT] LLC: frequency=4000 (inherited from max core frequency)
[DEFAULT] LLC: hit_latency=7, fill_latency=8 (derived from sets=2048, ways=16)
[DEFAULT] LLC: max_tag_bandwidth=4 (derived from sets=2048)
[DEFAULT] LLC: max_fill_bandwidth=4 (derived from sets=2048)
[DEFAULT] LLC: mshr_size=4096 (derived from sets=2048, fill_latency=8, fill_bw=4)
[DEFAULT] cpu0_DTLB: hit_latency=1, fill_latency=1 (derived from sets=16, ways=4)
[DEFAULT] cpu0_DTLB: max_tag_bandwidth=1 (derived from sets=16)
[DEFAULT] cpu0_DTLB: max_fill_bandwidth=1 (derived from sets=16)
[DEFAULT] cpu0_ITLB: hit_latency=1, fill_latency=1 (derived from sets=16, ways=4)
[DEFAULT] cpu0_ITLB: max_tag_bandwidth=1 (derived from sets=16)
[DEFAULT] cpu0_ITLB: max_fill_bandwidth=1 (derived from sets=16)
[DEFAULT] cpu0_ITLB: mshr_size=1 (derived from sets=16, fill_latency=1, fill_bw=1)
[DEFAULT] cpu0_L1D: num_sets=128 (scaled from base=64 x 2 upper levels)
[DEFAULT] cpu0_L1D: hit_latency=2, fill_latency=3 (derived from sets=128, ways=12)
[DEFAULT] cpu0_L1D: max_tag_bandwidth=1 (derived from sets=128)
[DEFAULT] cpu0_L1D: max_fill_bandwidth=1 (derived from sets=128)
[DEFAULT] cpu0_L1D: mshr_size=24 (derived from sets=128, fill_latency=3, fill_bw=1)
[DEFAULT] cpu0_L1I: hit_latency=2, fill_latency=2 (derived from sets=64, ways=8)
[DEFAULT] cpu0_L1I: max_tag_bandwidth=1 (derived from sets=64)
[DEFAULT] cpu0_L1I: max_fill_bandwidth=1 (derived from sets=64)
[DEFAULT] cpu0_L1I: mshr_size=8 (derived from sets=64, fill_latency=2, fill_bw=1)
[DEFAULT] cpu0_L2C: num_sets=1024 (scaled from base=512 x 2 upper levels)
[DEFAULT] cpu0_L2C: hit_latency=4, fill_latency=5 (derived from sets=1024, ways=8)
[DEFAULT] cpu0_L2C: max_tag_bandwidth=2 (derived from sets=1024)
[DEFAULT] cpu0_L2C: max_fill_bandwidth=2 (derived from sets=1024)
[DEFAULT] cpu0_L2C: mshr_size=640 (derived from sets=1024, fill_latency=5, fill_bw=2)
[DEFAULT] cpu0_STLB: num_sets=256 (scaled from base=64 x 3 upper levels)
[DEFAULT] cpu0_STLB: hit_latency=3, fill_latency=4 (derived from sets=256, ways=12)
[DEFAULT] cpu0_STLB: max_tag_bandwidth=1 (derived from sets=256)
[DEFAULT] cpu0_STLB: max_fill_bandwidth=1 (derived from sets=256)
[DEFAULT] cpu0_STLB: mshr_size=64 (derived from sets=256, fill_latency=4, fill_bw=1)
[VMEM] WARNING: physical memory size is smaller than virtual memory size.

*** ChampSim Multicore Out-of-Order Simulator ***
Warmup Instructions: 50000000
Simulation Instructions: 200000000
Number of CPUs: 1
Page size: 4096

Off-chip DRAM Size: 16 GiB Channels: 1 Width: 64-bit Data Rate: 3205 MT/s
Heartbeat CPU 0 instructions: 10000001 cycles: 4302630 heartbeat IPC: 2.324 cumulative IPC: 2.324 (Simulation time: 00 hr 01 min 09 sec)
Heartbeat CPU 0 instructions: 20000002 cycles: 7359825 heartbeat IPC: 3.271 cumulative IPC: 2.717 (Simulation time: 00 hr 02 min 09 sec)
Heartbeat CPU 0 instructions: 30000000 cycles: 10602700 heartbeat IPC: 3.084 cumulative IPC: 2.829 (Simulation time: 00 hr 03 min 12 sec)
Heartbeat CPU 0 instructions: 40000004 cycles: 13737715 heartbeat IPC: 3.19 cumulative IPC: 2.912 (Simulation time: 00 hr 04 min 12 sec)
Heartbeat CPU 0 instructions: 50000002 cycles: 16673662 heartbeat IPC: 3.406 cumulative IPC: 2.999 (Simulation time: 00 hr 05 min 10 sec)
Warmup finished CPU 0 instructions: 50000002 cycles: 16673662 cumulative IPC: 2.999 (Simulation time: 00 hr 05 min 10 sec)
Warmup complete CPU 0 instructions: 50000002 cycles: 16673662 cumulative IPC: 2.999 (Simulation time: 00 hr 05 min 10 sec)
Heartbeat CPU 0 instructions: 60000003 cycles: 25087158 heartbeat IPC: 1.189 cumulative IPC: 1.189 (Simulation time: 00 hr 06 min 44 sec)
Heartbeat CPU 0 instructions: 70000004 cycles: 33015678 heartbeat IPC: 1.261 cumulative IPC: 1.224 (Simulation time: 00 hr 08 min 16 sec)
Heartbeat CPU 0 instructions: 80000001 cycles: 41222708 heartbeat IPC: 1.218 cumulative IPC: 1.222 (Simulation time: 00 hr 09 min 38 sec)
Heartbeat CPU 0 instructions: 90000000 cycles: 49346912 heartbeat IPC: 1.231 cumulative IPC: 1.224 (Simulation time: 00 hr 11 min 08 sec)
Heartbeat CPU 0 instructions: 100000000 cycles: 57813717 heartbeat IPC: 1.181 cumulative IPC: 1.215 (Simulation time: 00 hr 12 min 39 sec)
Heartbeat CPU 0 instructions: 110000001 cycles: 65974628 heartbeat IPC: 1.225 cumulative IPC: 1.217 (Simulation time: 00 hr 14 min 06 sec)
Heartbeat CPU 0 instructions: 120000000 cycles: 73658850 heartbeat IPC: 1.301 cumulative IPC: 1.228 (Simulation time: 00 hr 15 min 23 sec)
Heartbeat CPU 0 instructions: 130000002 cycles: 80753096 heartbeat IPC: 1.41 cumulative IPC: 1.248 (Simulation time: 00 hr 16 min 41 sec)
Heartbeat CPU 0 instructions: 140000000 cycles: 88489269 heartbeat IPC: 1.293 cumulative IPC: 1.253 (Simulation time: 00 hr 17 min 58 sec)
Heartbeat CPU 0 instructions: 150000004 cycles: 95656779 heartbeat IPC: 1.395 cumulative IPC: 1.266 (Simulation time: 00 hr 19 min 22 sec)
Heartbeat CPU 0 instructions: 160000001 cycles: 102638937 heartbeat IPC: 1.432 cumulative IPC: 1.28 (Simulation time: 00 hr 20 min 46 sec)
Heartbeat CPU 0 instructions: 170000000 cycles: 110962830 heartbeat IPC: 1.201 cumulative IPC: 1.273 (Simulation time: 00 hr 22 min 33 sec)
Heartbeat CPU 0 instructions: 180000001 cycles: 120601232 heartbeat IPC: 1.038 cumulative IPC: 1.251 (Simulation time: 00 hr 24 min 15 sec)
Heartbeat CPU 0 instructions: 190000001 cycles: 131209857 heartbeat IPC: 0.9426 cumulative IPC: 1.222 (Simulation time: 00 hr 25 min 54 sec)
Heartbeat CPU 0 instructions: 200000001 cycles: 141122278 heartbeat IPC: 1.009 cumulative IPC: 1.205 (Simulation time: 00 hr 27 min 16 sec)
Heartbeat CPU 0 instructions: 210000000 cycles: 150749400 heartbeat IPC: 1.039 cumulative IPC: 1.193 (Simulation time: 00 hr 28 min 46 sec)
Heartbeat CPU 0 instructions: 220000003 cycles: 159683573 heartbeat IPC: 1.119 cumulative IPC: 1.189 (Simulation time: 00 hr 30 min 20 sec)
Heartbeat CPU 0 instructions: 230000004 cycles: 167777741 heartbeat IPC: 1.235 cumulative IPC: 1.191 (Simulation time: 00 hr 31 min 50 sec)
Heartbeat CPU 0 instructions: 240000003 cycles: 176021856 heartbeat IPC: 1.213 cumulative IPC: 1.192 (Simulation time: 00 hr 33 min 08 sec)
Heartbeat CPU 0 instructions: 250000003 cycles: 184004852 heartbeat IPC: 1.253 cumulative IPC: 1.195 (Simulation time: 00 hr 34 min 29 sec)
Simulation finished CPU 0 instructions: 200000001 cycles: 167331190 cumulative IPC: 1.195 (Simulation time: 00 hr 34 min 29 sec)
Simulation complete CPU 0 instructions: 200000001 cycles: 167331190 cumulative IPC: 1.195 (Simulation time: 00 hr 34 min 29 sec)

ChampSim completed all CPUs

=== Simulation ===
CPU 0 runs /home/user/nncpu_campaign/traces/657.xz_s-3167B.champsimtrace.xz

Region of Interest Statistics

CPU 0 cumulative IPC: 1.195 instructions: 200000001 cycles: 167331190
CPU 0 Branch Prediction Accuracy: 95.66% MPKI: 6.441 Average ROB Occupancy at Mispredict: 62.34
Branch type MPKI
BRANCH_DIRECT_JUMP: 0.0789
BRANCH_INDIRECT: 0.8356
BRANCH_CONDITIONAL: 5.524
BRANCH_DIRECT_CALL: 0
BRANCH_INDIRECT_CALL: 0.00255
BRANCH_RETURN: 0

cpu0->LLC TOTAL        ACCESS:     603728 HIT:     391839 MISS:     211889 MISS_MERGE:          0
cpu0->LLC LOAD         ACCESS:     270754 HIT:     123240 MISS:     147514 MISS_MERGE:          0
cpu0->LLC RFO          ACCESS:      68213 HIT:       8716 MISS:      59497 MISS_MERGE:          0
cpu0->LLC PREFETCH     ACCESS:       3264 HIT:       2544 MISS:        720 MISS_MERGE:          0
cpu0->LLC WRITE        ACCESS:     241526 HIT:     239049 MISS:       2477 MISS_MERGE:          0
cpu0->LLC TRANSLATION  ACCESS:      19971 HIT:      18290 MISS:       1681 MISS_MERGE:          0
cpu0->LLC PREFETCH REQUESTED:          0 ISSUED:          0 USEFUL:          0 USELESS:          0
cpu0->LLC AVERAGE MISS LATENCY: 171.3 cycles
cpu0->cpu0_DTLB TOTAL        ACCESS:   56664410 HIT:   55523972 MISS:    1140438 MISS_MERGE:     126687
cpu0->cpu0_DTLB LOAD         ACCESS:   56664410 HIT:   55523972 MISS:    1140438 MISS_MERGE:     126687
cpu0->cpu0_DTLB RFO          ACCESS:          0 HIT:          0 MISS:          0 MISS_MERGE:          0
cpu0->cpu0_DTLB PREFETCH     ACCESS:          0 HIT:          0 MISS:          0 MISS_MERGE:          0
cpu0->cpu0_DTLB WRITE        ACCESS:          0 HIT:          0 MISS:          0 MISS_MERGE:          0
cpu0->cpu0_DTLB TRANSLATION  ACCESS:          0 HIT:          0 MISS:          0 MISS_MERGE:          0
cpu0->cpu0_DTLB PREFETCH REQUESTED:          0 ISSUED:          0 USEFUL:          0 USELESS:          0
cpu0->cpu0_DTLB AVERAGE MISS LATENCY: 7.06 cycles
cpu0->cpu0_ITLB TOTAL        ACCESS:   17132445 HIT:   17132445 MISS:          0 MISS_MERGE:          0
cpu0->cpu0_ITLB LOAD         ACCESS:   17132445 HIT:   17132445 MISS:          0 MISS_MERGE:          0
cpu0->cpu0_ITLB RFO          ACCESS:          0 HIT:          0 MISS:          0 MISS_MERGE:          0
cpu0->cpu0_ITLB PREFETCH     ACCESS:          0 HIT:          0 MISS:          0 MISS_MERGE:          0
cpu0->cpu0_ITLB WRITE        ACCESS:          0 HIT:          0 MISS:          0 MISS_MERGE:          0
cpu0->cpu0_ITLB TRANSLATION  ACCESS:          0 HIT:          0 MISS:          0 MISS_MERGE:          0
cpu0->cpu0_ITLB PREFETCH REQUESTED:          0 ISSUED:          0 USEFUL:          0 USELESS:          0
cpu0->cpu0_ITLB AVERAGE MISS LATENCY: - cycles
cpu0->cpu0_L1D TOTAL        ACCESS:   56886412 HIT:   55814170 MISS:    1072242 MISS_MERGE:     347124
cpu0->cpu0_L1D LOAD         ACCESS:   43056678 HIT:   42349912 MISS:     706766 MISS_MERGE:     200015
cpu0->cpu0_L1D RFO          ACCESS:          0 HIT:          0 MISS:          0 MISS_MERGE:          0
cpu0->cpu0_L1D PREFETCH     ACCESS:     129683 HIT:     118012 MISS:      11671 MISS_MERGE:        569
cpu0->cpu0_L1D WRITE        ACCESS:   13607731 HIT:   13293898 MISS:     313833 MISS_MERGE:     146463
cpu0->cpu0_L1D TRANSLATION  ACCESS:      92320 HIT:      52348 MISS:      39972 MISS_MERGE:         77
cpu0->cpu0_L1D PREFETCH REQUESTED:     196066 ISSUED:     129685 USEFUL:       4969 USELESS:       6113
cpu0->cpu0_L1D AVERAGE MISS LATENCY: 64.43 cycles
cpu0->cpu0_L1I TOTAL        ACCESS:   17132445 HIT:   17131016 MISS:       1429 MISS_MERGE:        764
cpu0->cpu0_L1I LOAD         ACCESS:   17132445 HIT:   17131016 MISS:       1429 MISS_MERGE:        764
cpu0->cpu0_L1I RFO          ACCESS:          0 HIT:          0 MISS:          0 MISS_MERGE:          0
cpu0->cpu0_L1I PREFETCH     ACCESS:          0 HIT:          0 MISS:          0 MISS_MERGE:          0
cpu0->cpu0_L1I WRITE        ACCESS:          0 HIT:          0 MISS:          0 MISS_MERGE:          0
cpu0->cpu0_L1I TRANSLATION  ACCESS:          0 HIT:          0 MISS:          0 MISS_MERGE:          0
cpu0->cpu0_L1I PREFETCH REQUESTED:          0 ISSUED:          0 USEFUL:          0 USELESS:          0
cpu0->cpu0_L1I AVERAGE MISS LATENCY: 28.3 cycles
cpu0->cpu0_L2C TOTAL        ACCESS:    1211538 HIT:     846333 MISS:     365205 MISS_MERGE:          1
cpu0->cpu0_L2C LOAD         ACCESS:     507416 HIT:     236661 MISS:     270755 MISS_MERGE:          1
cpu0->cpu0_L2C RFO          ACCESS:     167370 HIT:      99157 MISS:      68213 MISS_MERGE:          0
cpu0->cpu0_L2C PREFETCH     ACCESS:      11102 HIT:       7838 MISS:       3264 MISS_MERGE:          0
cpu0->cpu0_L2C WRITE        ACCESS:     485755 HIT:     482753 MISS:       3002 MISS_MERGE:          0
cpu0->cpu0_L2C TRANSLATION  ACCESS:      39895 HIT:      19924 MISS:      19971 MISS_MERGE:          0
cpu0->cpu0_L2C PREFETCH REQUESTED:          0 ISSUED:          0 USEFUL:          0 USELESS:          0
cpu0->cpu0_L2C AVERAGE MISS LATENCY: 112.4 cycles
cpu0->cpu0_STLB TOTAL        ACCESS:    1013751 HIT:     967592 MISS:      46159 MISS_MERGE:          0
cpu0->cpu0_STLB LOAD         ACCESS:    1013751 HIT:     967592 MISS:      46159 MISS_MERGE:          0
cpu0->cpu0_STLB RFO          ACCESS:          0 HIT:          0 MISS:          0 MISS_MERGE:          0
cpu0->cpu0_STLB PREFETCH     ACCESS:          0 HIT:          0 MISS:          0 MISS_MERGE:          0
cpu0->cpu0_STLB WRITE        ACCESS:          0 HIT:          0 MISS:          0 MISS_MERGE:          0
cpu0->cpu0_STLB TRANSLATION  ACCESS:          0 HIT:          0 MISS:          0 MISS_MERGE:          0
cpu0->cpu0_STLB PREFETCH REQUESTED:          0 ISSUED:          0 USEFUL:          0 USELESS:          0
cpu0->cpu0_STLB AVERAGE MISS LATENCY: 66.2 cycles

DRAM Statistics

Channel 0 RQ ROW_BUFFER_HIT:       1840
  ROW_BUFFER_MISS:     207570
  AVG DBUS CONGESTED CYCLE: 17.68
Channel 0 WQ ROW_BUFFER_HIT:      23790
  ROW_BUFFER_MISS:     137196
  FULL:          0
Channel 0 REFRESHES ISSUED:      13944
NNCPU_REGULARITY roi_decisions=43056678 roi_suppressed=236919 roi_issued=129685 gate_enabled=true window=16 support_percent=35 degree=3
