[DEFAULT] LLC: frequency=4000 (inherited from max core frequency)
[DEFAULT] LLC: hit_latency=7, fill_latency=8 (derived from sets=2048, ways=16)
[DEFAULT] LLC: max_tag_bandwidth=4 (derived from sets=2048)
[DEFAULT] LLC: max_fill_bandwidth=4 (derived from sets=2048)
[DEFAULT] LLC: mshr_size=4096 (derived from sets=2048, fill_latency=8, fill_bw=4)
[DEFAULT] cpu0_DTLB: hit_latency=1, fill_latency=1 (derived from sets=16, ways=4)
[DEFAULT] cpu0_DTLB: max_tag_bandwidth=1 (derived from sets=16)
[DEFAULT] cpu0_DTLB: max_fill_bandwidth=1 (derived from sets=16)
[DEFAULT] cpu0_ITLB: hit_latency=1, fill_latency=1 (derived from sets=16, ways=4)
[DEFAULT] cpu0_ITLB: max_tag_bandwidth=1 (derived from sets=16)
[DEFAULT] cpu0_ITLB: max_fill_bandwidth=1 (derived from sets=16)
[DEFAULT] cpu0_ITLB: mshr_size=1 (derived from sets=16, fill_latency=1, fill_bw=1)
[DEFAULT] cpu0_L1D: num_sets=128 (scaled from base=64 x 2 upper levels)
[DEFAULT] cpu0_L1D: hit_latency=2, fill_latency=3 (derived from sets=128, ways=12)
[DEFAULT] cpu0_L1D: max_tag_bandwidth=1 (derived from sets=128)
[DEFAULT] cpu0_L1D: max_fill_bandwidth=1 (derived from sets=128)
[DEFAULT] cpu0_L1D: mshr_size=24 (derived from sets=128, fill_latency=3, fill_bw=1)
[DEFAULT] cpu0_L1I: hit_latency=2, fill_latency=2 (derived from sets=64, ways=8)
[DEFAULT] cpu0_L1I: max_tag_bandwidth=1 (derived from sets=64)
[DEFAULT] cpu0_L1I: max_fill_bandwidth=1 (derived from sets=64)
[DEFAULT] cpu0_L1I: mshr_size=8 (derived from sets=64, fill_latency=2, fill_bw=1)
[DEFAULT] cpu0_L2C: num_sets=1024 (scaled from base=512 x 2 upper levels)
[DEFAULT] cpu0_L2C: hit_latency=4, fill_latency=5 (derived from sets=1024, ways=8)
[DEFAULT] cpu0_L2C: max_tag_bandwidth=2 (derived from sets=1024)
[DEFAULT] cpu0_L2C: max_fill_bandwidth=2 (derived from sets=1024)
[DEFAULT] cpu0_L2C: mshr_size=640 (derived from sets=1024, fill_latency=5, fill_bw=2)
[DEFAULT] cpu0_STLB: num_sets=256 (scaled from base=64 x 3 upper levels)
[DEFAULT] cpu0_STLB: hit_latency=3, fill_latency=4 (derived from sets=256, ways=12)
[DEFAULT] cpu0_STLB: max_tag_bandwidth=1 (derived from sets=256)
[DEFAULT] cpu0_STLB: max_fill_bandwidth=1 (derived from sets=256)
[DEFAULT] cpu0_STLB: mshr_size=64 (derived from sets=256, fill_latency=4, fill_bw=1)
[VMEM] WARNING: physical memory size is smaller than virtual memory size.

*** ChampSim Multicore Out-of-Order Simulator ***
Warmup Instructions: 50000000
Simulation Instructions: 200000000
Number of CPUs: 1
Page size: 4096

Off-chip DRAM Size: 16 GiB Channels: 1 Width: 64-bit Data Rate: 3205 MT/s
Heartbeat CPU 0 instructions: 10000001 cycles: 3998891 heartbeat IPC: 2.501 cumulative IPC: 2.501 (Simulation time: 00 hr 01 min 07 sec)
Heartbeat CPU 0 instructions: 20000001 cycles: 7701748 heartbeat IPC: 2.701 cumulative IPC: 2.597 (Simulation time: 00 hr 02 min 11 sec)
Heartbeat CPU 0 instructions: 30000001 cycles: 11784982 heartbeat IPC: 2.449 cumulative IPC: 2.546 (Simulation time: 00 hr 03 min 22 sec)
Heartbeat CPU 0 instructions: 40000001 cycles: 15443096 heartbeat IPC: 2.734 cumulative IPC: 2.59 (Simulation time: 00 hr 04 min 28 sec)
Heartbeat CPU 0 instructions: 50000004 cycles: 19141399 heartbeat IPC: 2.704 cumulative IPC: 2.612 (Simulation time: 00 hr 05 min 38 sec)
Warmup finished CPU 0 instructions: 50000004 cycles: 19141399 cumulative IPC: 2.612 (Simulation time: 00 hr 05 min 38 sec)
Warmup complete CPU 0 instructions: 50000004 cycles: 19141399 cumulative IPC: 2.612 (Simulation time: 00 hr 05 min 38 sec)
Heartbeat CPU 0 instructions: 60000003 cycles: 29703551 heartbeat IPC: 0.9468 cumulative IPC: 0.9468 (Simulation time: 00 hr 07 min 32 sec)
Heartbeat CPU 0 instructions: 70000001 cycles: 41506343 heartbeat IPC: 0.8473 cumulative IPC: 0.8943 (Simulation time: 00 hr 09 min 41 sec)
Heartbeat CPU 0 instructions: 80000001 cycles: 55201182 heartbeat IPC: 0.7302 cumulative IPC: 0.832 (Simulation time: 00 hr 11 min 59 sec)
Heartbeat CPU 0 instructions: 90000002 cycles: 67625424 heartbeat IPC: 0.8049 cumulative IPC: 0.825 (Simulation time: 00 hr 14 min 12 sec)
Heartbeat CPU 0 instructions: 100000002 cycles: 80786453 heartbeat IPC: 0.7598 cumulative IPC: 0.8111 (Simulation time: 00 hr 16 min 23 sec)
Heartbeat CPU 0 instructions: 110000004 cycles: 93223696 heartbeat IPC: 0.804 cumulative IPC: 0.8099 (Simulation time: 00 hr 18 min 33 sec)
Heartbeat CPU 0 instructions: 120000000 cycles: 105210051 heartbeat IPC: 0.8343 cumulative IPC: 0.8133 (Simulation time: 00 hr 20 min 30 sec)
Heartbeat CPU 0 instructions: 130000000 cycles: 115988936 heartbeat IPC: 0.9277 cumulative IPC: 0.826 (Simulation time: 00 hr 22 min 28 sec)
Heartbeat CPU 0 instructions: 140000000 cycles: 127735251 heartbeat IPC: 0.8513 cumulative IPC: 0.8288 (Simulation time: 00 hr 24 min 41 sec)
Heartbeat CPU 0 instructions: 150000001 cycles: 141171535 heartbeat IPC: 0.7443 cumulative IPC: 0.8195 (Simulation time: 00 hr 26 min 44 sec)
Heartbeat CPU 0 instructions: 160000000 cycles: 153506573 heartbeat IPC: 0.8107 cumulative IPC: 0.8187 (Simulation time: 00 hr 28 min 40 sec)
Heartbeat CPU 0 instructions: 170000002 cycles: 166332170 heartbeat IPC: 0.7797 cumulative IPC: 0.8153 (Simulation time: 00 hr 30 min 39 sec)
Heartbeat CPU 0 instructions: 180000004 cycles: 178905955 heartbeat IPC: 0.7953 cumulative IPC: 0.8137 (Simulation time: 00 hr 32 min 45 sec)
Heartbeat CPU 0 instructions: 190000003 cycles: 190966001 heartbeat IPC: 0.8292 cumulative IPC: 0.8148 (Simulation time: 00 hr 34 min 50 sec)
Heartbeat CPU 0 instructions: 200000002 cycles: 202217018 heartbeat IPC: 0.8888 cumulative IPC: 0.8193 (Simulation time: 00 hr 36 min 41 sec)
Heartbeat CPU 0 instructions: 210000001 cycles: 212831795 heartbeat IPC: 0.9421 cumulative IPC: 0.8261 (Simulation time: 00 hr 38 min 30 sec)
Heartbeat CPU 0 instructions: 220000000 cycles: 226363411 heartbeat IPC: 0.739 cumulative IPC: 0.8204 (Simulation time: 00 hr 40 min 37 sec)
Heartbeat CPU 0 instructions: 230000000 cycles: 238907210 heartbeat IPC: 0.7972 cumulative IPC: 0.8191 (Simulation time: 00 hr 42 min 34 sec)
Heartbeat CPU 0 instructions: 240000001 cycles: 250949078 heartbeat IPC: 0.8304 cumulative IPC: 0.8196 (Simulation time: 00 hr 44 min 28 sec)
Heartbeat CPU 0 instructions: 250000001 cycles: 262595899 heartbeat IPC: 0.8586 cumulative IPC: 0.8215 (Simulation time: 00 hr 46 min 23 sec)
Simulation finished CPU 0 instructions: 200000002 cycles: 243454501 cumulative IPC: 0.8215 (Simulation time: 00 hr 46 min 23 sec)
Simulation complete CPU 0 instructions: 200000002 cycles: 243454501 cumulative IPC: 0.8215 (Simulation time: 00 hr 46 min 23 sec)

ChampSim completed all CPUs

=== Simulation ===
CPU 0 runs /home/user/nncpu_campaign/traces/623.xalancbmk_s-700B.champsimtrace.xz

Region of Interest Statistics

CPU 0 cumulative IPC: 0.8215 instructions: 200000002 cycles: 243454501
CPU 0 Branch Prediction Accuracy: 97.85% MPKI: 5.982 Average ROB Occupancy at Mispredict: 45.96
Branch type MPKI
BRANCH_DIRECT_JUMP: 0.1215
BRANCH_INDIRECT: 0.3716
BRANCH_CONDITIONAL: 3.49
BRANCH_DIRECT_CALL: 0.00063
BRANCH_INDIRECT_CALL: 0.4136
BRANCH_RETURN: 1.585

cpu0->LLC TOTAL        ACCESS:     981274 HIT:     733785 MISS:     247489 MISS_MERGE:          0
cpu0->LLC LOAD         ACCESS:     434455 HIT:     390245 MISS:      44210 MISS_MERGE:          0
cpu0->LLC RFO          ACCESS:     245149 HIT:      45899 MISS:     199250 MISS_MERGE:          0
cpu0->LLC PREFETCH     ACCESS:          0 HIT:          0 MISS:          0 MISS_MERGE:          0
cpu0->LLC WRITE        ACCESS:     296590 HIT:     294997 MISS:       1593 MISS_MERGE:          0
cpu0->LLC TRANSLATION  ACCESS:       5080 HIT:       2644 MISS:       2436 MISS_MERGE:          0
cpu0->LLC PREFETCH REQUESTED:          0 ISSUED:          0 USEFUL:          0 USELESS:          0
cpu0->LLC AVERAGE MISS LATENCY: 173.4 cycles
cpu0->cpu0_DTLB TOTAL        ACCESS:   73379534 HIT:   62247483 MISS:   11132051 MISS_MERGE:    5484349
cpu0->cpu0_DTLB LOAD         ACCESS:   73379534 HIT:   62247483 MISS:   11132051 MISS_MERGE:    5484349
cpu0->cpu0_DTLB RFO          ACCESS:          0 HIT:          0 MISS:          0 MISS_MERGE:          0
cpu0->cpu0_DTLB PREFETCH     ACCESS:          0 HIT:          0 MISS:          0 MISS_MERGE:          0
cpu0->cpu0_DTLB WRITE        ACCESS:          0 HIT:          0 MISS:          0 MISS_MERGE:          0
cpu0->cpu0_DTLB TRANSLATION  ACCESS:          0 HIT:          0 MISS:          0 MISS_MERGE:          0
cpu0->cpu0_DTLB PREFETCH REQUESTED:          0 ISSUED:          0 USEFUL:          0 USELESS:          0
cpu0->cpu0_DTLB AVERAGE MISS LATENCY: 4.246 cycles
cpu0->cpu0_ITLB TOTAL        ACCESS:   40431681 HIT:   40258368 MISS:     173313 MISS_MERGE:      90365
cpu0->cpu0_ITLB LOAD         ACCESS:   40431681 HIT:   40258368 MISS:     173313 MISS_MERGE:      90365
cpu0->cpu0_ITLB RFO          ACCESS:          0 HIT:          0 MISS:          0 MISS_MERGE:          0
cpu0->cpu0_ITLB PREFETCH     ACCESS:          0 HIT:          0 MISS:          0 MISS_MERGE:          0
cpu0->cpu0_ITLB WRITE        ACCESS:          0 HIT:          0 MISS:          0 MISS_MERGE:          0
cpu0->cpu0_ITLB TRANSLATION  ACCESS:          0 HIT:          0 MISS:          0 MISS_MERGE:          0
cpu0->cpu0_ITLB PREFETCH REQUESTED:          0 ISSUED:          0 USEFUL:          0 USELESS:          0
cpu0->cpu0_ITLB AVERAGE MISS LATENCY: 4.554 cycles
cpu0->cpu0_L1D TOTAL        ACCESS:   73396187 HIT:   56250569 MISS:   17145618 MISS_MERGE:    7654776
cpu0->cpu0_L1D LOAD         ACCESS:   57523349 HIT:   41453058 MISS:   16070291 MISS_MERGE:    6881520
cpu0->cpu0_L1D RFO          ACCESS:          0 HIT:          0 MISS:          0 MISS_MERGE:          0
cpu0->cpu0_L1D PREFETCH     ACCESS:          0 HIT:          0 MISS:          0 MISS_MERGE:          0
cpu0->cpu0_L1D WRITE        ACCESS:   15856181 HIT:   14787486 MISS:    1068695 MISS_MERGE:     773240
cpu0->cpu0_L1D TRANSLATION  ACCESS:      16657 HIT:      10025 MISS:       6632 MISS_MERGE:         16
cpu0->cpu0_L1D PREFETCH REQUESTED:          0 ISSUED:          0 USEFUL:          0 USELESS:          0
cpu0->cpu0_L1D AVERAGE MISS LATENCY: 12.37 cycles
cpu0->cpu0_L1I TOTAL        ACCESS:   40431681 HIT:   39737737 MISS:     693944 MISS_MERGE:     154899
cpu0->cpu0_L1I LOAD         ACCESS:   40431681 HIT:   39737737 MISS:     693944 MISS_MERGE:     154899
cpu0->cpu0_L1I RFO          ACCESS:          0 HIT:          0 MISS:          0 MISS_MERGE:          0
cpu0->cpu0_L1I PREFETCH     ACCESS:          0 HIT:          0 MISS:          0 MISS_MERGE:          0
cpu0->cpu0_L1I WRITE        ACCESS:          0 HIT:          0 MISS:          0 MISS_MERGE:          0
cpu0->cpu0_L1I TRANSLATION  ACCESS:          0 HIT:          0 MISS:          0 MISS_MERGE:          0
cpu0->cpu0_L1I PREFETCH REQUESTED:          0 ISSUED:          0 USEFUL:          0 USELESS:          0
cpu0->cpu0_L1I AVERAGE MISS LATENCY: 8.036 cycles
cpu0->cpu0_L2C TOTAL        ACCESS:   10493417 HIT:    9808655 MISS:     684762 MISS_MERGE:          0
cpu0->cpu0_L2C LOAD         ACCESS:    9727816 HIT:    9293361 MISS:     434455 MISS_MERGE:          0
cpu0->cpu0_L2C RFO          ACCESS:     295455 HIT:      50306 MISS:     245149 MISS_MERGE:          0
cpu0->cpu0_L2C PREFETCH     ACCESS:          0 HIT:          0 MISS:          0 MISS_MERGE:          0
cpu0->cpu0_L2C WRITE        ACCESS:     463530 HIT:     463452 MISS:         78 MISS_MERGE:          0
cpu0->cpu0_L2C TRANSLATION  ACCESS:       6616 HIT:       1536 MISS:       5080 MISS_MERGE:          0
cpu0->cpu0_L2C PREFETCH REQUESTED:          0 ISSUED:          0 USEFUL:          0 USELESS:          0
cpu0->cpu0_L2C AVERAGE MISS LATENCY: 75 cycles
cpu0->cpu0_STLB TOTAL        ACCESS:    5730650 HIT:    5722407 MISS:       8243 MISS_MERGE:          0
cpu0->cpu0_STLB LOAD         ACCESS:    5730650 HIT:    5722407 MISS:       8243 MISS_MERGE:          0
cpu0->cpu0_STLB RFO          ACCESS:          0 HIT:          0 MISS:          0 MISS_MERGE:          0
cpu0->cpu0_STLB PREFETCH     ACCESS:          0 HIT:          0 MISS:          0 MISS_MERGE:          0
cpu0->cpu0_STLB WRITE        ACCESS:          0 HIT:          0 MISS:          0 MISS_MERGE:          0
cpu0->cpu0_STLB TRANSLATION  ACCESS:          0 HIT:          0 MISS:          0 MISS_MERGE:          0
cpu0->cpu0_STLB PREFETCH REQUESTED:          0 ISSUED:          0 USEFUL:          0 USELESS:          0
cpu0->cpu0_STLB AVERAGE MISS LATENCY: 173 cycles

DRAM Statistics

Channel 0 RQ ROW_BUFFER_HIT:       9512
  ROW_BUFFER_MISS:     236383
  AVG DBUS CONGESTED CYCLE: 10.39
Channel 0 WQ ROW_BUFFER_HIT:      22977
  ROW_BUFFER_MISS:     202659
  FULL:          0
Channel 0 REFRESHES ISSUED:      20287
