[DEFAULT] LLC: frequency=4000 (inherited from max core frequency)
[DEFAULT] LLC: hit_latency=7, fill_latency=8 (derived from sets=2048, ways=16)
[DEFAULT] LLC: max_tag_bandwidth=4 (derived from sets=2048)
[DEFAULT] LLC: max_fill_bandwidth=4 (derived from sets=2048)
[DEFAULT] LLC: mshr_size=4096 (derived from sets=2048, fill_latency=8, fill_bw=4)
[DEFAULT] cpu0_DTLB: hit_latency=1, fill_latency=1 (derived from sets=16, ways=4)
[DEFAULT] cpu0_DTLB: max_tag_bandwidth=1 (derived from sets=16)
[DEFAULT] cpu0_DTLB: max_fill_bandwidth=1 (derived from sets=16)
[DEFAULT] cpu0_ITLB: hit_latency=1, fill_latency=1 (derived from sets=16, ways=4)
[DEFAULT] cpu0_ITLB: max_tag_bandwidth=1 (derived from sets=16)
[DEFAULT] cpu0_ITLB: max_fill_bandwidth=1 (derived from sets=16)
[DEFAULT] cpu0_ITLB: mshr_size=1 (derived from sets=16, fill_latency=1, fill_bw=1)
[DEFAULT] cpu0_L1D: num_sets=128 (scaled from base=64 x 2 upper levels)
[DEFAULT] cpu0_L1D: hit_latency=2, fill_latency=3 (derived from sets=128, ways=12)
[DEFAULT] cpu0_L1D: max_tag_bandwidth=1 (derived from sets=128)
[DEFAULT] cpu0_L1D: max_fill_bandwidth=1 (derived from sets=128)
[DEFAULT] cpu0_L1D: mshr_size=24 (derived from sets=128, fill_latency=3, fill_bw=1)
[DEFAULT] cpu0_L1I: hit_latency=2, fill_latency=2 (derived from sets=64, ways=8)
[DEFAULT] cpu0_L1I: max_tag_bandwidth=1 (derived from sets=64)
[DEFAULT] cpu0_L1I: max_fill_bandwidth=1 (derived from sets=64)
[DEFAULT] cpu0_L1I: mshr_size=8 (derived from sets=64, fill_latency=2, fill_bw=1)
[DEFAULT] cpu0_L2C: num_sets=1024 (scaled from base=512 x 2 upper levels)
[DEFAULT] cpu0_L2C: hit_latency=4, fill_latency=5 (derived from sets=1024, ways=8)
[DEFAULT] cpu0_L2C: max_tag_bandwidth=2 (derived from sets=1024)
[DEFAULT] cpu0_L2C: max_fill_bandwidth=2 (derived from sets=1024)
[DEFAULT] cpu0_L2C: mshr_size=640 (derived from sets=1024, fill_latency=5, fill_bw=2)
[DEFAULT] cpu0_STLB: num_sets=256 (scaled from base=64 x 3 upper levels)
[DEFAULT] cpu0_STLB: hit_latency=3, fill_latency=4 (derived from sets=256, ways=12)
[DEFAULT] cpu0_STLB: max_tag_bandwidth=1 (derived from sets=256)
[DEFAULT] cpu0_STLB: max_fill_bandwidth=1 (derived from sets=256)
[DEFAULT] cpu0_STLB: mshr_size=64 (derived from sets=256, fill_latency=4, fill_bw=1)
[VMEM] WARNING: physical memory size is smaller than virtual memory size.

*** ChampSim Multicore Out-of-Order Simulator ***
Warmup Instructions: 50000000
Simulation Instructions: 200000000
Number of CPUs: 1
Page size: 4096

Off-chip DRAM Size: 16 GiB Channels: 1 Width: 64-bit Data Rate: 3205 MT/s
Heartbeat CPU 0 instructions: 10000001 cycles: 4000429 heartbeat IPC: 2.5 cumulative IPC: 2.5 (Simulation time: 00 hr 01 min 08 sec)
Heartbeat CPU 0 instructions: 20000004 cycles: 7702187 heartbeat IPC: 2.701 cumulative IPC: 2.597 (Simulation time: 00 hr 02 min 15 sec)
Heartbeat CPU 0 instructions: 30000001 cycles: 11785416 heartbeat IPC: 2.449 cumulative IPC: 2.546 (Simulation time: 00 hr 03 min 31 sec)
Heartbeat CPU 0 instructions: 40000001 cycles: 15443844 heartbeat IPC: 2.733 cumulative IPC: 2.59 (Simulation time: 00 hr 04 min 36 sec)
Heartbeat CPU 0 instructions: 50000004 cycles: 19142415 heartbeat IPC: 2.704 cumulative IPC: 2.612 (Simulation time: 00 hr 05 min 37 sec)
Warmup finished CPU 0 instructions: 50000004 cycles: 19142415 cumulative IPC: 2.612 (Simulation time: 00 hr 05 min 37 sec)
Warmup complete CPU 0 instructions: 50000004 cycles: 19142415 cumulative IPC: 2.612 (Simulation time: 00 hr 05 min 37 sec)
Heartbeat CPU 0 instructions: 60000003 cycles: 29686093 heartbeat IPC: 0.9484 cumulative IPC: 0.9484 (Simulation time: 00 hr 07 min 29 sec)
Heartbeat CPU 0 instructions: 70000001 cycles: 41353907 heartbeat IPC: 0.8571 cumulative IPC: 0.9004 (Simulation time: 00 hr 09 min 28 sec)
Heartbeat CPU 0 instructions: 80000001 cycles: 54991814 heartbeat IPC: 0.7333 cumulative IPC: 0.8368 (Simulation time: 00 hr 11 min 37 sec)
Heartbeat CPU 0 instructions: 90000002 cycles: 67386652 heartbeat IPC: 0.8068 cumulative IPC: 0.8291 (Simulation time: 00 hr 13 min 43 sec)
Heartbeat CPU 0 instructions: 100000002 cycles: 80526219 heartbeat IPC: 0.7611 cumulative IPC: 0.8145 (Simulation time: 00 hr 15 min 48 sec)
Heartbeat CPU 0 instructions: 110000004 cycles: 92954108 heartbeat IPC: 0.8046 cumulative IPC: 0.8129 (Simulation time: 00 hr 17 min 48 sec)
Heartbeat CPU 0 instructions: 120000000 cycles: 104936124 heartbeat IPC: 0.8346 cumulative IPC: 0.8159 (Simulation time: 00 hr 19 min 37 sec)
Heartbeat CPU 0 instructions: 130000000 cycles: 115704783 heartbeat IPC: 0.9286 cumulative IPC: 0.8285 (Simulation time: 00 hr 21 min 28 sec)
Heartbeat CPU 0 instructions: 140000000 cycles: 127330930 heartbeat IPC: 0.8601 cumulative IPC: 0.8319 (Simulation time: 00 hr 23 min 39 sec)
Heartbeat CPU 0 instructions: 150000001 cycles: 140701456 heartbeat IPC: 0.7479 cumulative IPC: 0.8226 (Simulation time: 00 hr 26 min 06 sec)
Heartbeat CPU 0 instructions: 160000000 cycles: 153009841 heartbeat IPC: 0.8125 cumulative IPC: 0.8217 (Simulation time: 00 hr 28 min 16 sec)
Heartbeat CPU 0 instructions: 170000002 cycles: 165815667 heartbeat IPC: 0.7809 cumulative IPC: 0.8181 (Simulation time: 00 hr 30 min 22 sec)
Heartbeat CPU 0 instructions: 180000004 cycles: 178385867 heartbeat IPC: 0.7955 cumulative IPC: 0.8164 (Simulation time: 00 hr 32 min 15 sec)
Heartbeat CPU 0 instructions: 190000003 cycles: 190414356 heartbeat IPC: 0.8314 cumulative IPC: 0.8174 (Simulation time: 00 hr 34 min 18 sec)
Heartbeat CPU 0 instructions: 200000002 cycles: 201650223 heartbeat IPC: 0.89 cumulative IPC: 0.8219 (Simulation time: 00 hr 36 min 28 sec)
Heartbeat CPU 0 instructions: 210000001 cycles: 212211336 heartbeat IPC: 0.9469 cumulative IPC: 0.8287 (Simulation time: 00 hr 38 min 26 sec)
Heartbeat CPU 0 instructions: 220000000 cycles: 225590757 heartbeat IPC: 0.7474 cumulative IPC: 0.8235 (Simulation time: 00 hr 40 min 34 sec)
Heartbeat CPU 0 instructions: 230000000 cycles: 238117344 heartbeat IPC: 0.7983 cumulative IPC: 0.822 (Simulation time: 00 hr 42 min 35 sec)
Heartbeat CPU 0 instructions: 240000001 cycles: 250143179 heartbeat IPC: 0.8315 cumulative IPC: 0.8225 (Simulation time: 00 hr 44 min 37 sec)
Heartbeat CPU 0 instructions: 250000001 cycles: 261784951 heartbeat IPC: 0.859 cumulative IPC: 0.8243 (Simulation time: 00 hr 46 min 40 sec)
Simulation finished CPU 0 instructions: 200000002 cycles: 242642537 cumulative IPC: 0.8243 (Simulation time: 00 hr 46 min 40 sec)
Simulation complete CPU 0 instructions: 200000002 cycles: 242642537 cumulative IPC: 0.8243 (Simulation time: 00 hr 46 min 40 sec)

ChampSim completed all CPUs

=== Simulation ===
CPU 0 runs /home/user/nncpu_campaign/traces/623.xalancbmk_s-700B.champsimtrace.xz

Region of Interest Statistics

CPU 0 cumulative IPC: 0.8243 instructions: 200000002 cycles: 242642537
CPU 0 Branch Prediction Accuracy: 97.85% MPKI: 5.982 Average ROB Occupancy at Mispredict: 45.88
Branch type MPKI
BRANCH_DIRECT_JUMP: 0.1215
BRANCH_INDIRECT: 0.3716
BRANCH_CONDITIONAL: 3.49
BRANCH_DIRECT_CALL: 0.00063
BRANCH_INDIRECT_CALL: 0.4136
BRANCH_RETURN: 1.585

cpu0->LLC TOTAL        ACCESS:    1018612 HIT:     766735 MISS:     251877 MISS_MERGE:          0
cpu0->LLC LOAD         ACCESS:     441585 HIT:     401685 MISS:      39900 MISS_MERGE:          0
cpu0->LLC RFO          ACCESS:     245347 HIT:      47542 MISS:     197805 MISS_MERGE:          0
cpu0->LLC PREFETCH     ACCESS:      26669 HIT:      16327 MISS:      10342 MISS_MERGE:          0
cpu0->LLC WRITE        ACCESS:     299946 HIT:     298575 MISS:       1371 MISS_MERGE:          0
cpu0->LLC TRANSLATION  ACCESS:       5065 HIT:       2606 MISS:       2459 MISS_MERGE:          0
cpu0->LLC PREFETCH REQUESTED:          0 ISSUED:          0 USEFUL:          0 USELESS:          0
cpu0->LLC AVERAGE MISS LATENCY: 174 cycles
cpu0->cpu0_DTLB TOTAL        ACCESS:   73388079 HIT:   62264565 MISS:   11123514 MISS_MERGE:    5476333
cpu0->cpu0_DTLB LOAD         ACCESS:   73388079 HIT:   62264565 MISS:   11123514 MISS_MERGE:    5476333
cpu0->cpu0_DTLB RFO          ACCESS:          0 HIT:          0 MISS:          0 MISS_MERGE:          0
cpu0->cpu0_DTLB PREFETCH     ACCESS:          0 HIT:          0 MISS:          0 MISS_MERGE:          0
cpu0->cpu0_DTLB WRITE        ACCESS:          0 HIT:          0 MISS:          0 MISS_MERGE:          0
cpu0->cpu0_DTLB TRANSLATION  ACCESS:          0 HIT:          0 MISS:          0 MISS_MERGE:          0
cpu0->cpu0_DTLB PREFETCH REQUESTED:          0 ISSUED:          0 USEFUL:          0 USELESS:          0
cpu0->cpu0_DTLB AVERAGE MISS LATENCY: 4.245 cycles
cpu0->cpu0_ITLB TOTAL        ACCESS:   40406138 HIT:   40232476 MISS:     173662 MISS_MERGE:      90715
cpu0->cpu0_ITLB LOAD         ACCESS:   40406138 HIT:   40232476 MISS:     173662 MISS_MERGE:      90715
cpu0->cpu0_ITLB RFO          ACCESS:          0 HIT:          0 MISS:          0 MISS_MERGE:          0
cpu0->cpu0_ITLB PREFETCH     ACCESS:          0 HIT:          0 MISS:          0 MISS_MERGE:          0
cpu0->cpu0_ITLB WRITE        ACCESS:          0 HIT:          0 MISS:          0 MISS_MERGE:          0
cpu0->cpu0_ITLB TRANSLATION  ACCESS:          0 HIT:          0 MISS:          0 MISS_MERGE:          0
cpu0->cpu0_ITLB PREFETCH REQUESTED:          0 ISSUED:          0 USEFUL:          0 USELESS:          0
cpu0->cpu0_ITLB AVERAGE MISS LATENCY: 4.569 cycles
cpu0->cpu0_L1D TOTAL        ACCESS:   74061584 HIT:   56685634 MISS:   17375950 MISS_MERGE:    7680383
cpu0->cpu0_L1D LOAD         ACCESS:   57531894 HIT:   41501977 MISS:   16029917 MISS_MERGE:    6878950
cpu0->cpu0_L1D RFO          ACCESS:          0 HIT:          0 MISS:          0 MISS_MERGE:          0
cpu0->cpu0_L1D PREFETCH     ACCESS:     656853 HIT:     383098 MISS:     273755 MISS_MERGE:      27624
cpu0->cpu0_L1D WRITE        ACCESS:   15856181 HIT:   14790534 MISS:    1065647 MISS_MERGE:     773794
cpu0->cpu0_L1D TRANSLATION  ACCESS:      16656 HIT:      10025 MISS:       6631 MISS_MERGE:         15
cpu0->cpu0_L1D PREFETCH REQUESTED:    4006031 ISSUED:     656845 USEFUL:      37469 USELESS:     208494
cpu0->cpu0_L1D AVERAGE MISS LATENCY: 12.31 cycles
cpu0->cpu0_L1I TOTAL        ACCESS:   40406138 HIT:   39712162 MISS:     693976 MISS_MERGE:     154935
cpu0->cpu0_L1I LOAD         ACCESS:   40406138 HIT:   39712162 MISS:     693976 MISS_MERGE:     154935
cpu0->cpu0_L1I RFO          ACCESS:          0 HIT:          0 MISS:          0 MISS_MERGE:          0
cpu0->cpu0_L1I PREFETCH     ACCESS:          0 HIT:          0 MISS:          0 MISS_MERGE:          0
cpu0->cpu0_L1I WRITE        ACCESS:          0 HIT:          0 MISS:          0 MISS_MERGE:          0
cpu0->cpu0_L1I TRANSLATION  ACCESS:          0 HIT:          0 MISS:          0 MISS_MERGE:          0
cpu0->cpu0_L1I PREFETCH REQUESTED:          0 ISSUED:          0 USEFUL:          0 USELESS:          0
cpu0->cpu0_L1I AVERAGE MISS LATENCY: 8.031 cycles
cpu0->cpu0_L2C TOTAL        ACCESS:   10698119 HIT:    9979381 MISS:     718738 MISS_MERGE:          3
cpu0->cpu0_L2C LOAD         ACCESS:    9690008 HIT:    9248423 MISS:     441585 MISS_MERGE:          0
cpu0->cpu0_L2C RFO          ACCESS:     291853 HIT:      46506 MISS:     245347 MISS_MERGE:          0
cpu0->cpu0_L2C PREFETCH     ACCESS:     246131 HIT:     219459 MISS:      26672 MISS_MERGE:          3
cpu0->cpu0_L2C WRITE        ACCESS:     463511 HIT:     463442 MISS:         69 MISS_MERGE:          0
cpu0->cpu0_L2C TRANSLATION  ACCESS:       6616 HIT:       1551 MISS:       5065 MISS_MERGE:          0
cpu0->cpu0_L2C PREFETCH REQUESTED:          0 ISSUED:          0 USEFUL:          0 USELESS:          0
cpu0->cpu0_L2C AVERAGE MISS LATENCY: 73.05 cycles
cpu0->cpu0_STLB TOTAL        ACCESS:    5730128 HIT:    5721885 MISS:       8243 MISS_MERGE:          0
cpu0->cpu0_STLB LOAD         ACCESS:    5730128 HIT:    5721885 MISS:       8243 MISS_MERGE:          0
cpu0->cpu0_STLB RFO          ACCESS:          0 HIT:          0 MISS:          0 MISS_MERGE:          0
cpu0->cpu0_STLB PREFETCH     ACCESS:          0 HIT:          0 MISS:          0 MISS_MERGE:          0
cpu0->cpu0_STLB WRITE        ACCESS:          0 HIT:          0 MISS:          0 MISS_MERGE:          0
cpu0->cpu0_STLB TRANSLATION  ACCESS:          0 HIT:          0 MISS:          0 MISS_MERGE:          0
cpu0->cpu0_STLB PREFETCH REQUESTED:          0 ISSUED:          0 USEFUL:          0 USELESS:          0
cpu0->cpu0_STLB AVERAGE MISS LATENCY: 172.5 cycles

DRAM Statistics

Channel 0 RQ ROW_BUFFER_HIT:       9766
  ROW_BUFFER_MISS:     240736
  AVG DBUS CONGESTED CYCLE: 9.674
Channel 0 WQ ROW_BUFFER_HIT:      23229
  ROW_BUFFER_MISS:     203173
  FULL:          0
Channel 0 REFRESHES ISSUED:      20220
