[DEFAULT] LLC: frequency=4000 (inherited from max core frequency)
[DEFAULT] LLC: hit_latency=7, fill_latency=8 (derived from sets=2048, ways=16)
[DEFAULT] LLC: max_tag_bandwidth=4 (derived from sets=2048)
[DEFAULT] LLC: max_fill_bandwidth=4 (derived from sets=2048)
[DEFAULT] LLC: mshr_size=4096 (derived from sets=2048, fill_latency=8, fill_bw=4)
[DEFAULT] cpu0_DTLB: hit_latency=1, fill_latency=1 (derived from sets=16, ways=4)
[DEFAULT] cpu0_DTLB: max_tag_bandwidth=1 (derived from sets=16)
[DEFAULT] cpu0_DTLB: max_fill_bandwidth=1 (derived from sets=16)
[DEFAULT] cpu0_ITLB: hit_latency=1, fill_latency=1 (derived from sets=16, ways=4)
[DEFAULT] cpu0_ITLB: max_tag_bandwidth=1 (derived from sets=16)
[DEFAULT] cpu0_ITLB: max_fill_bandwidth=1 (derived from sets=16)
[DEFAULT] cpu0_ITLB: mshr_size=1 (derived from sets=16, fill_latency=1, fill_bw=1)
[DEFAULT] cpu0_L1D: num_sets=128 (scaled from base=64 x 2 upper levels)
[DEFAULT] cpu0_L1D: hit_latency=2, fill_latency=3 (derived from sets=128, ways=12)
[DEFAULT] cpu0_L1D: max_tag_bandwidth=1 (derived from sets=128)
[DEFAULT] cpu0_L1D: max_fill_bandwidth=1 (derived from sets=128)
[DEFAULT] cpu0_L1D: mshr_size=24 (derived from sets=128, fill_latency=3, fill_bw=1)
[DEFAULT] cpu0_L1I: hit_latency=2, fill_latency=2 (derived from sets=64, ways=8)
[DEFAULT] cpu0_L1I: max_tag_bandwidth=1 (derived from sets=64)
[DEFAULT] cpu0_L1I: max_fill_bandwidth=1 (derived from sets=64)
[DEFAULT] cpu0_L1I: mshr_size=8 (derived from sets=64, fill_latency=2, fill_bw=1)
[DEFAULT] cpu0_L2C: num_sets=1024 (scaled from base=512 x 2 upper levels)
[DEFAULT] cpu0_L2C: hit_latency=4, fill_latency=5 (derived from sets=1024, ways=8)
[DEFAULT] cpu0_L2C: max_tag_bandwidth=2 (derived from sets=1024)
[DEFAULT] cpu0_L2C: max_fill_bandwidth=2 (derived from sets=1024)
[DEFAULT] cpu0_L2C: mshr_size=640 (derived from sets=1024, fill_latency=5, fill_bw=2)
[DEFAULT] cpu0_STLB: num_sets=256 (scaled from base=64 x 3 upper levels)
[DEFAULT] cpu0_STLB: hit_latency=3, fill_latency=4 (derived from sets=256, ways=12)
[DEFAULT] cpu0_STLB: max_tag_bandwidth=1 (derived from sets=256)
[DEFAULT] cpu0_STLB: max_fill_bandwidth=1 (derived from sets=256)
[DEFAULT] cpu0_STLB: mshr_size=64 (derived from sets=256, fill_latency=4, fill_bw=1)
[VMEM] WARNING: physical memory size is smaller than virtual memory size.

*** ChampSim Multicore Out-of-Order Simulator ***
Warmup Instructions: 50000000
Simulation Instructions: 200000000
Number of CPUs: 1
Page size: 4096

Off-chip DRAM Size: 16 GiB Channels: 1 Width: 64-bit Data Rate: 3205 MT/s
Heartbeat CPU 0 instructions: 10000002 cycles: 3780012 heartbeat IPC: 2.645 cumulative IPC: 2.645 (Simulation time: 00 hr 00 min 57 sec)
Heartbeat CPU 0 instructions: 20000000 cycles: 7282212 heartbeat IPC: 2.855 cumulative IPC: 2.746 (Simulation time: 00 hr 02 min 00 sec)
Heartbeat CPU 0 instructions: 30000003 cycles: 10779420 heartbeat IPC: 2.859 cumulative IPC: 2.783 (Simulation time: 00 hr 02 min 57 sec)
Heartbeat CPU 0 instructions: 40000001 cycles: 14277360 heartbeat IPC: 2.859 cumulative IPC: 2.802 (Simulation time: 00 hr 03 min 51 sec)
Heartbeat CPU 0 instructions: 50000001 cycles: 17755491 heartbeat IPC: 2.875 cumulative IPC: 2.816 (Simulation time: 00 hr 04 min 44 sec)
Warmup finished CPU 0 instructions: 50000001 cycles: 17755491 cumulative IPC: 2.816 (Simulation time: 00 hr 04 min 44 sec)
Warmup complete CPU 0 instructions: 50000001 cycles: 17755491 cumulative IPC: 2.816 (Simulation time: 00 hr 04 min 44 sec)
Heartbeat CPU 0 instructions: 60000000 cycles: 27819397 heartbeat IPC: 0.9936 cumulative IPC: 0.9936 (Simulation time: 00 hr 06 min 32 sec)
Heartbeat CPU 0 instructions: 70000002 cycles: 37667315 heartbeat IPC: 1.015 cumulative IPC: 1.004 (Simulation time: 00 hr 08 min 29 sec)
Heartbeat CPU 0 instructions: 80000000 cycles: 47208770 heartbeat IPC: 1.048 cumulative IPC: 1.019 (Simulation time: 00 hr 10 min 11 sec)
Heartbeat CPU 0 instructions: 90000004 cycles: 57643070 heartbeat IPC: 0.9584 cumulative IPC: 1.003 (Simulation time: 00 hr 11 min 54 sec)
Heartbeat CPU 0 instructions: 100000000 cycles: 66894634 heartbeat IPC: 1.081 cumulative IPC: 1.018 (Simulation time: 00 hr 13 min 49 sec)
Heartbeat CPU 0 instructions: 110000000 cycles: 76852643 heartbeat IPC: 1.004 cumulative IPC: 1.015 (Simulation time: 00 hr 15 min 46 sec)
Heartbeat CPU 0 instructions: 120000003 cycles: 84990999 heartbeat IPC: 1.229 cumulative IPC: 1.041 (Simulation time: 00 hr 17 min 23 sec)
Heartbeat CPU 0 instructions: 130000003 cycles: 92931335 heartbeat IPC: 1.259 cumulative IPC: 1.064 (Simulation time: 00 hr 18 min 47 sec)
Heartbeat CPU 0 instructions: 140000003 cycles: 99177815 heartbeat IPC: 1.601 cumulative IPC: 1.105 (Simulation time: 00 hr 20 min 00 sec)
Heartbeat CPU 0 instructions: 150000000 cycles: 105359683 heartbeat IPC: 1.618 cumulative IPC: 1.141 (Simulation time: 00 hr 21 min 04 sec)
Heartbeat CPU 0 instructions: 160000000 cycles: 111321410 heartbeat IPC: 1.677 cumulative IPC: 1.176 (Simulation time: 00 hr 22 min 03 sec)
Heartbeat CPU 0 instructions: 170000000 cycles: 119064056 heartbeat IPC: 1.292 cumulative IPC: 1.184 (Simulation time: 00 hr 23 min 29 sec)
Heartbeat CPU 0 instructions: 180000000 cycles: 129335918 heartbeat IPC: 0.9735 cumulative IPC: 1.165 (Simulation time: 00 hr 25 min 22 sec)
Heartbeat CPU 0 instructions: 190000002 cycles: 139420764 heartbeat IPC: 0.9916 cumulative IPC: 1.151 (Simulation time: 00 hr 27 min 09 sec)
Heartbeat CPU 0 instructions: 200000004 cycles: 149508020 heartbeat IPC: 0.9914 cumulative IPC: 1.138 (Simulation time: 00 hr 28 min 52 sec)
Heartbeat CPU 0 instructions: 210000000 cycles: 159586134 heartbeat IPC: 0.9922 cumulative IPC: 1.128 (Simulation time: 00 hr 30 min 38 sec)
Heartbeat CPU 0 instructions: 220000003 cycles: 169626679 heartbeat IPC: 0.996 cumulative IPC: 1.119 (Simulation time: 00 hr 32 min 26 sec)
Heartbeat CPU 0 instructions: 230000000 cycles: 179676372 heartbeat IPC: 0.9951 cumulative IPC: 1.112 (Simulation time: 00 hr 34 min 28 sec)
Heartbeat CPU 0 instructions: 240000002 cycles: 189700387 heartbeat IPC: 0.9976 cumulative IPC: 1.105 (Simulation time: 00 hr 36 min 13 sec)
Heartbeat CPU 0 instructions: 250000003 cycles: 199445730 heartbeat IPC: 1.026 cumulative IPC: 1.101 (Simulation time: 00 hr 37 min 51 sec)
Simulation finished CPU 0 instructions: 200000002 cycles: 181690239 cumulative IPC: 1.101 (Simulation time: 00 hr 37 min 51 sec)
Simulation complete CPU 0 instructions: 200000002 cycles: 181690239 cumulative IPC: 1.101 (Simulation time: 00 hr 37 min 51 sec)

ChampSim completed all CPUs

=== Simulation ===
CPU 0 runs /home/user/nncpu_campaign/traces/628.pop2_s-17B.champsimtrace.xz

Region of Interest Statistics

CPU 0 cumulative IPC: 1.101 instructions: 200000002 cycles: 181690239
CPU 0 Branch Prediction Accuracy: 99.09% MPKI: 1.381 Average ROB Occupancy at Mispredict: 109.8
Branch type MPKI
BRANCH_DIRECT_JUMP: 0.03179
BRANCH_INDIRECT: 0.000895
BRANCH_CONDITIONAL: 1.317
BRANCH_DIRECT_CALL: 0.001385
BRANCH_INDIRECT_CALL: 0
BRANCH_RETURN: 0.03041

cpu0->LLC TOTAL        ACCESS:    1879266 HIT:    1202679 MISS:     676587 MISS_MERGE:          0
cpu0->LLC LOAD         ACCESS:     900543 HIT:     459305 MISS:     441238 MISS_MERGE:          0
cpu0->LLC RFO          ACCESS:     394619 HIT:     167338 MISS:     227281 MISS_MERGE:          0
cpu0->LLC PREFETCH     ACCESS:          0 HIT:          0 MISS:          0 MISS_MERGE:          0
cpu0->LLC WRITE        ACCESS:     579266 HIT:     572776 MISS:       6490 MISS_MERGE:          0
cpu0->LLC TRANSLATION  ACCESS:       4838 HIT:       3260 MISS:       1578 MISS_MERGE:          0
cpu0->LLC PREFETCH REQUESTED:          0 ISSUED:          0 USEFUL:          0 USELESS:          0
cpu0->LLC AVERAGE MISS LATENCY: 216.7 cycles
cpu0->cpu0_DTLB TOTAL        ACCESS:   52591281 HIT:   52360177 MISS:     231104 MISS_MERGE:     130832
cpu0->cpu0_DTLB LOAD         ACCESS:   52591281 HIT:   52360177 MISS:     231104 MISS_MERGE:     130832
cpu0->cpu0_DTLB RFO          ACCESS:          0 HIT:          0 MISS:          0 MISS_MERGE:          0
cpu0->cpu0_DTLB PREFETCH     ACCESS:          0 HIT:          0 MISS:          0 MISS_MERGE:          0
cpu0->cpu0_DTLB WRITE        ACCESS:          0 HIT:          0 MISS:          0 MISS_MERGE:          0
cpu0->cpu0_DTLB TRANSLATION  ACCESS:          0 HIT:          0 MISS:          0 MISS_MERGE:          0
cpu0->cpu0_DTLB PREFETCH REQUESTED:          0 ISSUED:          0 USEFUL:          0 USELESS:          0
cpu0->cpu0_DTLB AVERAGE MISS LATENCY: 60.1 cycles
cpu0->cpu0_ITLB TOTAL        ACCESS:   27609075 HIT:   27598175 MISS:      10900 MISS_MERGE:       6084
cpu0->cpu0_ITLB LOAD         ACCESS:   27609075 HIT:   27598175 MISS:      10900 MISS_MERGE:       6084
cpu0->cpu0_ITLB RFO          ACCESS:          0 HIT:          0 MISS:          0 MISS_MERGE:          0
cpu0->cpu0_ITLB PREFETCH     ACCESS:          0 HIT:          0 MISS:          0 MISS_MERGE:          0
cpu0->cpu0_ITLB WRITE        ACCESS:          0 HIT:          0 MISS:          0 MISS_MERGE:          0
cpu0->cpu0_ITLB TRANSLATION  ACCESS:          0 HIT:          0 MISS:          0 MISS_MERGE:          0
cpu0->cpu0_ITLB PREFETCH REQUESTED:          0 ISSUED:          0 USEFUL:          0 USELESS:          0
cpu0->cpu0_ITLB AVERAGE MISS LATENCY: 15.17 cycles
cpu0->cpu0_L1D TOTAL        ACCESS:   52609302 HIT:   47048496 MISS:    5560806 MISS_MERGE:    3391066
cpu0->cpu0_L1D LOAD         ACCESS:   38990965 HIT:   35978250 MISS:    3012715 MISS_MERGE:    1627825
cpu0->cpu0_L1D RFO          ACCESS:          0 HIT:          0 MISS:          0 MISS_MERGE:          0
cpu0->cpu0_L1D PREFETCH     ACCESS:          0 HIT:          0 MISS:          0 MISS_MERGE:          0
cpu0->cpu0_L1D WRITE        ACCESS:   13600315 HIT:   11058619 MISS:    2541696 MISS_MERGE:    1762979
cpu0->cpu0_L1D TRANSLATION  ACCESS:      18022 HIT:      11627 MISS:       6395 MISS_MERGE:        262
cpu0->cpu0_L1D PREFETCH REQUESTED:          0 ISSUED:          0 USEFUL:          0 USELESS:          0
cpu0->cpu0_L1D AVERAGE MISS LATENCY: 81.59 cycles
cpu0->cpu0_L1I TOTAL        ACCESS:   27609074 HIT:   27378637 MISS:     230437 MISS_MERGE:     115780
cpu0->cpu0_L1I LOAD         ACCESS:   27609074 HIT:   27378637 MISS:     230437 MISS_MERGE:     115780
cpu0->cpu0_L1I RFO          ACCESS:          0 HIT:          0 MISS:          0 MISS_MERGE:          0
cpu0->cpu0_L1I PREFETCH     ACCESS:          0 HIT:          0 MISS:          0 MISS_MERGE:          0
cpu0->cpu0_L1I WRITE        ACCESS:          0 HIT:          0 MISS:          0 MISS_MERGE:          0
cpu0->cpu0_L1I TRANSLATION  ACCESS:          0 HIT:          0 MISS:          0 MISS_MERGE:          0
cpu0->cpu0_L1I PREFETCH REQUESTED:          0 ISSUED:          0 USEFUL:          0 USELESS:          0
cpu0->cpu0_L1I AVERAGE MISS LATENCY: 26.35 cycles
cpu0->cpu0_L2C TOTAL        ACCESS:    3342472 HIT:    2038559 MISS:    1303913 MISS_MERGE:          2
cpu0->cpu0_L2C LOAD         ACCESS:    1499547 HIT:     599003 MISS:     900544 MISS_MERGE:          1
cpu0->cpu0_L2C RFO          ACCESS:     778717 HIT:     384097 MISS:     394620 MISS_MERGE:          1
cpu0->cpu0_L2C PREFETCH     ACCESS:          0 HIT:          0 MISS:          0 MISS_MERGE:          0
cpu0->cpu0_L2C WRITE        ACCESS:    1058075 HIT:    1054164 MISS:       3911 MISS_MERGE:          0
cpu0->cpu0_L2C TRANSLATION  ACCESS:       6133 HIT:       1295 MISS:       4838 MISS_MERGE:          0
cpu0->cpu0_L2C PREFETCH REQUESTED:          0 ISSUED:          0 USEFUL:          0 USELESS:          0
cpu0->cpu0_L2C AVERAGE MISS LATENCY: 124.9 cycles
cpu0->cpu0_STLB TOTAL        ACCESS:     105088 HIT:      96793 MISS:       8295 MISS_MERGE:          0
cpu0->cpu0_STLB LOAD         ACCESS:     105088 HIT:      96793 MISS:       8295 MISS_MERGE:          0
cpu0->cpu0_STLB RFO          ACCESS:          0 HIT:          0 MISS:          0 MISS_MERGE:          0
cpu0->cpu0_STLB PREFETCH     ACCESS:          0 HIT:          0 MISS:          0 MISS_MERGE:          0
cpu0->cpu0_STLB WRITE        ACCESS:          0 HIT:          0 MISS:          0 MISS_MERGE:          0
cpu0->cpu0_STLB TRANSLATION  ACCESS:          0 HIT:          0 MISS:          0 MISS_MERGE:          0
cpu0->cpu0_STLB PREFETCH REQUESTED:          0 ISSUED:          0 USEFUL:          0 USELESS:          0
cpu0->cpu0_STLB AVERAGE MISS LATENCY: 683.6 cycles

DRAM Statistics

Channel 0 RQ ROW_BUFFER_HIT:      45244
  ROW_BUFFER_MISS:     624734
  AVG DBUS CONGESTED CYCLE: 11.67
Channel 0 WQ ROW_BUFFER_HIT:      61158
  ROW_BUFFER_MISS:     269701
  FULL:          0
Channel 0 REFRESHES ISSUED:      15141
