[DEFAULT] LLC: frequency=4000 (inherited from max core frequency)
[DEFAULT] LLC: hit_latency=7, fill_latency=8 (derived from sets=2048, ways=16)
[DEFAULT] LLC: max_tag_bandwidth=4 (derived from sets=2048)
[DEFAULT] LLC: max_fill_bandwidth=4 (derived from sets=2048)
[DEFAULT] LLC: mshr_size=4096 (derived from sets=2048, fill_latency=8, fill_bw=4)
[DEFAULT] cpu0_DTLB: hit_latency=1, fill_latency=1 (derived from sets=16, ways=4)
[DEFAULT] cpu0_DTLB: max_tag_bandwidth=1 (derived from sets=16)
[DEFAULT] cpu0_DTLB: max_fill_bandwidth=1 (derived from sets=16)
[DEFAULT] cpu0_ITLB: hit_latency=1, fill_latency=1 (derived from sets=16, ways=4)
[DEFAULT] cpu0_ITLB: max_tag_bandwidth=1 (derived from sets=16)
[DEFAULT] cpu0_ITLB: max_fill_bandwidth=1 (derived from sets=16)
[DEFAULT] cpu0_ITLB: mshr_size=1 (derived from sets=16, fill_latency=1, fill_bw=1)
[DEFAULT] cpu0_L1D: num_sets=128 (scaled from base=64 x 2 upper levels)
[DEFAULT] cpu0_L1D: hit_latency=2, fill_latency=3 (derived from sets=128, ways=12)
[DEFAULT] cpu0_L1D: max_tag_bandwidth=1 (derived from sets=128)
[DEFAULT] cpu0_L1D: max_fill_bandwidth=1 (derived from sets=128)
[DEFAULT] cpu0_L1D: mshr_size=24 (derived from sets=128, fill_latency=3, fill_bw=1)
[DEFAULT] cpu0_L1I: hit_latency=2, fill_latency=2 (derived from sets=64, ways=8)
[DEFAULT] cpu0_L1I: max_tag_bandwidth=1 (derived from sets=64)
[DEFAULT] cpu0_L1I: max_fill_bandwidth=1 (derived from sets=64)
[DEFAULT] cpu0_L1I: mshr_size=8 (derived from sets=64, fill_latency=2, fill_bw=1)
[DEFAULT] cpu0_L2C: num_sets=1024 (scaled from base=512 x 2 upper levels)
[DEFAULT] cpu0_L2C: hit_latency=4, fill_latency=5 (derived from sets=1024, ways=8)
[DEFAULT] cpu0_L2C: max_tag_bandwidth=2 (derived from sets=1024)
[DEFAULT] cpu0_L2C: max_fill_bandwidth=2 (derived from sets=1024)
[DEFAULT] cpu0_L2C: mshr_size=640 (derived from sets=1024, fill_latency=5, fill_bw=2)
[DEFAULT] cpu0_STLB: num_sets=256 (scaled from base=64 x 3 upper levels)
[DEFAULT] cpu0_STLB: hit_latency=3, fill_latency=4 (derived from sets=256, ways=12)
[DEFAULT] cpu0_STLB: max_tag_bandwidth=1 (derived from sets=256)
[DEFAULT] cpu0_STLB: max_fill_bandwidth=1 (derived from sets=256)
[DEFAULT] cpu0_STLB: mshr_size=64 (derived from sets=256, fill_latency=4, fill_bw=1)
[VMEM] WARNING: physical memory size is smaller than virtual memory size.

*** ChampSim Multicore Out-of-Order Simulator ***
Warmup Instructions: 50000000
Simulation Instructions: 200000000
Number of CPUs: 1
Page size: 4096

Off-chip DRAM Size: 16 GiB Channels: 1 Width: 64-bit Data Rate: 3205 MT/s
Heartbeat CPU 0 instructions: 10000002 cycles: 4305833 heartbeat IPC: 2.322 cumulative IPC: 2.322 (Simulation time: 00 hr 00 min 50 sec)
Heartbeat CPU 0 instructions: 20000000 cycles: 6834543 heartbeat IPC: 3.955 cumulative IPC: 2.926 (Simulation time: 00 hr 01 min 29 sec)
Heartbeat CPU 0 instructions: 30000002 cycles: 9372629 heartbeat IPC: 3.94 cumulative IPC: 3.201 (Simulation time: 00 hr 02 min 08 sec)
Heartbeat CPU 0 instructions: 40000003 cycles: 11897242 heartbeat IPC: 3.961 cumulative IPC: 3.362 (Simulation time: 00 hr 02 min 54 sec)
Heartbeat CPU 0 instructions: 50000001 cycles: 14452510 heartbeat IPC: 3.913 cumulative IPC: 3.46 (Simulation time: 00 hr 03 min 46 sec)
Warmup finished CPU 0 instructions: 50000001 cycles: 14452510 cumulative IPC: 3.46 (Simulation time: 00 hr 03 min 46 sec)
Warmup complete CPU 0 instructions: 50000001 cycles: 14452510 cumulative IPC: 3.46 (Simulation time: 00 hr 03 min 46 sec)
Heartbeat CPU 0 instructions: 60000001 cycles: 20901719 heartbeat IPC: 1.551 cumulative IPC: 1.551 (Simulation time: 00 hr 05 min 08 sec)
Heartbeat CPU 0 instructions: 70000000 cycles: 27771009 heartbeat IPC: 1.456 cumulative IPC: 1.502 (Simulation time: 00 hr 06 min 23 sec)
Heartbeat CPU 0 instructions: 80000003 cycles: 35915744 heartbeat IPC: 1.228 cumulative IPC: 1.398 (Simulation time: 00 hr 07 min 45 sec)
Heartbeat CPU 0 instructions: 90000003 cycles: 44273196 heartbeat IPC: 1.197 cumulative IPC: 1.341 (Simulation time: 00 hr 09 min 12 sec)
Heartbeat CPU 0 instructions: 100000000 cycles: 55353778 heartbeat IPC: 0.9025 cumulative IPC: 1.222 (Simulation time: 00 hr 11 min 06 sec)
Heartbeat CPU 0 instructions: 110000001 cycles: 79538015 heartbeat IPC: 0.4135 cumulative IPC: 0.9219 (Simulation time: 00 hr 16 min 13 sec)
Heartbeat CPU 0 instructions: 120000003 cycles: 86406516 heartbeat IPC: 1.456 cumulative IPC: 0.9728 (Simulation time: 00 hr 17 min 38 sec)
Heartbeat CPU 0 instructions: 130000002 cycles: 92665940 heartbeat IPC: 1.598 cumulative IPC: 1.023 (Simulation time: 00 hr 18 min 52 sec)
Heartbeat CPU 0 instructions: 140000000 cycles: 98815429 heartbeat IPC: 1.626 cumulative IPC: 1.067 (Simulation time: 00 hr 20 min 11 sec)
Heartbeat CPU 0 instructions: 150000001 cycles: 105369030 heartbeat IPC: 1.526 cumulative IPC: 1.1 (Simulation time: 00 hr 21 min 39 sec)
Heartbeat CPU 0 instructions: 160000000 cycles: 112082689 heartbeat IPC: 1.49 cumulative IPC: 1.127 (Simulation time: 00 hr 23 min 07 sec)
Heartbeat CPU 0 instructions: 170000000 cycles: 118981103 heartbeat IPC: 1.45 cumulative IPC: 1.148 (Simulation time: 00 hr 24 min 27 sec)
Heartbeat CPU 0 instructions: 180000001 cycles: 127102739 heartbeat IPC: 1.231 cumulative IPC: 1.154 (Simulation time: 00 hr 25 min 52 sec)
Heartbeat CPU 0 instructions: 190000003 cycles: 135564464 heartbeat IPC: 1.182 cumulative IPC: 1.156 (Simulation time: 00 hr 27 min 31 sec)
Heartbeat CPU 0 instructions: 200000004 cycles: 145141245 heartbeat IPC: 1.044 cumulative IPC: 1.148 (Simulation time: 00 hr 29 min 27 sec)
Heartbeat CPU 0 instructions: 210000003 cycles: 170448791 heartbeat IPC: 0.3951 cumulative IPC: 1.026 (Simulation time: 00 hr 34 min 27 sec)
Heartbeat CPU 0 instructions: 220000004 cycles: 177574108 heartbeat IPC: 1.403 cumulative IPC: 1.042 (Simulation time: 00 hr 35 min 58 sec)
Heartbeat CPU 0 instructions: 230000001 cycles: 183960284 heartbeat IPC: 1.566 cumulative IPC: 1.062 (Simulation time: 00 hr 37 min 19 sec)
Heartbeat CPU 0 instructions: 240000001 cycles: 190120714 heartbeat IPC: 1.623 cumulative IPC: 1.082 (Simulation time: 00 hr 38 min 28 sec)
Heartbeat CPU 0 instructions: 250000003 cycles: 196492925 heartbeat IPC: 1.569 cumulative IPC: 1.099 (Simulation time: 00 hr 39 min 44 sec)
Simulation finished CPU 0 instructions: 200000002 cycles: 182040415 cumulative IPC: 1.099 (Simulation time: 00 hr 39 min 44 sec)
Simulation complete CPU 0 instructions: 200000002 cycles: 182040415 cumulative IPC: 1.099 (Simulation time: 00 hr 39 min 44 sec)

ChampSim completed all CPUs

=== Simulation ===
CPU 0 runs /home/user/nncpu_campaign/traces/627.cam4_s-573B.champsimtrace.xz

Region of Interest Statistics

CPU 0 cumulative IPC: 1.099 instructions: 200000002 cycles: 182040415
CPU 0 Branch Prediction Accuracy: 97.71% MPKI: 3.062 Average ROB Occupancy at Mispredict: 84.2
Branch type MPKI
BRANCH_DIRECT_JUMP: 0.00598
BRANCH_INDIRECT: 0.001965
BRANCH_CONDITIONAL: 2.383
BRANCH_DIRECT_CALL: 0.02205
BRANCH_INDIRECT_CALL: 0
BRANCH_RETURN: 0.649

cpu0->LLC TOTAL        ACCESS:    2119580 HIT:    1088953 MISS:    1030627 MISS_MERGE:          0
cpu0->LLC LOAD         ACCESS:     141676 HIT:      67865 MISS:      73811 MISS_MERGE:          0
cpu0->LLC RFO          ACCESS:     979002 HIT:      25859 MISS:     953143 MISS_MERGE:          0
cpu0->LLC PREFETCH     ACCESS:          0 HIT:          0 MISS:          0 MISS_MERGE:          0
cpu0->LLC WRITE        ACCESS:     995687 HIT:     995043 MISS:        644 MISS_MERGE:          0
cpu0->LLC TRANSLATION  ACCESS:       3215 HIT:        186 MISS:       3029 MISS_MERGE:          0
cpu0->LLC PREFETCH REQUESTED:          0 ISSUED:          0 USEFUL:          0 USELESS:          0
cpu0->LLC AVERAGE MISS LATENCY: 954.2 cycles
cpu0->cpu0_DTLB TOTAL        ACCESS:   48010288 HIT:   47647228 MISS:     363060 MISS_MERGE:     230047
cpu0->cpu0_DTLB LOAD         ACCESS:   48010288 HIT:   47647228 MISS:     363060 MISS_MERGE:     230047
cpu0->cpu0_DTLB RFO          ACCESS:          0 HIT:          0 MISS:          0 MISS_MERGE:          0
cpu0->cpu0_DTLB PREFETCH     ACCESS:          0 HIT:          0 MISS:          0 MISS_MERGE:          0
cpu0->cpu0_DTLB WRITE        ACCESS:          0 HIT:          0 MISS:          0 MISS_MERGE:          0
cpu0->cpu0_DTLB TRANSLATION  ACCESS:          0 HIT:          0 MISS:          0 MISS_MERGE:          0
cpu0->cpu0_DTLB PREFETCH REQUESTED:          0 ISSUED:          0 USEFUL:          0 USELESS:          0
cpu0->cpu0_DTLB AVERAGE MISS LATENCY: 42.06 cycles
cpu0->cpu0_ITLB TOTAL        ACCESS:   29570764 HIT:   29564792 MISS:       5972 MISS_MERGE:       3481
cpu0->cpu0_ITLB LOAD         ACCESS:   29570764 HIT:   29564792 MISS:       5972 MISS_MERGE:       3481
cpu0->cpu0_ITLB RFO          ACCESS:          0 HIT:          0 MISS:          0 MISS_MERGE:          0
cpu0->cpu0_ITLB PREFETCH     ACCESS:          0 HIT:          0 MISS:          0 MISS_MERGE:          0
cpu0->cpu0_ITLB WRITE        ACCESS:          0 HIT:          0 MISS:          0 MISS_MERGE:          0
cpu0->cpu0_ITLB TRANSLATION  ACCESS:          0 HIT:          0 MISS:          0 MISS_MERGE:          0
cpu0->cpu0_ITLB PREFETCH REQUESTED:          0 ISSUED:          0 USEFUL:          0 USELESS:          0
cpu0->cpu0_ITLB AVERAGE MISS LATENCY: 98.7 cycles
cpu0->cpu0_L1D TOTAL        ACCESS:   48041625 HIT:   43025100 MISS:    5016525 MISS_MERGE:    3519287
cpu0->cpu0_L1D LOAD         ACCESS:   27182200 HIT:   26428756 MISS:     753444 MISS_MERGE:     344012
cpu0->cpu0_L1D RFO          ACCESS:          0 HIT:          0 MISS:          0 MISS_MERGE:          0
cpu0->cpu0_L1D PREFETCH     ACCESS:          0 HIT:          0 MISS:          0 MISS_MERGE:          0
cpu0->cpu0_L1D WRITE        ACCESS:   20828088 HIT:   16568906 MISS:    4259182 MISS_MERGE:    3174981
cpu0->cpu0_L1D TRANSLATION  ACCESS:      31337 HIT:      27438 MISS:       3899 MISS_MERGE:        294
cpu0->cpu0_L1D PREFETCH REQUESTED:          0 ISSUED:          0 USEFUL:          0 USELESS:          0
cpu0->cpu0_L1D AVERAGE MISS LATENCY: 671.2 cycles
cpu0->cpu0_L1I TOTAL        ACCESS:   29570764 HIT:   29447674 MISS:     123090 MISS_MERGE:      40848
cpu0->cpu0_L1I LOAD         ACCESS:   29570764 HIT:   29447674 MISS:     123090 MISS_MERGE:      40848
cpu0->cpu0_L1I RFO          ACCESS:          0 HIT:          0 MISS:          0 MISS_MERGE:          0
cpu0->cpu0_L1I PREFETCH     ACCESS:          0 HIT:          0 MISS:          0 MISS_MERGE:          0
cpu0->cpu0_L1I WRITE        ACCESS:          0 HIT:          0 MISS:          0 MISS_MERGE:          0
cpu0->cpu0_L1I TRANSLATION  ACCESS:          0 HIT:          0 MISS:          0 MISS_MERGE:          0
cpu0->cpu0_L1I PREFETCH REQUESTED:          0 ISSUED:          0 USEFUL:          0 USELESS:          0
cpu0->cpu0_L1I AVERAGE MISS LATENCY: 61.22 cycles
cpu0->cpu0_L2C TOTAL        ACCESS:    2747407 HIT:    1622016 MISS:    1125391 MISS_MERGE:          0
cpu0->cpu0_L2C LOAD         ACCESS:     491674 HIT:     349998 MISS:     141676 MISS_MERGE:          0
cpu0->cpu0_L2C RFO          ACCESS:    1084201 HIT:     105199 MISS:     979002 MISS_MERGE:          0
cpu0->cpu0_L2C PREFETCH     ACCESS:          0 HIT:          0 MISS:          0 MISS_MERGE:          0
cpu0->cpu0_L2C WRITE        ACCESS:    1167927 HIT:    1166429 MISS:       1498 MISS_MERGE:          0
cpu0->cpu0_L2C TRANSLATION  ACCESS:       3605 HIT:        390 MISS:       3215 MISS_MERGE:          0
cpu0->cpu0_L2C PREFETCH REQUESTED:          0 ISSUED:          0 USEFUL:          0 USELESS:          0
cpu0->cpu0_L2C AVERAGE MISS LATENCY: 886.7 cycles
cpu0->cpu0_STLB TOTAL        ACCESS:     135504 HIT:     120007 MISS:      15497 MISS_MERGE:          0
cpu0->cpu0_STLB LOAD         ACCESS:     135504 HIT:     120007 MISS:      15497 MISS_MERGE:          0
cpu0->cpu0_STLB RFO          ACCESS:          0 HIT:          0 MISS:          0 MISS_MERGE:          0
cpu0->cpu0_STLB PREFETCH     ACCESS:          0 HIT:          0 MISS:          0 MISS_MERGE:          0
cpu0->cpu0_STLB WRITE        ACCESS:          0 HIT:          0 MISS:          0 MISS_MERGE:          0
cpu0->cpu0_STLB TRANSLATION  ACCESS:          0 HIT:          0 MISS:          0 MISS_MERGE:          0
cpu0->cpu0_STLB PREFETCH REQUESTED:          0 ISSUED:          0 USEFUL:          0 USELESS:          0
cpu0->cpu0_STLB AVERAGE MISS LATENCY: 340.9 cycles

DRAM Statistics

Channel 0 RQ ROW_BUFFER_HIT:      51316
  ROW_BUFFER_MISS:     978643
  AVG DBUS CONGESTED CYCLE: 5.847
Channel 0 WQ ROW_BUFFER_HIT:      79071
  ROW_BUFFER_MISS:     884440
  FULL:          0
Channel 0 REFRESHES ISSUED:      15170
