[DEFAULT] LLC: frequency=4000 (inherited from max core frequency)
[DEFAULT] LLC: hit_latency=7, fill_latency=8 (derived from sets=2048, ways=16)
[DEFAULT] LLC: max_tag_bandwidth=4 (derived from sets=2048)
[DEFAULT] LLC: max_fill_bandwidth=4 (derived from sets=2048)
[DEFAULT] LLC: mshr_size=4096 (derived from sets=2048, fill_latency=8, fill_bw=4)
[DEFAULT] cpu0_DTLB: hit_latency=1, fill_latency=1 (derived from sets=16, ways=4)
[DEFAULT] cpu0_DTLB: max_tag_bandwidth=1 (derived from sets=16)
[DEFAULT] cpu0_DTLB: max_fill_bandwidth=1 (derived from sets=16)
[DEFAULT] cpu0_ITLB: hit_latency=1, fill_latency=1 (derived from sets=16, ways=4)
[DEFAULT] cpu0_ITLB: max_tag_bandwidth=1 (derived from sets=16)
[DEFAULT] cpu0_ITLB: max_fill_bandwidth=1 (derived from sets=16)
[DEFAULT] cpu0_ITLB: mshr_size=1 (derived from sets=16, fill_latency=1, fill_bw=1)
[DEFAULT] cpu0_L1D: num_sets=128 (scaled from base=64 x 2 upper levels)
[DEFAULT] cpu0_L1D: hit_latency=2, fill_latency=3 (derived from sets=128, ways=12)
[DEFAULT] cpu0_L1D: max_tag_bandwidth=1 (derived from sets=128)
[DEFAULT] cpu0_L1D: max_fill_bandwidth=1 (derived from sets=128)
[DEFAULT] cpu0_L1D: mshr_size=24 (derived from sets=128, fill_latency=3, fill_bw=1)
[DEFAULT] cpu0_L1I: hit_latency=2, fill_latency=2 (derived from sets=64, ways=8)
[DEFAULT] cpu0_L1I: max_tag_bandwidth=1 (derived from sets=64)
[DEFAULT] cpu0_L1I: max_fill_bandwidth=1 (derived from sets=64)
[DEFAULT] cpu0_L1I: mshr_size=8 (derived from sets=64, fill_latency=2, fill_bw=1)
[DEFAULT] cpu0_L2C: num_sets=1024 (scaled from base=512 x 2 upper levels)
[DEFAULT] cpu0_L2C: hit_latency=4, fill_latency=5 (derived from sets=1024, ways=8)
[DEFAULT] cpu0_L2C: max_tag_bandwidth=2 (derived from sets=1024)
[DEFAULT] cpu0_L2C: max_fill_bandwidth=2 (derived from sets=1024)
[DEFAULT] cpu0_L2C: mshr_size=640 (derived from sets=1024, fill_latency=5, fill_bw=2)
[DEFAULT] cpu0_STLB: num_sets=256 (scaled from base=64 x 3 upper levels)
[DEFAULT] cpu0_STLB: hit_latency=3, fill_latency=4 (derived from sets=256, ways=12)
[DEFAULT] cpu0_STLB: max_tag_bandwidth=1 (derived from sets=256)
[DEFAULT] cpu0_STLB: max_fill_bandwidth=1 (derived from sets=256)
[DEFAULT] cpu0_STLB: mshr_size=64 (derived from sets=256, fill_latency=4, fill_bw=1)
[VMEM] WARNING: physical memory size is smaller than virtual memory size.

*** ChampSim Multicore Out-of-Order Simulator ***
Warmup Instructions: 50000000
Simulation Instructions: 200000000
Number of CPUs: 1
Page size: 4096

Off-chip DRAM Size: 16 GiB Channels: 1 Width: 64-bit Data Rate: 3205 MT/s
Heartbeat CPU 0 instructions: 10000002 cycles: 4305833 heartbeat IPC: 2.322 cumulative IPC: 2.322 (Simulation time: 00 hr 00 min 56 sec)
Heartbeat CPU 0 instructions: 20000000 cycles: 6834542 heartbeat IPC: 3.955 cumulative IPC: 2.926 (Simulation time: 00 hr 01 min 44 sec)
Heartbeat CPU 0 instructions: 30000002 cycles: 9372616 heartbeat IPC: 3.94 cumulative IPC: 3.201 (Simulation time: 00 hr 02 min 33 sec)
Heartbeat CPU 0 instructions: 40000003 cycles: 11897241 heartbeat IPC: 3.961 cumulative IPC: 3.362 (Simulation time: 00 hr 03 min 19 sec)
Heartbeat CPU 0 instructions: 50000001 cycles: 14452418 heartbeat IPC: 3.914 cumulative IPC: 3.46 (Simulation time: 00 hr 04 min 05 sec)
Warmup finished CPU 0 instructions: 50000001 cycles: 14452418 cumulative IPC: 3.46 (Simulation time: 00 hr 04 min 05 sec)
Warmup complete CPU 0 instructions: 50000001 cycles: 14452418 cumulative IPC: 3.46 (Simulation time: 00 hr 04 min 05 sec)
Heartbeat CPU 0 instructions: 60000001 cycles: 20903153 heartbeat IPC: 1.55 cumulative IPC: 1.55 (Simulation time: 00 hr 05 min 22 sec)
Heartbeat CPU 0 instructions: 70000000 cycles: 27773530 heartbeat IPC: 1.456 cumulative IPC: 1.501 (Simulation time: 00 hr 06 min 35 sec)
Heartbeat CPU 0 instructions: 80000003 cycles: 35917867 heartbeat IPC: 1.228 cumulative IPC: 1.398 (Simulation time: 00 hr 08 min 00 sec)
Heartbeat CPU 0 instructions: 90000003 cycles: 44280073 heartbeat IPC: 1.196 cumulative IPC: 1.341 (Simulation time: 00 hr 09 min 34 sec)
Heartbeat CPU 0 instructions: 100000000 cycles: 55328703 heartbeat IPC: 0.9051 cumulative IPC: 1.223 (Simulation time: 00 hr 11 min 25 sec)
Heartbeat CPU 0 instructions: 110000001 cycles: 79505902 heartbeat IPC: 0.4136 cumulative IPC: 0.9223 (Simulation time: 00 hr 16 min 19 sec)
Heartbeat CPU 0 instructions: 120000003 cycles: 86370199 heartbeat IPC: 1.457 cumulative IPC: 0.9733 (Simulation time: 00 hr 17 min 38 sec)
Heartbeat CPU 0 instructions: 130000002 cycles: 92627663 heartbeat IPC: 1.598 cumulative IPC: 1.023 (Simulation time: 00 hr 18 min 55 sec)
Heartbeat CPU 0 instructions: 140000000 cycles: 98776652 heartbeat IPC: 1.626 cumulative IPC: 1.067 (Simulation time: 00 hr 20 min 02 sec)
Heartbeat CPU 0 instructions: 150000001 cycles: 105331768 heartbeat IPC: 1.526 cumulative IPC: 1.1 (Simulation time: 00 hr 21 min 18 sec)
Heartbeat CPU 0 instructions: 160000000 cycles: 112051081 heartbeat IPC: 1.488 cumulative IPC: 1.127 (Simulation time: 00 hr 22 min 48 sec)
Heartbeat CPU 0 instructions: 170000000 cycles: 118952552 heartbeat IPC: 1.449 cumulative IPC: 1.148 (Simulation time: 00 hr 24 min 21 sec)
Heartbeat CPU 0 instructions: 180000001 cycles: 127072976 heartbeat IPC: 1.231 cumulative IPC: 1.154 (Simulation time: 00 hr 25 min 57 sec)
Heartbeat CPU 0 instructions: 190000003 cycles: 135539995 heartbeat IPC: 1.181 cumulative IPC: 1.156 (Simulation time: 00 hr 27 min 41 sec)
Heartbeat CPU 0 instructions: 200000004 cycles: 145073155 heartbeat IPC: 1.049 cumulative IPC: 1.148 (Simulation time: 00 hr 29 min 37 sec)
Heartbeat CPU 0 instructions: 210000003 cycles: 170373054 heartbeat IPC: 0.3953 cumulative IPC: 1.026 (Simulation time: 00 hr 34 min 49 sec)
Heartbeat CPU 0 instructions: 220000004 cycles: 177495748 heartbeat IPC: 1.404 cumulative IPC: 1.043 (Simulation time: 00 hr 36 min 10 sec)
Heartbeat CPU 0 instructions: 230000001 cycles: 183881239 heartbeat IPC: 1.566 cumulative IPC: 1.062 (Simulation time: 00 hr 37 min 22 sec)
Heartbeat CPU 0 instructions: 240000000 cycles: 190041514 heartbeat IPC: 1.623 cumulative IPC: 1.082 (Simulation time: 00 hr 38 min 31 sec)
Heartbeat CPU 0 instructions: 250000003 cycles: 196415326 heartbeat IPC: 1.569 cumulative IPC: 1.099 (Simulation time: 00 hr 39 min 31 sec)
Simulation finished CPU 0 instructions: 200000002 cycles: 181962908 cumulative IPC: 1.099 (Simulation time: 00 hr 39 min 31 sec)
Simulation complete CPU 0 instructions: 200000002 cycles: 181962908 cumulative IPC: 1.099 (Simulation time: 00 hr 39 min 31 sec)

ChampSim completed all CPUs

=== Simulation ===
CPU 0 runs /home/user/nncpu_campaign/traces/627.cam4_s-573B.champsimtrace.xz

Region of Interest Statistics

CPU 0 cumulative IPC: 1.099 instructions: 200000002 cycles: 181962908
CPU 0 Branch Prediction Accuracy: 97.71% MPKI: 3.062 Average ROB Occupancy at Mispredict: 84.18
Branch type MPKI
BRANCH_DIRECT_JUMP: 0.00598
BRANCH_INDIRECT: 0.001965
BRANCH_CONDITIONAL: 2.383
BRANCH_DIRECT_CALL: 0.02205
BRANCH_INDIRECT_CALL: 0
BRANCH_RETURN: 0.649

cpu0->LLC TOTAL        ACCESS:    2121351 HIT:    1089313 MISS:    1032038 MISS_MERGE:          0
cpu0->LLC LOAD         ACCESS:     138757 HIT:      66349 MISS:      72408 MISS_MERGE:          0
cpu0->LLC RFO          ACCESS:     978827 HIT:      25714 MISS:     953113 MISS_MERGE:          0
cpu0->LLC PREFETCH     ACCESS:       4692 HIT:       1875 MISS:       2817 MISS_MERGE:          0
cpu0->LLC WRITE        ACCESS:     995860 HIT:     995188 MISS:        672 MISS_MERGE:          0
cpu0->LLC TRANSLATION  ACCESS:       3215 HIT:        187 MISS:       3028 MISS_MERGE:          0
cpu0->LLC PREFETCH REQUESTED:          0 ISSUED:          0 USEFUL:          0 USELESS:          0
cpu0->LLC AVERAGE MISS LATENCY: 954.3 cycles
cpu0->cpu0_DTLB TOTAL        ACCESS:   48002677 HIT:   47639467 MISS:     363210 MISS_MERGE:     230197
cpu0->cpu0_DTLB LOAD         ACCESS:   48002677 HIT:   47639467 MISS:     363210 MISS_MERGE:     230197
cpu0->cpu0_DTLB RFO          ACCESS:          0 HIT:          0 MISS:          0 MISS_MERGE:          0
cpu0->cpu0_DTLB PREFETCH     ACCESS:          0 HIT:          0 MISS:          0 MISS_MERGE:          0
cpu0->cpu0_DTLB WRITE        ACCESS:          0 HIT:          0 MISS:          0 MISS_MERGE:          0
cpu0->cpu0_DTLB TRANSLATION  ACCESS:          0 HIT:          0 MISS:          0 MISS_MERGE:          0
cpu0->cpu0_DTLB PREFETCH REQUESTED:          0 ISSUED:          0 USEFUL:          0 USELESS:          0
cpu0->cpu0_DTLB AVERAGE MISS LATENCY: 42.29 cycles
cpu0->cpu0_ITLB TOTAL        ACCESS:   29576848 HIT:   29570888 MISS:       5960 MISS_MERGE:       3469
cpu0->cpu0_ITLB LOAD         ACCESS:   29576848 HIT:   29570888 MISS:       5960 MISS_MERGE:       3469
cpu0->cpu0_ITLB RFO          ACCESS:          0 HIT:          0 MISS:          0 MISS_MERGE:          0
cpu0->cpu0_ITLB PREFETCH     ACCESS:          0 HIT:          0 MISS:          0 MISS_MERGE:          0
cpu0->cpu0_ITLB WRITE        ACCESS:          0 HIT:          0 MISS:          0 MISS_MERGE:          0
cpu0->cpu0_ITLB TRANSLATION  ACCESS:          0 HIT:          0 MISS:          0 MISS_MERGE:          0
cpu0->cpu0_ITLB PREFETCH REQUESTED:          0 ISSUED:          0 USEFUL:          0 USELESS:          0
cpu0->cpu0_ITLB AVERAGE MISS LATENCY: 99.29 cycles
cpu0->cpu0_L1D TOTAL        ACCESS:   48189909 HIT:   43167655 MISS:    5022254 MISS_MERGE:    3520509
cpu0->cpu0_L1D LOAD         ACCESS:   27174589 HIT:   26426501 MISS:     748088 MISS_MERGE:     342341
cpu0->cpu0_L1D RFO          ACCESS:          0 HIT:          0 MISS:          0 MISS_MERGE:          0
cpu0->cpu0_L1D PREFETCH     ACCESS:     155895 HIT:     144480 MISS:      11415 MISS_MERGE:       2964
cpu0->cpu0_L1D WRITE        ACCESS:   20828088 HIT:   16569238 MISS:    4258850 MISS_MERGE:    3174909
cpu0->cpu0_L1D TRANSLATION  ACCESS:      31337 HIT:      27436 MISS:       3901 MISS_MERGE:        295
cpu0->cpu0_L1D PREFETCH REQUESTED:     493903 ISSUED:     155895 USEFUL:       5785 USELESS:       2198
cpu0->cpu0_L1D AVERAGE MISS LATENCY: 671.9 cycles
cpu0->cpu0_L1I TOTAL        ACCESS:   29576847 HIT:   29453748 MISS:     123099 MISS_MERGE:      40858
cpu0->cpu0_L1I LOAD         ACCESS:   29576847 HIT:   29453748 MISS:     123099 MISS_MERGE:      40858
cpu0->cpu0_L1I RFO          ACCESS:          0 HIT:          0 MISS:          0 MISS_MERGE:          0
cpu0->cpu0_L1I PREFETCH     ACCESS:          0 HIT:          0 MISS:          0 MISS_MERGE:          0
cpu0->cpu0_L1I WRITE        ACCESS:          0 HIT:          0 MISS:          0 MISS_MERGE:          0
cpu0->cpu0_L1I TRANSLATION  ACCESS:          0 HIT:          0 MISS:          0 MISS_MERGE:          0
cpu0->cpu0_L1I PREFETCH REQUESTED:          0 ISSUED:          0 USEFUL:          0 USELESS:          0
cpu0->cpu0_L1I AVERAGE MISS LATENCY: 61.43 cycles
cpu0->cpu0_L2C TOTAL        ACCESS:    2752449 HIT:    1625379 MISS:    1127070 MISS_MERGE:         51
cpu0->cpu0_L2C LOAD         ACCESS:     487988 HIT:     349205 MISS:     138783 MISS_MERGE:         26
cpu0->cpu0_L2C RFO          ACCESS:    1083941 HIT:     105114 MISS:     978827 MISS_MERGE:          0
cpu0->cpu0_L2C PREFETCH     ACCESS:       8451 HIT:       3734 MISS:       4717 MISS_MERGE:         25
cpu0->cpu0_L2C WRITE        ACCESS:    1168463 HIT:    1166935 MISS:       1528 MISS_MERGE:          0
cpu0->cpu0_L2C TRANSLATION  ACCESS:       3606 HIT:        391 MISS:       3215 MISS_MERGE:          0
cpu0->cpu0_L2C PREFETCH REQUESTED:          0 ISSUED:          0 USEFUL:          0 USELESS:          0
cpu0->cpu0_L2C AVERAGE MISS LATENCY: 888 cycles
cpu0->cpu0_STLB TOTAL        ACCESS:     135504 HIT:     120007 MISS:      15497 MISS_MERGE:          0
cpu0->cpu0_STLB LOAD         ACCESS:     135504 HIT:     120007 MISS:      15497 MISS_MERGE:          0
cpu0->cpu0_STLB RFO          ACCESS:          0 HIT:          0 MISS:          0 MISS_MERGE:          0
cpu0->cpu0_STLB PREFETCH     ACCESS:          0 HIT:          0 MISS:          0 MISS_MERGE:          0
cpu0->cpu0_STLB WRITE        ACCESS:          0 HIT:          0 MISS:          0 MISS_MERGE:          0
cpu0->cpu0_STLB TRANSLATION  ACCESS:          0 HIT:          0 MISS:          0 MISS_MERGE:          0
cpu0->cpu0_STLB PREFETCH REQUESTED:          0 ISSUED:          0 USEFUL:          0 USELESS:          0
cpu0->cpu0_STLB AVERAGE MISS LATENCY: 343 cycles

DRAM Statistics

Channel 0 RQ ROW_BUFFER_HIT:      51694
  ROW_BUFFER_MISS:     979656
  AVG DBUS CONGESTED CYCLE: 5.833
Channel 0 WQ ROW_BUFFER_HIT:      78787
  ROW_BUFFER_MISS:     884829
  FULL:          0
Channel 0 REFRESHES ISSUED:      15163
NNCPU_REGULARITY roi_decisions=27207704 roi_suppressed=298570 roi_issued=155895 gate_enabled=true window=16 support_percent=35 degree=3
