[DEFAULT] LLC: frequency=4000 (inherited from max core frequency)
[DEFAULT] LLC: hit_latency=7, fill_latency=8 (derived from sets=2048, ways=16)
[DEFAULT] LLC: max_tag_bandwidth=4 (derived from sets=2048)
[DEFAULT] LLC: max_fill_bandwidth=4 (derived from sets=2048)
[DEFAULT] LLC: mshr_size=4096 (derived from sets=2048, fill_latency=8, fill_bw=4)
[DEFAULT] cpu0_DTLB: hit_latency=1, fill_latency=1 (derived from sets=16, ways=4)
[DEFAULT] cpu0_DTLB: max_tag_bandwidth=1 (derived from sets=16)
[DEFAULT] cpu0_DTLB: max_fill_bandwidth=1 (derived from sets=16)
[DEFAULT] cpu0_ITLB: hit_latency=1, fill_latency=1 (derived from sets=16, ways=4)
[DEFAULT] cpu0_ITLB: max_tag_bandwidth=1 (derived from sets=16)
[DEFAULT] cpu0_ITLB: max_fill_bandwidth=1 (derived from sets=16)
[DEFAULT] cpu0_ITLB: mshr_size=1 (derived from sets=16, fill_latency=1, fill_bw=1)
[DEFAULT] cpu0_L1D: num_sets=128 (scaled from base=64 x 2 upper levels)
[DEFAULT] cpu0_L1D: hit_latency=2, fill_latency=3 (derived from sets=128, ways=12)
[DEFAULT] cpu0_L1D: max_tag_bandwidth=1 (derived from sets=128)
[DEFAULT] cpu0_L1D: max_fill_bandwidth=1 (derived from sets=128)
[DEFAULT] cpu0_L1D: mshr_size=24 (derived from sets=128, fill_latency=3, fill_bw=1)
[DEFAULT] cpu0_L1I: hit_latency=2, fill_latency=2 (derived from sets=64, ways=8)
[DEFAULT] cpu0_L1I: max_tag_bandwidth=1 (derived from sets=64)
[DEFAULT] cpu0_L1I: max_fill_bandwidth=1 (derived from sets=64)
[DEFAULT] cpu0_L1I: mshr_size=8 (derived from sets=64, fill_latency=2, fill_bw=1)
[DEFAULT] cpu0_L2C: num_sets=1024 (scaled from base=512 x 2 upper levels)
[DEFAULT] cpu0_L2C: hit_latency=4, fill_latency=5 (derived from sets=1024, ways=8)
[DEFAULT] cpu0_L2C: max_tag_bandwidth=2 (derived from sets=1024)
[DEFAULT] cpu0_L2C: max_fill_bandwidth=2 (derived from sets=1024)
[DEFAULT] cpu0_L2C: mshr_size=640 (derived from sets=1024, fill_latency=5, fill_bw=2)
[DEFAULT] cpu0_STLB: num_sets=256 (scaled from base=64 x 3 upper levels)
[DEFAULT] cpu0_STLB: hit_latency=3, fill_latency=4 (derived from sets=256, ways=12)
[DEFAULT] cpu0_STLB: max_tag_bandwidth=1 (derived from sets=256)
[DEFAULT] cpu0_STLB: max_fill_bandwidth=1 (derived from sets=256)
[DEFAULT] cpu0_STLB: mshr_size=64 (derived from sets=256, fill_latency=4, fill_bw=1)
[VMEM] WARNING: physical memory size is smaller than virtual memory size.

*** ChampSim Multicore Out-of-Order Simulator ***
Warmup Instructions: 50000000
Simulation Instructions: 200000000
Number of CPUs: 1
Page size: 4096

Off-chip DRAM Size: 16 GiB Channels: 1 Width: 64-bit Data Rate: 3205 MT/s
Heartbeat CPU 0 instructions: 10000003 cycles: 5182831 heartbeat IPC: 1.929 cumulative IPC: 1.929 (Simulation time: 00 hr 01 min 12 sec)
Heartbeat CPU 0 instructions: 20000003 cycles: 9910295 heartbeat IPC: 2.115 cumulative IPC: 2.018 (Simulation time: 00 hr 02 min 19 sec)
Heartbeat CPU 0 instructions: 30000000 cycles: 14604480 heartbeat IPC: 2.13 cumulative IPC: 2.054 (Simulation time: 00 hr 03 min 27 sec)
Heartbeat CPU 0 instructions: 40000002 cycles: 19367196 heartbeat IPC: 2.1 cumulative IPC: 2.065 (Simulation time: 00 hr 04 min 40 sec)
Heartbeat CPU 0 instructions: 50000002 cycles: 24142004 heartbeat IPC: 2.094 cumulative IPC: 2.071 (Simulation time: 00 hr 06 min 01 sec)
Warmup finished CPU 0 instructions: 50000002 cycles: 24142004 cumulative IPC: 2.071 (Simulation time: 00 hr 06 min 01 sec)
Warmup complete CPU 0 instructions: 50000002 cycles: 24142004 cumulative IPC: 2.071 (Simulation time: 00 hr 06 min 01 sec)
Heartbeat CPU 0 instructions: 60000004 cycles: 47230977 heartbeat IPC: 0.4331 cumulative IPC: 0.4331 (Simulation time: 00 hr 11 min 30 sec)
Heartbeat CPU 0 instructions: 70000003 cycles: 70085085 heartbeat IPC: 0.4376 cumulative IPC: 0.4353 (Simulation time: 00 hr 17 min 16 sec)
Heartbeat CPU 0 instructions: 80000001 cycles: 92593483 heartbeat IPC: 0.4443 cumulative IPC: 0.4383 (Simulation time: 00 hr 22 min 26 sec)
Heartbeat CPU 0 instructions: 90000001 cycles: 115429641 heartbeat IPC: 0.4379 cumulative IPC: 0.4382 (Simulation time: 00 hr 27 min 51 sec)
Heartbeat CPU 0 instructions: 100000001 cycles: 137916995 heartbeat IPC: 0.4447 cumulative IPC: 0.4395 (Simulation time: 00 hr 33 min 30 sec)
Heartbeat CPU 0 instructions: 110000003 cycles: 160678811 heartbeat IPC: 0.4393 cumulative IPC: 0.4394 (Simulation time: 00 hr 38 min 44 sec)
Heartbeat CPU 0 instructions: 120000004 cycles: 183779811 heartbeat IPC: 0.4329 cumulative IPC: 0.4385 (Simulation time: 00 hr 44 min 14 sec)
Heartbeat CPU 0 instructions: 130000000 cycles: 206327551 heartbeat IPC: 0.4435 cumulative IPC: 0.4391 (Simulation time: 00 hr 49 min 52 sec)
Heartbeat CPU 0 instructions: 140000003 cycles: 229051190 heartbeat IPC: 0.4401 cumulative IPC: 0.4392 (Simulation time: 00 hr 55 min 32 sec)
Heartbeat CPU 0 instructions: 150000000 cycles: 252106007 heartbeat IPC: 0.4337 cumulative IPC: 0.4387 (Simulation time: 01 hr 00 min 59 sec)
Heartbeat CPU 0 instructions: 160000000 cycles: 275296419 heartbeat IPC: 0.4312 cumulative IPC: 0.438 (Simulation time: 01 hr 06 min 14 sec)
Heartbeat CPU 0 instructions: 170000002 cycles: 298440869 heartbeat IPC: 0.4321 cumulative IPC: 0.4375 (Simulation time: 01 hr 11 min 47 sec)
Heartbeat CPU 0 instructions: 180000003 cycles: 321418957 heartbeat IPC: 0.4352 cumulative IPC: 0.4373 (Simulation time: 01 hr 17 min 19 sec)
Heartbeat CPU 0 instructions: 190000003 cycles: 344570939 heartbeat IPC: 0.4319 cumulative IPC: 0.4369 (Simulation time: 01 hr 22 min 46 sec)
Heartbeat CPU 0 instructions: 200000001 cycles: 367564665 heartbeat IPC: 0.4349 cumulative IPC: 0.4368 (Simulation time: 01 hr 28 min 03 sec)
Heartbeat CPU 0 instructions: 210000000 cycles: 390940210 heartbeat IPC: 0.4278 cumulative IPC: 0.4362 (Simulation time: 01 hr 33 min 57 sec)
Heartbeat CPU 0 instructions: 220000000 cycles: 414321969 heartbeat IPC: 0.4277 cumulative IPC: 0.4357 (Simulation time: 01 hr 39 min 43 sec)
Heartbeat CPU 0 instructions: 230000001 cycles: 437446092 heartbeat IPC: 0.4324 cumulative IPC: 0.4355 (Simulation time: 01 hr 45 min 45 sec)
Heartbeat CPU 0 instructions: 240000001 cycles: 460639207 heartbeat IPC: 0.4312 cumulative IPC: 0.4353 (Simulation time: 01 hr 51 min 46 sec)
Heartbeat CPU 0 instructions: 250000000 cycles: 483364441 heartbeat IPC: 0.44 cumulative IPC: 0.4355 (Simulation time: 01 hr 58 min 02 sec)
Simulation finished CPU 0 instructions: 200000003 cycles: 459222438 cumulative IPC: 0.4355 (Simulation time: 01 hr 58 min 02 sec)
Simulation complete CPU 0 instructions: 200000003 cycles: 459222438 cumulative IPC: 0.4355 (Simulation time: 01 hr 58 min 02 sec)

ChampSim completed all CPUs

=== Simulation ===
CPU 0 runs /home/user/nncpu_campaign/traces/619.lbm_s-4268B.champsimtrace.xz

Region of Interest Statistics

CPU 0 cumulative IPC: 0.4355 instructions: 200000003 cycles: 459222438
CPU 0 Branch Prediction Accuracy: 97.09% MPKI: 0.5256 Average ROB Occupancy at Mispredict: 240.2
Branch type MPKI
BRANCH_DIRECT_JUMP: 0
BRANCH_INDIRECT: 0
BRANCH_CONDITIONAL: 0.5256
BRANCH_DIRECT_CALL: 0
BRANCH_INDIRECT_CALL: 0
BRANCH_RETURN: 0

cpu0->LLC TOTAL        ACCESS:   17254228 HIT:    7635148 MISS:    9619080 MISS_MERGE:          0
cpu0->LLC LOAD         ACCESS:    2400087 HIT:          5 MISS:    2400082 MISS_MERGE:          0
cpu0->LLC RFO          ACCESS:    7417572 HIT:     217550 MISS:    7200022 MISS_MERGE:          0
cpu0->LLC PREFETCH     ACCESS:          0 HIT:          0 MISS:          0 MISS_MERGE:          0
cpu0->LLC WRITE        ACCESS:    7417625 HIT:    7417593 MISS:         32 MISS_MERGE:          0
cpu0->LLC TRANSLATION  ACCESS:      18944 HIT:          0 MISS:      18944 MISS_MERGE:          0
cpu0->LLC PREFETCH REQUESTED:          0 ISSUED:          0 USEFUL:          0 USELESS:          0
cpu0->LLC AVERAGE MISS LATENCY: 528.7 cycles
cpu0->cpu0_DTLB TOTAL        ACCESS:   66449919 HIT:   65472928 MISS:     976991 MISS_MERGE:     700464
cpu0->cpu0_DTLB LOAD         ACCESS:   66449919 HIT:   65472928 MISS:     976991 MISS_MERGE:     700464
cpu0->cpu0_DTLB RFO          ACCESS:          0 HIT:          0 MISS:          0 MISS_MERGE:          0
cpu0->cpu0_DTLB PREFETCH     ACCESS:          0 HIT:          0 MISS:          0 MISS_MERGE:          0
cpu0->cpu0_DTLB WRITE        ACCESS:          0 HIT:          0 MISS:          0 MISS_MERGE:          0
cpu0->cpu0_DTLB TRANSLATION  ACCESS:          0 HIT:          0 MISS:          0 MISS_MERGE:          0
cpu0->cpu0_DTLB PREFETCH REQUESTED:          0 ISSUED:          0 USEFUL:          0 USELESS:          0
cpu0->cpu0_DTLB AVERAGE MISS LATENCY: 312.8 cycles
cpu0->cpu0_ITLB TOTAL        ACCESS:   29478193 HIT:   29478193 MISS:          0 MISS_MERGE:          0
cpu0->cpu0_ITLB LOAD         ACCESS:   29478193 HIT:   29478193 MISS:          0 MISS_MERGE:          0
cpu0->cpu0_ITLB RFO          ACCESS:          0 HIT:          0 MISS:          0 MISS_MERGE:          0
cpu0->cpu0_ITLB PREFETCH     ACCESS:          0 HIT:          0 MISS:          0 MISS_MERGE:          0
cpu0->cpu0_ITLB WRITE        ACCESS:          0 HIT:          0 MISS:          0 MISS_MERGE:          0
cpu0->cpu0_ITLB TRANSLATION  ACCESS:          0 HIT:          0 MISS:          0 MISS_MERGE:          0
cpu0->cpu0_ITLB PREFETCH REQUESTED:          0 ISSUED:          0 USEFUL:          0 USELESS:          0
cpu0->cpu0_ITLB AVERAGE MISS LATENCY: - cycles
cpu0->cpu0_L1D TOTAL        ACCESS:   66750160 HIT:   35750838 MISS:   30999322 MISS_MERGE:   15078125
cpu0->cpu0_L1D LOAD         ACCESS:   29482016 HIT:   12643741 MISS:   16838275 MISS_MERGE:   14438186
cpu0->cpu0_L1D RFO          ACCESS:          0 HIT:          0 MISS:          0 MISS_MERGE:          0
cpu0->cpu0_L1D PREFETCH     ACCESS:          0 HIT:          0 MISS:          0 MISS_MERGE:          0
cpu0->cpu0_L1D WRITE        ACCESS:   36967902 HIT:   22825799 MISS:   14142103 MISS_MERGE:     639939
cpu0->cpu0_L1D TRANSLATION  ACCESS:     300242 HIT:     281298 MISS:      18944 MISS_MERGE:          0
cpu0->cpu0_L1D PREFETCH REQUESTED:          0 ISSUED:          0 USEFUL:          0 USELESS:          0
cpu0->cpu0_L1D AVERAGE MISS LATENCY: 335.1 cycles
cpu0->cpu0_L1I TOTAL        ACCESS:   29478193 HIT:   29478193 MISS:          0 MISS_MERGE:          0
cpu0->cpu0_L1I LOAD         ACCESS:   29478193 HIT:   29478193 MISS:          0 MISS_MERGE:          0
cpu0->cpu0_L1I RFO          ACCESS:          0 HIT:          0 MISS:          0 MISS_MERGE:          0
cpu0->cpu0_L1I PREFETCH     ACCESS:          0 HIT:          0 MISS:          0 MISS_MERGE:          0
cpu0->cpu0_L1I WRITE        ACCESS:          0 HIT:          0 MISS:          0 MISS_MERGE:          0
cpu0->cpu0_L1I TRANSLATION  ACCESS:          0 HIT:          0 MISS:          0 MISS_MERGE:          0
cpu0->cpu0_L1I PREFETCH REQUESTED:          0 ISSUED:          0 USEFUL:          0 USELESS:          0
cpu0->cpu0_L1I AVERAGE MISS LATENCY: - cycles
cpu0->cpu0_L2C TOTAL        ACCESS:   29423367 HIT:   19585650 MISS:    9837717 MISS_MERGE:          0
cpu0->cpu0_L2C LOAD         ACCESS:    2400089 HIT:          2 MISS:    2400087 MISS_MERGE:          0
cpu0->cpu0_L2C RFO          ACCESS:   13502164 HIT:    6084592 MISS:    7417572 MISS_MERGE:          0
cpu0->cpu0_L2C PREFETCH     ACCESS:          0 HIT:          0 MISS:          0 MISS_MERGE:          0
cpu0->cpu0_L2C WRITE        ACCESS:   13502170 HIT:   13501056 MISS:       1114 MISS_MERGE:          0
cpu0->cpu0_L2C TRANSLATION  ACCESS:      18944 HIT:          0 MISS:      18944 MISS_MERGE:          0
cpu0->cpu0_L2C PREFETCH REQUESTED:          0 ISSUED:          0 USEFUL:          0 USELESS:          0
cpu0->cpu0_L2C AVERAGE MISS LATENCY: 530 cycles
cpu0->cpu0_STLB TOTAL        ACCESS:     276527 HIT:     126479 MISS:     150048 MISS_MERGE:          0
cpu0->cpu0_STLB LOAD         ACCESS:     276527 HIT:     126479 MISS:     150048 MISS_MERGE:          0
cpu0->cpu0_STLB RFO          ACCESS:          0 HIT:          0 MISS:          0 MISS_MERGE:          0
cpu0->cpu0_STLB PREFETCH     ACCESS:          0 HIT:          0 MISS:          0 MISS_MERGE:          0
cpu0->cpu0_STLB WRITE        ACCESS:          0 HIT:          0 MISS:          0 MISS_MERGE:          0
cpu0->cpu0_STLB TRANSLATION  ACCESS:          0 HIT:          0 MISS:          0 MISS_MERGE:          0
cpu0->cpu0_STLB PREFETCH REQUESTED:          0 ISSUED:          0 USEFUL:          0 USELESS:          0
cpu0->cpu0_STLB AVERAGE MISS LATENCY: 568.2 cycles

DRAM Statistics

Channel 0 RQ ROW_BUFFER_HIT:     351374
  ROW_BUFFER_MISS:    9267674
  AVG DBUS CONGESTED CYCLE: 6.333
Channel 0 WQ ROW_BUFFER_HIT:    1162153
  ROW_BUFFER_MISS:    6037677
  FULL:          0
Channel 0 REFRESHES ISSUED:      38269
