[DEFAULT] LLC: frequency=4000 (inherited from max core frequency)
[DEFAULT] LLC: hit_latency=7, fill_latency=8 (derived from sets=2048, ways=16)
[DEFAULT] LLC: max_tag_bandwidth=4 (derived from sets=2048)
[DEFAULT] LLC: max_fill_bandwidth=4 (derived from sets=2048)
[DEFAULT] LLC: mshr_size=4096 (derived from sets=2048, fill_latency=8, fill_bw=4)
[DEFAULT] cpu0_DTLB: hit_latency=1, fill_latency=1 (derived from sets=16, ways=4)
[DEFAULT] cpu0_DTLB: max_tag_bandwidth=1 (derived from sets=16)
[DEFAULT] cpu0_DTLB: max_fill_bandwidth=1 (derived from sets=16)
[DEFAULT] cpu0_ITLB: hit_latency=1, fill_latency=1 (derived from sets=16, ways=4)
[DEFAULT] cpu0_ITLB: max_tag_bandwidth=1 (derived from sets=16)
[DEFAULT] cpu0_ITLB: max_fill_bandwidth=1 (derived from sets=16)
[DEFAULT] cpu0_ITLB: mshr_size=1 (derived from sets=16, fill_latency=1, fill_bw=1)
[DEFAULT] cpu0_L1D: num_sets=128 (scaled from base=64 x 2 upper levels)
[DEFAULT] cpu0_L1D: hit_latency=2, fill_latency=3 (derived from sets=128, ways=12)
[DEFAULT] cpu0_L1D: max_tag_bandwidth=1 (derived from sets=128)
[DEFAULT] cpu0_L1D: max_fill_bandwidth=1 (derived from sets=128)
[DEFAULT] cpu0_L1D: mshr_size=24 (derived from sets=128, fill_latency=3, fill_bw=1)
[DEFAULT] cpu0_L1I: hit_latency=2, fill_latency=2 (derived from sets=64, ways=8)
[DEFAULT] cpu0_L1I: max_tag_bandwidth=1 (derived from sets=64)
[DEFAULT] cpu0_L1I: max_fill_bandwidth=1 (derived from sets=64)
[DEFAULT] cpu0_L1I: mshr_size=8 (derived from sets=64, fill_latency=2, fill_bw=1)
[DEFAULT] cpu0_L2C: num_sets=1024 (scaled from base=512 x 2 upper levels)
[DEFAULT] cpu0_L2C: hit_latency=4, fill_latency=5 (derived from sets=1024, ways=8)
[DEFAULT] cpu0_L2C: max_tag_bandwidth=2 (derived from sets=1024)
[DEFAULT] cpu0_L2C: max_fill_bandwidth=2 (derived from sets=1024)
[DEFAULT] cpu0_L2C: mshr_size=640 (derived from sets=1024, fill_latency=5, fill_bw=2)
[DEFAULT] cpu0_STLB: num_sets=256 (scaled from base=64 x 3 upper levels)
[DEFAULT] cpu0_STLB: hit_latency=3, fill_latency=4 (derived from sets=256, ways=12)
[DEFAULT] cpu0_STLB: max_tag_bandwidth=1 (derived from sets=256)
[DEFAULT] cpu0_STLB: max_fill_bandwidth=1 (derived from sets=256)
[DEFAULT] cpu0_STLB: mshr_size=64 (derived from sets=256, fill_latency=4, fill_bw=1)
[VMEM] WARNING: physical memory size is smaller than virtual memory size.

*** ChampSim Multicore Out-of-Order Simulator ***
Warmup Instructions: 50000000
Simulation Instructions: 200000000
Number of CPUs: 1
Page size: 4096

Off-chip DRAM Size: 16 GiB Channels: 1 Width: 64-bit Data Rate: 3205 MT/s
Heartbeat CPU 0 instructions: 10000003 cycles: 5182621 heartbeat IPC: 1.93 cumulative IPC: 1.93 (Simulation time: 00 hr 01 min 10 sec)
Heartbeat CPU 0 instructions: 20000003 cycles: 9910325 heartbeat IPC: 2.115 cumulative IPC: 2.018 (Simulation time: 00 hr 02 min 16 sec)
Heartbeat CPU 0 instructions: 30000000 cycles: 14604703 heartbeat IPC: 2.13 cumulative IPC: 2.054 (Simulation time: 00 hr 03 min 23 sec)
Heartbeat CPU 0 instructions: 40000002 cycles: 19367326 heartbeat IPC: 2.1 cumulative IPC: 2.065 (Simulation time: 00 hr 04 min 39 sec)
Heartbeat CPU 0 instructions: 50000002 cycles: 24142114 heartbeat IPC: 2.094 cumulative IPC: 2.071 (Simulation time: 00 hr 05 min 59 sec)
Warmup finished CPU 0 instructions: 50000002 cycles: 24142114 cumulative IPC: 2.071 (Simulation time: 00 hr 05 min 59 sec)
Warmup complete CPU 0 instructions: 50000002 cycles: 24142114 cumulative IPC: 2.071 (Simulation time: 00 hr 05 min 59 sec)
Heartbeat CPU 0 instructions: 60000004 cycles: 47230186 heartbeat IPC: 0.4331 cumulative IPC: 0.4331 (Simulation time: 00 hr 11 min 26 sec)
Heartbeat CPU 0 instructions: 70000003 cycles: 70095302 heartbeat IPC: 0.4373 cumulative IPC: 0.4352 (Simulation time: 00 hr 16 min 33 sec)
Heartbeat CPU 0 instructions: 80000001 cycles: 92605453 heartbeat IPC: 0.4442 cumulative IPC: 0.4382 (Simulation time: 00 hr 21 min 58 sec)
Heartbeat CPU 0 instructions: 90000003 cycles: 115436405 heartbeat IPC: 0.438 cumulative IPC: 0.4381 (Simulation time: 00 hr 27 min 48 sec)
Heartbeat CPU 0 instructions: 100000003 cycles: 137933241 heartbeat IPC: 0.4445 cumulative IPC: 0.4394 (Simulation time: 00 hr 33 min 19 sec)
Heartbeat CPU 0 instructions: 110000003 cycles: 160675806 heartbeat IPC: 0.4397 cumulative IPC: 0.4395 (Simulation time: 00 hr 38 min 35 sec)
Heartbeat CPU 0 instructions: 120000004 cycles: 183777339 heartbeat IPC: 0.4329 cumulative IPC: 0.4385 (Simulation time: 00 hr 44 min 15 sec)
Heartbeat CPU 0 instructions: 130000000 cycles: 206337014 heartbeat IPC: 0.4433 cumulative IPC: 0.4391 (Simulation time: 00 hr 49 min 18 sec)
Heartbeat CPU 0 instructions: 140000003 cycles: 229052297 heartbeat IPC: 0.4402 cumulative IPC: 0.4392 (Simulation time: 00 hr 54 min 53 sec)
Heartbeat CPU 0 instructions: 150000000 cycles: 252132147 heartbeat IPC: 0.4333 cumulative IPC: 0.4386 (Simulation time: 01 hr 00 min 24 sec)
Heartbeat CPU 0 instructions: 160000002 cycles: 275335846 heartbeat IPC: 0.431 cumulative IPC: 0.4379 (Simulation time: 01 hr 06 min 22 sec)
Heartbeat CPU 0 instructions: 170000000 cycles: 298440959 heartbeat IPC: 0.4328 cumulative IPC: 0.4375 (Simulation time: 01 hr 12 min 05 sec)
Heartbeat CPU 0 instructions: 180000003 cycles: 321424284 heartbeat IPC: 0.4351 cumulative IPC: 0.4373 (Simulation time: 01 hr 17 min 12 sec)
Heartbeat CPU 0 instructions: 190000003 cycles: 344554654 heartbeat IPC: 0.4323 cumulative IPC: 0.4369 (Simulation time: 01 hr 22 min 36 sec)
Heartbeat CPU 0 instructions: 200000001 cycles: 367541795 heartbeat IPC: 0.435 cumulative IPC: 0.4368 (Simulation time: 01 hr 28 min 04 sec)
Heartbeat CPU 0 instructions: 210000000 cycles: 390915522 heartbeat IPC: 0.4278 cumulative IPC: 0.4362 (Simulation time: 01 hr 33 min 32 sec)
Heartbeat CPU 0 instructions: 220000000 cycles: 414270576 heartbeat IPC: 0.4282 cumulative IPC: 0.4358 (Simulation time: 01 hr 39 min 05 sec)
Heartbeat CPU 0 instructions: 230000001 cycles: 437387330 heartbeat IPC: 0.4326 cumulative IPC: 0.4356 (Simulation time: 01 hr 44 min 34 sec)
Heartbeat CPU 0 instructions: 240000001 cycles: 460590745 heartbeat IPC: 0.431 cumulative IPC: 0.4353 (Simulation time: 01 hr 50 min 14 sec)
Heartbeat CPU 0 instructions: 250000000 cycles: 483306936 heartbeat IPC: 0.4402 cumulative IPC: 0.4356 (Simulation time: 01 hr 55 min 58 sec)
Simulation finished CPU 0 instructions: 200000003 cycles: 459164823 cumulative IPC: 0.4356 (Simulation time: 01 hr 55 min 58 sec)
Simulation complete CPU 0 instructions: 200000003 cycles: 459164823 cumulative IPC: 0.4356 (Simulation time: 01 hr 55 min 58 sec)

ChampSim completed all CPUs

=== Simulation ===
CPU 0 runs /home/user/nncpu_campaign/traces/619.lbm_s-4268B.champsimtrace.xz

Region of Interest Statistics

CPU 0 cumulative IPC: 0.4356 instructions: 200000003 cycles: 459164823
CPU 0 Branch Prediction Accuracy: 97.09% MPKI: 0.5256 Average ROB Occupancy at Mispredict: 240.4
Branch type MPKI
BRANCH_DIRECT_JUMP: 0
BRANCH_INDIRECT: 0
BRANCH_CONDITIONAL: 0.5256
BRANCH_DIRECT_CALL: 0
BRANCH_INDIRECT_CALL: 0
BRANCH_RETURN: 0

cpu0->LLC TOTAL        ACCESS:   17255650 HIT:    7636571 MISS:    9619079 MISS_MERGE:          0
cpu0->LLC LOAD         ACCESS:    2397076 HIT:          6 MISS:    2397070 MISS_MERGE:          0
cpu0->LLC RFO          ACCESS:    7418299 HIT:     218277 MISS:    7200022 MISS_MERGE:          0
cpu0->LLC PREFETCH     ACCESS:       3011 HIT:          0 MISS:       3011 MISS_MERGE:          0
cpu0->LLC WRITE        ACCESS:    7418320 HIT:    7418288 MISS:         32 MISS_MERGE:          0
cpu0->LLC TRANSLATION  ACCESS:      18944 HIT:          0 MISS:      18944 MISS_MERGE:          0
cpu0->LLC PREFETCH REQUESTED:          0 ISSUED:          0 USEFUL:          0 USELESS:          0
cpu0->LLC AVERAGE MISS LATENCY: 529.1 cycles
cpu0->cpu0_DTLB TOTAL        ACCESS:   66449920 HIT:   65473146 MISS:     976774 MISS_MERGE:     700247
cpu0->cpu0_DTLB LOAD         ACCESS:   66449920 HIT:   65473146 MISS:     976774 MISS_MERGE:     700247
cpu0->cpu0_DTLB RFO          ACCESS:          0 HIT:          0 MISS:          0 MISS_MERGE:          0
cpu0->cpu0_DTLB PREFETCH     ACCESS:          0 HIT:          0 MISS:          0 MISS_MERGE:          0
cpu0->cpu0_DTLB WRITE        ACCESS:          0 HIT:          0 MISS:          0 MISS_MERGE:          0
cpu0->cpu0_DTLB TRANSLATION  ACCESS:          0 HIT:          0 MISS:          0 MISS_MERGE:          0
cpu0->cpu0_DTLB PREFETCH REQUESTED:          0 ISSUED:          0 USEFUL:          0 USELESS:          0
cpu0->cpu0_DTLB AVERAGE MISS LATENCY: 313.1 cycles
cpu0->cpu0_ITLB TOTAL        ACCESS:   29476212 HIT:   29476212 MISS:          0 MISS_MERGE:          0
cpu0->cpu0_ITLB LOAD         ACCESS:   29476212 HIT:   29476212 MISS:          0 MISS_MERGE:          0
cpu0->cpu0_ITLB RFO          ACCESS:          0 HIT:          0 MISS:          0 MISS_MERGE:          0
cpu0->cpu0_ITLB PREFETCH     ACCESS:          0 HIT:          0 MISS:          0 MISS_MERGE:          0
cpu0->cpu0_ITLB WRITE        ACCESS:          0 HIT:          0 MISS:          0 MISS_MERGE:          0
cpu0->cpu0_ITLB TRANSLATION  ACCESS:          0 HIT:          0 MISS:          0 MISS_MERGE:          0
cpu0->cpu0_ITLB PREFETCH REQUESTED:          0 ISSUED:          0 USEFUL:          0 USELESS:          0
cpu0->cpu0_ITLB AVERAGE MISS LATENCY: - cycles
cpu0->cpu0_L1D TOTAL        ACCESS:   66757175 HIT:   35761539 MISS:   30995636 MISS_MERGE:   15070921
cpu0->cpu0_L1D LOAD         ACCESS:   29482017 HIT:   12655631 MISS:   16826386 MISS_MERGE:   14426833
cpu0->cpu0_L1D RFO          ACCESS:          0 HIT:          0 MISS:          0 MISS_MERGE:          0
cpu0->cpu0_L1D PREFETCH     ACCESS:       7014 HIT:         78 MISS:       6936 MISS_MERGE:       2850
cpu0->cpu0_L1D WRITE        ACCESS:   36967902 HIT:   22824532 MISS:   14143370 MISS_MERGE:     641238
cpu0->cpu0_L1D TRANSLATION  ACCESS:     300242 HIT:     281298 MISS:      18944 MISS_MERGE:          0
cpu0->cpu0_L1D PREFETCH REQUESTED:      50942 ISSUED:       7014 USEFUL:        535 USELESS:          0
cpu0->cpu0_L1D AVERAGE MISS LATENCY: 335.2 cycles
cpu0->cpu0_L1I TOTAL        ACCESS:   29476212 HIT:   29476212 MISS:          0 MISS_MERGE:          0
cpu0->cpu0_L1I LOAD         ACCESS:   29476212 HIT:   29476212 MISS:          0 MISS_MERGE:          0
cpu0->cpu0_L1I RFO          ACCESS:          0 HIT:          0 MISS:          0 MISS_MERGE:          0
cpu0->cpu0_L1I PREFETCH     ACCESS:          0 HIT:          0 MISS:          0 MISS_MERGE:          0
cpu0->cpu0_L1I WRITE        ACCESS:          0 HIT:          0 MISS:          0 MISS_MERGE:          0
cpu0->cpu0_L1I TRANSLATION  ACCESS:          0 HIT:          0 MISS:          0 MISS_MERGE:          0
cpu0->cpu0_L1I PREFETCH REQUESTED:          0 ISSUED:          0 USEFUL:          0 USELESS:          0
cpu0->cpu0_L1I AVERAGE MISS LATENCY: - cycles
cpu0->cpu0_L2C TOTAL        ACCESS:   29426853 HIT:   19587089 MISS:    9839764 MISS_MERGE:       1358
cpu0->cpu0_L2C LOAD         ACCESS:    2399553 HIT:       2107 MISS:    2397446 MISS_MERGE:        370
cpu0->cpu0_L2C RFO          ACCESS:   13502132 HIT:    6083833 MISS:    7418299 MISS_MERGE:          0
cpu0->cpu0_L2C PREFETCH     ACCESS:       4086 HIT:         87 MISS:       3999 MISS_MERGE:        988
cpu0->cpu0_L2C WRITE        ACCESS:   13502138 HIT:   13501062 MISS:       1076 MISS_MERGE:          0
cpu0->cpu0_L2C TRANSLATION  ACCESS:      18944 HIT:          0 MISS:      18944 MISS_MERGE:          0
cpu0->cpu0_L2C PREFETCH REQUESTED:          0 ISSUED:          0 USEFUL:          0 USELESS:          0
cpu0->cpu0_L2C AVERAGE MISS LATENCY: 530.3 cycles
cpu0->cpu0_STLB TOTAL        ACCESS:     276527 HIT:     126479 MISS:     150048 MISS_MERGE:          0
cpu0->cpu0_STLB LOAD         ACCESS:     276527 HIT:     126479 MISS:     150048 MISS_MERGE:          0
cpu0->cpu0_STLB RFO          ACCESS:          0 HIT:          0 MISS:          0 MISS_MERGE:          0
cpu0->cpu0_STLB PREFETCH     ACCESS:          0 HIT:          0 MISS:          0 MISS_MERGE:          0
cpu0->cpu0_STLB WRITE        ACCESS:          0 HIT:          0 MISS:          0 MISS_MERGE:          0
cpu0->cpu0_STLB TRANSLATION  ACCESS:          0 HIT:          0 MISS:          0 MISS_MERGE:          0
cpu0->cpu0_STLB PREFETCH REQUESTED:          0 ISSUED:          0 USEFUL:          0 USELESS:          0
cpu0->cpu0_STLB AVERAGE MISS LATENCY: 568.6 cycles

DRAM Statistics

Channel 0 RQ ROW_BUFFER_HIT:     352087
  ROW_BUFFER_MISS:    9266960
  AVG DBUS CONGESTED CYCLE: 6.328
Channel 0 WQ ROW_BUFFER_HIT:    1160089
  ROW_BUFFER_MISS:    6039765
  FULL:          0
Channel 0 REFRESHES ISSUED:      38264
NNCPU_REGULARITY roi_decisions=48336386 roi_suppressed=3 roi_issued=7014 gate_enabled=true window=16 support_percent=35 degree=3
