[DEFAULT] LLC: frequency=4000 (inherited from max core frequency)
[DEFAULT] LLC: hit_latency=7, fill_latency=8 (derived from sets=2048, ways=16)
[DEFAULT] LLC: max_tag_bandwidth=4 (derived from sets=2048)
[DEFAULT] LLC: max_fill_bandwidth=4 (derived from sets=2048)
[DEFAULT] LLC: mshr_size=4096 (derived from sets=2048, fill_latency=8, fill_bw=4)
[DEFAULT] cpu0_DTLB: hit_latency=1, fill_latency=1 (derived from sets=16, ways=4)
[DEFAULT] cpu0_DTLB: max_tag_bandwidth=1 (derived from sets=16)
[DEFAULT] cpu0_DTLB: max_fill_bandwidth=1 (derived from sets=16)
[DEFAULT] cpu0_ITLB: hit_latency=1, fill_latency=1 (derived from sets=16, ways=4)
[DEFAULT] cpu0_ITLB: max_tag_bandwidth=1 (derived from sets=16)
[DEFAULT] cpu0_ITLB: max_fill_bandwidth=1 (derived from sets=16)
[DEFAULT] cpu0_ITLB: mshr_size=1 (derived from sets=16, fill_latency=1, fill_bw=1)
[DEFAULT] cpu0_L1D: num_sets=128 (scaled from base=64 x 2 upper levels)
[DEFAULT] cpu0_L1D: hit_latency=2, fill_latency=3 (derived from sets=128, ways=12)
[DEFAULT] cpu0_L1D: max_tag_bandwidth=1 (derived from sets=128)
[DEFAULT] cpu0_L1D: max_fill_bandwidth=1 (derived from sets=128)
[DEFAULT] cpu0_L1D: mshr_size=24 (derived from sets=128, fill_latency=3, fill_bw=1)
[DEFAULT] cpu0_L1I: hit_latency=2, fill_latency=2 (derived from sets=64, ways=8)
[DEFAULT] cpu0_L1I: max_tag_bandwidth=1 (derived from sets=64)
[DEFAULT] cpu0_L1I: max_fill_bandwidth=1 (derived from sets=64)
[DEFAULT] cpu0_L1I: mshr_size=8 (derived from sets=64, fill_latency=2, fill_bw=1)
[DEFAULT] cpu0_L2C: num_sets=1024 (scaled from base=512 x 2 upper levels)
[DEFAULT] cpu0_L2C: hit_latency=4, fill_latency=5 (derived from sets=1024, ways=8)
[DEFAULT] cpu0_L2C: max_tag_bandwidth=2 (derived from sets=1024)
[DEFAULT] cpu0_L2C: max_fill_bandwidth=2 (derived from sets=1024)
[DEFAULT] cpu0_L2C: mshr_size=640 (derived from sets=1024, fill_latency=5, fill_bw=2)
[DEFAULT] cpu0_STLB: num_sets=256 (scaled from base=64 x 3 upper levels)
[DEFAULT] cpu0_STLB: hit_latency=3, fill_latency=4 (derived from sets=256, ways=12)
[DEFAULT] cpu0_STLB: max_tag_bandwidth=1 (derived from sets=256)
[DEFAULT] cpu0_STLB: max_fill_bandwidth=1 (derived from sets=256)
[DEFAULT] cpu0_STLB: mshr_size=64 (derived from sets=256, fill_latency=4, fill_bw=1)
[VMEM] WARNING: physical memory size is smaller than virtual memory size.

*** ChampSim Multicore Out-of-Order Simulator ***
Warmup Instructions: 50000000
Simulation Instructions: 200000000
Number of CPUs: 1
Page size: 4096

Off-chip DRAM Size: 16 GiB Channels: 1 Width: 64-bit Data Rate: 3205 MT/s
Heartbeat CPU 0 instructions: 10000001 cycles: 3160456 heartbeat IPC: 3.164 cumulative IPC: 3.164 (Simulation time: 00 hr 01 min 04 sec)
Heartbeat CPU 0 instructions: 20000004 cycles: 6138260 heartbeat IPC: 3.358 cumulative IPC: 3.258 (Simulation time: 00 hr 02 min 01 sec)
Heartbeat CPU 0 instructions: 30000003 cycles: 9102431 heartbeat IPC: 3.374 cumulative IPC: 3.296 (Simulation time: 00 hr 02 min 56 sec)
Heartbeat CPU 0 instructions: 40000003 cycles: 12064654 heartbeat IPC: 3.376 cumulative IPC: 3.315 (Simulation time: 00 hr 03 min 51 sec)
Heartbeat CPU 0 instructions: 50000004 cycles: 15033264 heartbeat IPC: 3.369 cumulative IPC: 3.326 (Simulation time: 00 hr 04 min 45 sec)
Warmup finished CPU 0 instructions: 50000004 cycles: 15033264 cumulative IPC: 3.326 (Simulation time: 00 hr 04 min 45 sec)
Warmup complete CPU 0 instructions: 50000004 cycles: 15033264 cumulative IPC: 3.326 (Simulation time: 00 hr 04 min 45 sec)
Heartbeat CPU 0 instructions: 60000004 cycles: 24852705 heartbeat IPC: 1.018 cumulative IPC: 1.018 (Simulation time: 00 hr 05 min 58 sec)
Heartbeat CPU 0 instructions: 70000003 cycles: 34636205 heartbeat IPC: 1.022 cumulative IPC: 1.02 (Simulation time: 00 hr 07 min 03 sec)
Heartbeat CPU 0 instructions: 80000000 cycles: 44411296 heartbeat IPC: 1.023 cumulative IPC: 1.021 (Simulation time: 00 hr 08 min 03 sec)
Heartbeat CPU 0 instructions: 90000000 cycles: 54135361 heartbeat IPC: 1.028 cumulative IPC: 1.023 (Simulation time: 00 hr 09 min 03 sec)
Heartbeat CPU 0 instructions: 100000001 cycles: 63923002 heartbeat IPC: 1.022 cumulative IPC: 1.023 (Simulation time: 00 hr 10 min 03 sec)
Heartbeat CPU 0 instructions: 110000000 cycles: 73681678 heartbeat IPC: 1.025 cumulative IPC: 1.023 (Simulation time: 00 hr 11 min 01 sec)
Heartbeat CPU 0 instructions: 120000004 cycles: 90685283 heartbeat IPC: 0.5881 cumulative IPC: 0.9253 (Simulation time: 00 hr 12 min 27 sec)
Heartbeat CPU 0 instructions: 130000001 cycles: 100664902 heartbeat IPC: 1.002 cumulative IPC: 0.9342 (Simulation time: 00 hr 13 min 22 sec)
Heartbeat CPU 0 instructions: 140000000 cycles: 110521558 heartbeat IPC: 1.015 cumulative IPC: 0.9425 (Simulation time: 00 hr 14 min 16 sec)
Heartbeat CPU 0 instructions: 150000003 cycles: 120325425 heartbeat IPC: 1.02 cumulative IPC: 0.9497 (Simulation time: 00 hr 15 min 10 sec)
Heartbeat CPU 0 instructions: 160000001 cycles: 130172368 heartbeat IPC: 1.016 cumulative IPC: 0.9554 (Simulation time: 00 hr 16 min 04 sec)
Heartbeat CPU 0 instructions: 170000002 cycles: 140036632 heartbeat IPC: 1.014 cumulative IPC: 0.96 (Simulation time: 00 hr 16 min 58 sec)
Heartbeat CPU 0 instructions: 180000004 cycles: 149874890 heartbeat IPC: 1.016 cumulative IPC: 0.9641 (Simulation time: 00 hr 17 min 50 sec)
Heartbeat CPU 0 instructions: 190000001 cycles: 159724355 heartbeat IPC: 1.015 cumulative IPC: 0.9676 (Simulation time: 00 hr 18 min 37 sec)
Heartbeat CPU 0 instructions: 200000000 cycles: 169554126 heartbeat IPC: 1.017 cumulative IPC: 0.9707 (Simulation time: 00 hr 19 min 22 sec)
Heartbeat CPU 0 instructions: 210000002 cycles: 179311012 heartbeat IPC: 1.025 cumulative IPC: 0.974 (Simulation time: 00 hr 20 min 07 sec)
Heartbeat CPU 0 instructions: 220000003 cycles: 189134572 heartbeat IPC: 1.018 cumulative IPC: 0.9764 (Simulation time: 00 hr 20 min 52 sec)
Heartbeat CPU 0 instructions: 230000000 cycles: 198912870 heartbeat IPC: 1.023 cumulative IPC: 0.9789 (Simulation time: 00 hr 21 min 37 sec)
Heartbeat CPU 0 instructions: 240000000 cycles: 208737317 heartbeat IPC: 1.018 cumulative IPC: 0.9809 (Simulation time: 00 hr 22 min 22 sec)
Heartbeat CPU 0 instructions: 250000000 cycles: 218552231 heartbeat IPC: 1.019 cumulative IPC: 0.9827 (Simulation time: 00 hr 23 min 06 sec)
Simulation finished CPU 0 instructions: 200000001 cycles: 203518968 cumulative IPC: 0.9827 (Simulation time: 00 hr 23 min 06 sec)
Simulation complete CPU 0 instructions: 200000001 cycles: 203518968 cumulative IPC: 0.9827 (Simulation time: 00 hr 23 min 06 sec)

ChampSim completed all CPUs

=== Simulation ===
CPU 0 runs /home/user/nncpu_campaign/traces/641.leela_s-800B.champsimtrace.xz

Region of Interest Statistics

CPU 0 cumulative IPC: 0.9827 instructions: 200000001 cycles: 203518968
CPU 0 Branch Prediction Accuracy: 92.6% MPKI: 12.11 Average ROB Occupancy at Mispredict: 38.6
Branch type MPKI
BRANCH_DIRECT_JUMP: 0.07563
BRANCH_INDIRECT: 0.001445
BRANCH_CONDITIONAL: 12.01
BRANCH_DIRECT_CALL: 0.00087
BRANCH_INDIRECT_CALL: 0.0001
BRANCH_RETURN: 0.02726

cpu0->LLC TOTAL        ACCESS:     108388 HIT:      44924 MISS:      63464 MISS_MERGE:          0
cpu0->LLC LOAD         ACCESS:      37950 HIT:      10010 MISS:      27940 MISS_MERGE:          0
cpu0->LLC RFO          ACCESS:      32900 HIT:        476 MISS:      32424 MISS_MERGE:          0
cpu0->LLC PREFETCH     ACCESS:       3675 HIT:        806 MISS:       2869 MISS_MERGE:          0
cpu0->LLC WRITE        ACCESS:      33578 HIT:      33566 MISS:         12 MISS_MERGE:          0
cpu0->LLC TRANSLATION  ACCESS:        285 HIT:         66 MISS:        219 MISS_MERGE:          0
cpu0->LLC PREFETCH REQUESTED:          0 ISSUED:          0 USEFUL:          0 USELESS:          0
cpu0->LLC AVERAGE MISS LATENCY: 192.4 cycles
cpu0->cpu0_DTLB TOTAL        ACCESS:   66745385 HIT:   66637176 MISS:     108209 MISS_MERGE:      26899
cpu0->cpu0_DTLB LOAD         ACCESS:   66745385 HIT:   66637176 MISS:     108209 MISS_MERGE:      26899
cpu0->cpu0_DTLB RFO          ACCESS:          0 HIT:          0 MISS:          0 MISS_MERGE:          0
cpu0->cpu0_DTLB PREFETCH     ACCESS:          0 HIT:          0 MISS:          0 MISS_MERGE:          0
cpu0->cpu0_DTLB WRITE        ACCESS:          0 HIT:          0 MISS:          0 MISS_MERGE:          0
cpu0->cpu0_DTLB TRANSLATION  ACCESS:          0 HIT:          0 MISS:          0 MISS_MERGE:          0
cpu0->cpu0_DTLB PREFETCH REQUESTED:          0 ISSUED:          0 USEFUL:          0 USELESS:          0
cpu0->cpu0_DTLB AVERAGE MISS LATENCY: 14.18 cycles
cpu0->cpu0_ITLB TOTAL        ACCESS:   23493847 HIT:   23493766 MISS:         81 MISS_MERGE:         33
cpu0->cpu0_ITLB LOAD         ACCESS:   23493847 HIT:   23493766 MISS:         81 MISS_MERGE:         33
cpu0->cpu0_ITLB RFO          ACCESS:          0 HIT:          0 MISS:          0 MISS_MERGE:          0
cpu0->cpu0_ITLB PREFETCH     ACCESS:          0 HIT:          0 MISS:          0 MISS_MERGE:          0
cpu0->cpu0_ITLB WRITE        ACCESS:          0 HIT:          0 MISS:          0 MISS_MERGE:          0
cpu0->cpu0_ITLB TRANSLATION  ACCESS:          0 HIT:          0 MISS:          0 MISS_MERGE:          0
cpu0->cpu0_ITLB PREFETCH REQUESTED:          0 ISSUED:          0 USEFUL:          0 USELESS:          0
cpu0->cpu0_ITLB AVERAGE MISS LATENCY: 722.4 cycles
cpu0->cpu0_L1D TOTAL        ACCESS:   67618605 HIT:   67136823 MISS:     481782 MISS_MERGE:     224881
cpu0->cpu0_L1D LOAD         ACCESS:   43079527 HIT:   42837145 MISS:     242382 MISS_MERGE:      50328
cpu0->cpu0_L1D RFO          ACCESS:          0 HIT:          0 MISS:          0 MISS_MERGE:          0
cpu0->cpu0_L1D PREFETCH     ACCESS:     871210 HIT:     834851 MISS:      36359 MISS_MERGE:      15007
cpu0->cpu0_L1D WRITE        ACCESS:   23665858 HIT:   23463197 MISS:     202661 MISS_MERGE:     159546
cpu0->cpu0_L1D TRANSLATION  ACCESS:       2010 HIT:       1630 MISS:        380 MISS_MERGE:          0
cpu0->cpu0_L1D PREFETCH REQUESTED:    1171545 ISSUED:     871206 USEFUL:      12336 USELESS:       8988
cpu0->cpu0_L1D AVERAGE MISS LATENCY: 59.94 cycles
cpu0->cpu0_L1I TOTAL        ACCESS:   23493847 HIT:   23473984 MISS:      19863 MISS_MERGE:       7616
cpu0->cpu0_L1I LOAD         ACCESS:   23493847 HIT:   23473984 MISS:      19863 MISS_MERGE:       7616
cpu0->cpu0_L1I RFO          ACCESS:          0 HIT:          0 MISS:          0 MISS_MERGE:          0
cpu0->cpu0_L1I PREFETCH     ACCESS:          0 HIT:          0 MISS:          0 MISS_MERGE:          0
cpu0->cpu0_L1I WRITE        ACCESS:          0 HIT:          0 MISS:          0 MISS_MERGE:          0
cpu0->cpu0_L1I TRANSLATION  ACCESS:          0 HIT:          0 MISS:          0 MISS_MERGE:          0
cpu0->cpu0_L1I PREFETCH REQUESTED:          0 ISSUED:          0 USEFUL:          0 USELESS:          0
cpu0->cpu0_L1I AVERAGE MISS LATENCY: 18.62 cycles
cpu0->cpu0_L2C TOTAL        ACCESS:     328828 HIT:     253845 MISS:      74983 MISS_MERGE:         20
cpu0->cpu0_L2C LOAD         ACCESS:     204301 HIT:     166349 MISS:      37952 MISS_MERGE:          2
cpu0->cpu0_L2C RFO          ACCESS:      43115 HIT:      10215 MISS:      32900 MISS_MERGE:          0
cpu0->cpu0_L2C PREFETCH     ACCESS:      21352 HIT:      17659 MISS:       3693 MISS_MERGE:         18
cpu0->cpu0_L2C WRITE        ACCESS:      59680 HIT:      59527 MISS:        153 MISS_MERGE:          0
cpu0->cpu0_L2C TRANSLATION  ACCESS:        380 HIT:         95 MISS:        285 MISS_MERGE:          0
cpu0->cpu0_L2C PREFETCH REQUESTED:          0 ISSUED:          0 USEFUL:          0 USELESS:          0
cpu0->cpu0_L2C AVERAGE MISS LATENCY: 176.4 cycles
cpu0->cpu0_STLB TOTAL        ACCESS:      81358 HIT:      80354 MISS:       1004 MISS_MERGE:          0
cpu0->cpu0_STLB LOAD         ACCESS:      81358 HIT:      80354 MISS:       1004 MISS_MERGE:          0
cpu0->cpu0_STLB RFO          ACCESS:          0 HIT:          0 MISS:          0 MISS_MERGE:          0
cpu0->cpu0_STLB PREFETCH     ACCESS:          0 HIT:          0 MISS:          0 MISS_MERGE:          0
cpu0->cpu0_STLB WRITE        ACCESS:          0 HIT:          0 MISS:          0 MISS_MERGE:          0
cpu0->cpu0_STLB TRANSLATION  ACCESS:          0 HIT:          0 MISS:          0 MISS_MERGE:          0
cpu0->cpu0_STLB PREFETCH REQUESTED:          0 ISSUED:          0 USEFUL:          0 USELESS:          0
cpu0->cpu0_STLB AVERAGE MISS LATENCY: 858.2 cycles

DRAM Statistics

Channel 0 RQ ROW_BUFFER_HIT:       1487
  ROW_BUFFER_MISS:      61928
  AVG DBUS CONGESTED CYCLE: 13.2
Channel 0 WQ ROW_BUFFER_HIT:       3291
  ROW_BUFFER_MISS:      11423
  FULL:          0
Channel 0 REFRESHES ISSUED:      16960
NNCPU_REGULARITY roi_decisions=43079527 roi_suppressed=654835 roi_issued=871206 gate_enabled=true window=16 support_percent=35 degree=3
