[DEFAULT] LLC: frequency=4000 (inherited from max core frequency)
[DEFAULT] LLC: hit_latency=7, fill_latency=8 (derived from sets=2048, ways=16)
[DEFAULT] LLC: max_tag_bandwidth=4 (derived from sets=2048)
[DEFAULT] LLC: max_fill_bandwidth=4 (derived from sets=2048)
[DEFAULT] LLC: mshr_size=4096 (derived from sets=2048, fill_latency=8, fill_bw=4)
[DEFAULT] cpu0_DTLB: hit_latency=1, fill_latency=1 (derived from sets=16, ways=4)
[DEFAULT] cpu0_DTLB: max_tag_bandwidth=1 (derived from sets=16)
[DEFAULT] cpu0_DTLB: max_fill_bandwidth=1 (derived from sets=16)
[DEFAULT] cpu0_ITLB: hit_latency=1, fill_latency=1 (derived from sets=16, ways=4)
[DEFAULT] cpu0_ITLB: max_tag_bandwidth=1 (derived from sets=16)
[DEFAULT] cpu0_ITLB: max_fill_bandwidth=1 (derived from sets=16)
[DEFAULT] cpu0_ITLB: mshr_size=1 (derived from sets=16, fill_latency=1, fill_bw=1)
[DEFAULT] cpu0_L1D: num_sets=128 (scaled from base=64 x 2 upper levels)
[DEFAULT] cpu0_L1D: hit_latency=2, fill_latency=3 (derived from sets=128, ways=12)
[DEFAULT] cpu0_L1D: max_tag_bandwidth=1 (derived from sets=128)
[DEFAULT] cpu0_L1D: max_fill_bandwidth=1 (derived from sets=128)
[DEFAULT] cpu0_L1D: mshr_size=24 (derived from sets=128, fill_latency=3, fill_bw=1)
[DEFAULT] cpu0_L1I: hit_latency=2, fill_latency=2 (derived from sets=64, ways=8)
[DEFAULT] cpu0_L1I: max_tag_bandwidth=1 (derived from sets=64)
[DEFAULT] cpu0_L1I: max_fill_bandwidth=1 (derived from sets=64)
[DEFAULT] cpu0_L1I: mshr_size=8 (derived from sets=64, fill_latency=2, fill_bw=1)
[DEFAULT] cpu0_L2C: num_sets=1024 (scaled from base=512 x 2 upper levels)
[DEFAULT] cpu0_L2C: hit_latency=4, fill_latency=5 (derived from sets=1024, ways=8)
[DEFAULT] cpu0_L2C: max_tag_bandwidth=2 (derived from sets=1024)
[DEFAULT] cpu0_L2C: max_fill_bandwidth=2 (derived from sets=1024)
[DEFAULT] cpu0_L2C: mshr_size=640 (derived from sets=1024, fill_latency=5, fill_bw=2)
[DEFAULT] cpu0_STLB: num_sets=256 (scaled from base=64 x 3 upper levels)
[DEFAULT] cpu0_STLB: hit_latency=3, fill_latency=4 (derived from sets=256, ways=12)
[DEFAULT] cpu0_STLB: max_tag_bandwidth=1 (derived from sets=256)
[DEFAULT] cpu0_STLB: max_fill_bandwidth=1 (derived from sets=256)
[DEFAULT] cpu0_STLB: mshr_size=64 (derived from sets=256, fill_latency=4, fill_bw=1)
[VMEM] WARNING: physical memory size is smaller than virtual memory size.

*** ChampSim Multicore Out-of-Order Simulator ***
Warmup Instructions: 50000000
Simulation Instructions: 200000000
Number of CPUs: 1
Page size: 4096

Off-chip DRAM Size: 16 GiB Channels: 1 Width: 64-bit Data Rate: 3205 MT/s
Heartbeat CPU 0 instructions: 10000001 cycles: 2863163 heartbeat IPC: 3.493 cumulative IPC: 3.493 (Simulation time: 00 hr 00 min 42 sec)
Heartbeat CPU 0 instructions: 20000001 cycles: 5830507 heartbeat IPC: 3.37 cumulative IPC: 3.43 (Simulation time: 00 hr 01 min 34 sec)
Heartbeat CPU 0 instructions: 30000000 cycles: 8823326 heartbeat IPC: 3.341 cumulative IPC: 3.4 (Simulation time: 00 hr 02 min 22 sec)
Heartbeat CPU 0 instructions: 40000001 cycles: 11671880 heartbeat IPC: 3.511 cumulative IPC: 3.427 (Simulation time: 00 hr 03 min 05 sec)
Heartbeat CPU 0 instructions: 50000004 cycles: 14517350 heartbeat IPC: 3.514 cumulative IPC: 3.444 (Simulation time: 00 hr 03 min 49 sec)
Warmup finished CPU 0 instructions: 50000004 cycles: 14517350 cumulative IPC: 3.444 (Simulation time: 00 hr 03 min 49 sec)
Warmup complete CPU 0 instructions: 50000004 cycles: 14517350 cumulative IPC: 3.444 (Simulation time: 00 hr 03 min 49 sec)
Heartbeat CPU 0 instructions: 60000002 cycles: 21798126 heartbeat IPC: 1.373 cumulative IPC: 1.373 (Simulation time: 00 hr 05 min 15 sec)
Heartbeat CPU 0 instructions: 70000002 cycles: 29061233 heartbeat IPC: 1.377 cumulative IPC: 1.375 (Simulation time: 00 hr 06 min 41 sec)
Heartbeat CPU 0 instructions: 80000000 cycles: 36314433 heartbeat IPC: 1.379 cumulative IPC: 1.376 (Simulation time: 00 hr 08 min 08 sec)
Heartbeat CPU 0 instructions: 90000001 cycles: 43590968 heartbeat IPC: 1.374 cumulative IPC: 1.376 (Simulation time: 00 hr 09 min 35 sec)
Heartbeat CPU 0 instructions: 100000001 cycles: 50822143 heartbeat IPC: 1.383 cumulative IPC: 1.377 (Simulation time: 00 hr 11 min 04 sec)
Heartbeat CPU 0 instructions: 110000004 cycles: 58074494 heartbeat IPC: 1.379 cumulative IPC: 1.378 (Simulation time: 00 hr 12 min 28 sec)
Heartbeat CPU 0 instructions: 120000001 cycles: 65311249 heartbeat IPC: 1.382 cumulative IPC: 1.378 (Simulation time: 00 hr 13 min 55 sec)
Heartbeat CPU 0 instructions: 130000003 cycles: 72579581 heartbeat IPC: 1.376 cumulative IPC: 1.378 (Simulation time: 00 hr 15 min 16 sec)
Heartbeat CPU 0 instructions: 140000000 cycles: 79793255 heartbeat IPC: 1.386 cumulative IPC: 1.379 (Simulation time: 00 hr 16 min 38 sec)
Heartbeat CPU 0 instructions: 150000001 cycles: 87032100 heartbeat IPC: 1.381 cumulative IPC: 1.379 (Simulation time: 00 hr 18 min 03 sec)
Heartbeat CPU 0 instructions: 160000000 cycles: 94272160 heartbeat IPC: 1.381 cumulative IPC: 1.379 (Simulation time: 00 hr 19 min 24 sec)
Heartbeat CPU 0 instructions: 170000000 cycles: 101441486 heartbeat IPC: 1.395 cumulative IPC: 1.381 (Simulation time: 00 hr 20 min 41 sec)
Heartbeat CPU 0 instructions: 180000000 cycles: 108618919 heartbeat IPC: 1.393 cumulative IPC: 1.381 (Simulation time: 00 hr 21 min 57 sec)
Heartbeat CPU 0 instructions: 190000000 cycles: 115818271 heartbeat IPC: 1.389 cumulative IPC: 1.382 (Simulation time: 00 hr 23 min 17 sec)
Heartbeat CPU 0 instructions: 200000004 cycles: 123063354 heartbeat IPC: 1.38 cumulative IPC: 1.382 (Simulation time: 00 hr 24 min 37 sec)
Heartbeat CPU 0 instructions: 210000002 cycles: 130294684 heartbeat IPC: 1.383 cumulative IPC: 1.382 (Simulation time: 00 hr 26 min 00 sec)
Heartbeat CPU 0 instructions: 220000002 cycles: 137530343 heartbeat IPC: 1.382 cumulative IPC: 1.382 (Simulation time: 00 hr 27 min 34 sec)
Heartbeat CPU 0 instructions: 230000000 cycles: 144749490 heartbeat IPC: 1.385 cumulative IPC: 1.382 (Simulation time: 00 hr 29 min 00 sec)
Heartbeat CPU 0 instructions: 240000001 cycles: 151983975 heartbeat IPC: 1.382 cumulative IPC: 1.382 (Simulation time: 00 hr 30 min 17 sec)
Heartbeat CPU 0 instructions: 250000002 cycles: 159229019 heartbeat IPC: 1.38 cumulative IPC: 1.382 (Simulation time: 00 hr 31 min 32 sec)
Simulation finished CPU 0 instructions: 200000001 cycles: 144711670 cumulative IPC: 1.382 (Simulation time: 00 hr 31 min 32 sec)
Simulation complete CPU 0 instructions: 200000001 cycles: 144711670 cumulative IPC: 1.382 (Simulation time: 00 hr 31 min 32 sec)

ChampSim completed all CPUs

=== Simulation ===
CPU 0 runs /home/user/nncpu_campaign/traces/603.bwaves_s-3699B.champsimtrace.xz

Region of Interest Statistics

CPU 0 cumulative IPC: 1.382 instructions: 200000001 cycles: 144711670
CPU 0 Branch Prediction Accuracy: 99.5% MPKI: 0.7333 Average ROB Occupancy at Mispredict: 239.6
Branch type MPKI
BRANCH_DIRECT_JUMP: 0.06073
BRANCH_INDIRECT: 0
BRANCH_CONDITIONAL: 0.6047
BRANCH_DIRECT_CALL: 0
BRANCH_INDIRECT_CALL: 0
BRANCH_RETURN: 0.06784

cpu0->LLC TOTAL        ACCESS:      38559 HIT:      17472 MISS:      21087 MISS_MERGE:          0
cpu0->LLC LOAD         ACCESS:        168 HIT:          1 MISS:        167 MISS_MERGE:          0
cpu0->LLC RFO          ACCESS:      17507 HIT:          0 MISS:      17507 MISS_MERGE:          0
cpu0->LLC PREFETCH     ACCESS:       3368 HIT:          0 MISS:       3368 MISS_MERGE:          0
cpu0->LLC WRITE        ACCESS:      17474 HIT:      17471 MISS:          3 MISS_MERGE:          0
cpu0->LLC TRANSLATION  ACCESS:         42 HIT:          0 MISS:         42 MISS_MERGE:          0
cpu0->LLC PREFETCH REQUESTED:          0 ISSUED:          0 USEFUL:          0 USELESS:          0
cpu0->LLC AVERAGE MISS LATENCY: 194.6 cycles
cpu0->cpu0_DTLB TOTAL        ACCESS:   54735725 HIT:   54731072 MISS:       4653 MISS_MERGE:       4317
cpu0->cpu0_DTLB LOAD         ACCESS:   54735725 HIT:   54731072 MISS:       4653 MISS_MERGE:       4317
cpu0->cpu0_DTLB RFO          ACCESS:          0 HIT:          0 MISS:          0 MISS_MERGE:          0
cpu0->cpu0_DTLB PREFETCH     ACCESS:          0 HIT:          0 MISS:          0 MISS_MERGE:          0
cpu0->cpu0_DTLB WRITE        ACCESS:          0 HIT:          0 MISS:          0 MISS_MERGE:          0
cpu0->cpu0_DTLB TRANSLATION  ACCESS:          0 HIT:          0 MISS:          0 MISS_MERGE:          0
cpu0->cpu0_DTLB PREFETCH REQUESTED:          0 ISSUED:          0 USEFUL:          0 USELESS:          0
cpu0->cpu0_DTLB AVERAGE MISS LATENCY: 832.8 cycles
cpu0->cpu0_ITLB TOTAL        ACCESS:   35702265 HIT:   35702265 MISS:          0 MISS_MERGE:          0
cpu0->cpu0_ITLB LOAD         ACCESS:   35702265 HIT:   35702265 MISS:          0 MISS_MERGE:          0
cpu0->cpu0_ITLB RFO          ACCESS:          0 HIT:          0 MISS:          0 MISS_MERGE:          0
cpu0->cpu0_ITLB PREFETCH     ACCESS:          0 HIT:          0 MISS:          0 MISS_MERGE:          0
cpu0->cpu0_ITLB WRITE        ACCESS:          0 HIT:          0 MISS:          0 MISS_MERGE:          0
cpu0->cpu0_ITLB TRANSLATION  ACCESS:          0 HIT:          0 MISS:          0 MISS_MERGE:          0
cpu0->cpu0_ITLB PREFETCH REQUESTED:          0 ISSUED:          0 USEFUL:          0 USELESS:          0
cpu0->cpu0_ITLB AVERAGE MISS LATENCY: - cycles
cpu0->cpu0_L1D TOTAL        ACCESS:   55077684 HIT:   54951382 MISS:     126302 MISS_MERGE:     105146
cpu0->cpu0_L1D LOAD         ACCESS:   47034297 HIT:   47033732 MISS:        565 MISS_MERGE:        397
cpu0->cpu0_L1D RFO          ACCESS:          0 HIT:          0 MISS:          0 MISS_MERGE:          0
cpu0->cpu0_L1D PREFETCH     ACCESS:     341301 HIT:     336853 MISS:       4448 MISS_MERGE:       1072
cpu0->cpu0_L1D WRITE        ACCESS:    7701427 HIT:    7580182 MISS:     121245 MISS_MERGE:     103677
cpu0->cpu0_L1D TRANSLATION  ACCESS:        659 HIT:        615 MISS:         44 MISS_MERGE:          0
cpu0->cpu0_L1D PREFETCH REQUESTED:    1012296 ISSUED:     341301 USEFUL:       3365 USELESS:          7
cpu0->cpu0_L1D AVERAGE MISS LATENCY: 214.9 cycles
cpu0->cpu0_L1I TOTAL        ACCESS:   35702264 HIT:   35702264 MISS:          0 MISS_MERGE:          0
cpu0->cpu0_L1I LOAD         ACCESS:   35702264 HIT:   35702264 MISS:          0 MISS_MERGE:          0
cpu0->cpu0_L1I RFO          ACCESS:          0 HIT:          0 MISS:          0 MISS_MERGE:          0
cpu0->cpu0_L1I PREFETCH     ACCESS:          0 HIT:          0 MISS:          0 MISS_MERGE:          0
cpu0->cpu0_L1I WRITE        ACCESS:          0 HIT:          0 MISS:          0 MISS_MERGE:          0
cpu0->cpu0_L1I TRANSLATION  ACCESS:          0 HIT:          0 MISS:          0 MISS_MERGE:          0
cpu0->cpu0_L1I PREFETCH REQUESTED:          0 ISSUED:          0 USEFUL:          0 USELESS:          0
cpu0->cpu0_L1I AVERAGE MISS LATENCY: - cycles
cpu0->cpu0_L2C TOTAL        ACCESS:      38780 HIT:      17695 MISS:      21085 MISS_MERGE:          0
cpu0->cpu0_L2C LOAD         ACCESS:        168 HIT:          0 MISS:        168 MISS_MERGE:          0
cpu0->cpu0_L2C RFO          ACCESS:      17568 HIT:         61 MISS:      17507 MISS_MERGE:          0
cpu0->cpu0_L2C PREFETCH     ACCESS:       3376 HIT:          8 MISS:       3368 MISS_MERGE:          0
cpu0->cpu0_L2C WRITE        ACCESS:      17624 HIT:      17624 MISS:          0 MISS_MERGE:          0
cpu0->cpu0_L2C TRANSLATION  ACCESS:         44 HIT:          2 MISS:         42 MISS_MERGE:          0
cpu0->cpu0_L2C PREFETCH REQUESTED:          0 ISSUED:          0 USEFUL:          0 USELESS:          0
cpu0->cpu0_L2C AVERAGE MISS LATENCY: 207.6 cycles
cpu0->cpu0_STLB TOTAL        ACCESS:        336 HIT:          7 MISS:        329 MISS_MERGE:          0
cpu0->cpu0_STLB LOAD         ACCESS:        336 HIT:          7 MISS:        329 MISS_MERGE:          0
cpu0->cpu0_STLB RFO          ACCESS:          0 HIT:          0 MISS:          0 MISS_MERGE:          0
cpu0->cpu0_STLB PREFETCH     ACCESS:          0 HIT:          0 MISS:          0 MISS_MERGE:          0
cpu0->cpu0_STLB WRITE        ACCESS:          0 HIT:          0 MISS:          0 MISS_MERGE:          0
cpu0->cpu0_STLB TRANSLATION  ACCESS:          0 HIT:          0 MISS:          0 MISS_MERGE:          0
cpu0->cpu0_STLB PREFETCH REQUESTED:          0 ISSUED:          0 USEFUL:          0 USELESS:          0
cpu0->cpu0_STLB AVERAGE MISS LATENCY: 845.4 cycles

DRAM Statistics

Channel 0 RQ ROW_BUFFER_HIT:          3
  ROW_BUFFER_MISS:      21081
  AVG DBUS CONGESTED CYCLE: 9.593
Channel 0 WQ ROW_BUFFER_HIT:       3925
  ROW_BUFFER_MISS:      13615
  FULL:          0
Channel 0 REFRESHES ISSUED:      12060
