[DEFAULT] LLC: frequency=4000 (inherited from max core frequency)
[DEFAULT] LLC: hit_latency=7, fill_latency=8 (derived from sets=2048, ways=16)
[DEFAULT] LLC: max_tag_bandwidth=4 (derived from sets=2048)
[DEFAULT] LLC: max_fill_bandwidth=4 (derived from sets=2048)
[DEFAULT] LLC: mshr_size=4096 (derived from sets=2048, fill_latency=8, fill_bw=4)
[DEFAULT] cpu0_DTLB: hit_latency=1, fill_latency=1 (derived from sets=16, ways=4)
[DEFAULT] cpu0_DTLB: max_tag_bandwidth=1 (derived from sets=16)
[DEFAULT] cpu0_DTLB: max_fill_bandwidth=1 (derived from sets=16)
[DEFAULT] cpu0_ITLB: hit_latency=1, fill_latency=1 (derived from sets=16, ways=4)
[DEFAULT] cpu0_ITLB: max_tag_bandwidth=1 (derived from sets=16)
[DEFAULT] cpu0_ITLB: max_fill_bandwidth=1 (derived from sets=16)
[DEFAULT] cpu0_ITLB: mshr_size=1 (derived from sets=16, fill_latency=1, fill_bw=1)
[DEFAULT] cpu0_L1D: num_sets=128 (scaled from base=64 x 2 upper levels)
[DEFAULT] cpu0_L1D: hit_latency=2, fill_latency=3 (derived from sets=128, ways=12)
[DEFAULT] cpu0_L1D: max_tag_bandwidth=1 (derived from sets=128)
[DEFAULT] cpu0_L1D: max_fill_bandwidth=1 (derived from sets=128)
[DEFAULT] cpu0_L1D: mshr_size=24 (derived from sets=128, fill_latency=3, fill_bw=1)
[DEFAULT] cpu0_L1I: hit_latency=2, fill_latency=2 (derived from sets=64, ways=8)
[DEFAULT] cpu0_L1I: max_tag_bandwidth=1 (derived from sets=64)
[DEFAULT] cpu0_L1I: max_fill_bandwidth=1 (derived from sets=64)
[DEFAULT] cpu0_L1I: mshr_size=8 (derived from sets=64, fill_latency=2, fill_bw=1)
[DEFAULT] cpu0_L2C: num_sets=1024 (scaled from base=512 x 2 upper levels)
[DEFAULT] cpu0_L2C: hit_latency=4, fill_latency=5 (derived from sets=1024, ways=8)
[DEFAULT] cpu0_L2C: max_tag_bandwidth=2 (derived from sets=1024)
[DEFAULT] cpu0_L2C: max_fill_bandwidth=2 (derived from sets=1024)
[DEFAULT] cpu0_L2C: mshr_size=640 (derived from sets=1024, fill_latency=5, fill_bw=2)
[DEFAULT] cpu0_STLB: num_sets=256 (scaled from base=64 x 3 upper levels)
[DEFAULT] cpu0_STLB: hit_latency=3, fill_latency=4 (derived from sets=256, ways=12)
[DEFAULT] cpu0_STLB: max_tag_bandwidth=1 (derived from sets=256)
[DEFAULT] cpu0_STLB: max_fill_bandwidth=1 (derived from sets=256)
[DEFAULT] cpu0_STLB: mshr_size=64 (derived from sets=256, fill_latency=4, fill_bw=1)
[VMEM] WARNING: physical memory size is smaller than virtual memory size.

*** ChampSim Multicore Out-of-Order Simulator ***
Warmup Instructions: 50000000
Simulation Instructions: 200000000
Number of CPUs: 1
Page size: 4096

Off-chip DRAM Size: 16 GiB Channels: 1 Width: 64-bit Data Rate: 3205 MT/s
Heartbeat CPU 0 instructions: 10000003 cycles: 5232065 heartbeat IPC: 1.911 cumulative IPC: 1.911 (Simulation time: 00 hr 01 min 19 sec)
Heartbeat CPU 0 instructions: 20000001 cycles: 10140327 heartbeat IPC: 2.037 cumulative IPC: 1.972 (Simulation time: 00 hr 02 min 36 sec)
Heartbeat CPU 0 instructions: 30000004 cycles: 14699049 heartbeat IPC: 2.194 cumulative IPC: 2.041 (Simulation time: 00 hr 03 min 49 sec)
Heartbeat CPU 0 instructions: 40000001 cycles: 19128608 heartbeat IPC: 2.258 cumulative IPC: 2.091 (Simulation time: 00 hr 04 min 59 sec)
Heartbeat CPU 0 instructions: 50000004 cycles: 23419709 heartbeat IPC: 2.33 cumulative IPC: 2.135 (Simulation time: 00 hr 06 min 16 sec)
Warmup finished CPU 0 instructions: 50000004 cycles: 23419709 cumulative IPC: 2.135 (Simulation time: 00 hr 06 min 16 sec)
Warmup complete CPU 0 instructions: 50000004 cycles: 23419709 cumulative IPC: 2.135 (Simulation time: 00 hr 06 min 16 sec)
Heartbeat CPU 0 instructions: 60000004 cycles: 34166940 heartbeat IPC: 0.9305 cumulative IPC: 0.9305 (Simulation time: 00 hr 08 min 12 sec)
Heartbeat CPU 0 instructions: 70000001 cycles: 44582897 heartbeat IPC: 0.9601 cumulative IPC: 0.945 (Simulation time: 00 hr 09 min 55 sec)
Heartbeat CPU 0 instructions: 80000001 cycles: 55215240 heartbeat IPC: 0.9405 cumulative IPC: 0.9435 (Simulation time: 00 hr 11 min 36 sec)
Heartbeat CPU 0 instructions: 90000000 cycles: 65710569 heartbeat IPC: 0.9528 cumulative IPC: 0.9458 (Simulation time: 00 hr 13 min 17 sec)
Heartbeat CPU 0 instructions: 100000003 cycles: 76137184 heartbeat IPC: 0.9591 cumulative IPC: 0.9485 (Simulation time: 00 hr 15 min 08 sec)
Heartbeat CPU 0 instructions: 110000001 cycles: 86460507 heartbeat IPC: 0.9687 cumulative IPC: 0.9518 (Simulation time: 00 hr 17 min 05 sec)
Heartbeat CPU 0 instructions: 120000000 cycles: 96689720 heartbeat IPC: 0.9776 cumulative IPC: 0.9554 (Simulation time: 00 hr 19 min 05 sec)
Heartbeat CPU 0 instructions: 130000002 cycles: 107318694 heartbeat IPC: 0.9408 cumulative IPC: 0.9535 (Simulation time: 00 hr 20 min 49 sec)
Heartbeat CPU 0 instructions: 140000002 cycles: 117781071 heartbeat IPC: 0.9558 cumulative IPC: 0.9538 (Simulation time: 00 hr 22 min 39 sec)
Heartbeat CPU 0 instructions: 150000000 cycles: 127920095 heartbeat IPC: 0.9863 cumulative IPC: 0.9569 (Simulation time: 00 hr 24 min 22 sec)
Heartbeat CPU 0 instructions: 160000001 cycles: 138359400 heartbeat IPC: 0.9579 cumulative IPC: 0.957 (Simulation time: 00 hr 26 min 14 sec)
Heartbeat CPU 0 instructions: 170000000 cycles: 148914619 heartbeat IPC: 0.9474 cumulative IPC: 0.9562 (Simulation time: 00 hr 27 min 57 sec)
Heartbeat CPU 0 instructions: 180000000 cycles: 159471984 heartbeat IPC: 0.9472 cumulative IPC: 0.9555 (Simulation time: 00 hr 29 min 40 sec)
Heartbeat CPU 0 instructions: 190000003 cycles: 170220062 heartbeat IPC: 0.9304 cumulative IPC: 0.9537 (Simulation time: 00 hr 31 min 28 sec)
Heartbeat CPU 0 instructions: 200000003 cycles: 180997719 heartbeat IPC: 0.9278 cumulative IPC: 0.9519 (Simulation time: 00 hr 33 min 07 sec)
Heartbeat CPU 0 instructions: 210000001 cycles: 191331675 heartbeat IPC: 0.9677 cumulative IPC: 0.9529 (Simulation time: 00 hr 34 min 38 sec)
Heartbeat CPU 0 instructions: 220000002 cycles: 201942210 heartbeat IPC: 0.9425 cumulative IPC: 0.9523 (Simulation time: 00 hr 35 min 58 sec)
Heartbeat CPU 0 instructions: 230000000 cycles: 212821375 heartbeat IPC: 0.9192 cumulative IPC: 0.9504 (Simulation time: 00 hr 37 min 09 sec)
Heartbeat CPU 0 instructions: 240000002 cycles: 223071539 heartbeat IPC: 0.9756 cumulative IPC: 0.9517 (Simulation time: 00 hr 38 min 20 sec)
Heartbeat CPU 0 instructions: 250000000 cycles: 233415976 heartbeat IPC: 0.9667 cumulative IPC: 0.9524 (Simulation time: 00 hr 39 min 30 sec)
Simulation finished CPU 0 instructions: 200000001 cycles: 209996268 cumulative IPC: 0.9524 (Simulation time: 00 hr 39 min 30 sec)
Simulation complete CPU 0 instructions: 200000001 cycles: 209996268 cumulative IPC: 0.9524 (Simulation time: 00 hr 39 min 30 sec)

ChampSim completed all CPUs

=== Simulation ===
CPU 0 runs /home/user/nncpu_campaign/traces/631.deepsjeng_s-928B.champsimtrace.xz

Region of Interest Statistics

CPU 0 cumulative IPC: 0.9524 instructions: 200000001 cycles: 209996268
CPU 0 Branch Prediction Accuracy: 95.61% MPKI: 6.461 Average ROB Occupancy at Mispredict: 71.93
Branch type MPKI
BRANCH_DIRECT_JUMP: 0.01574
BRANCH_INDIRECT: 0.00901
BRANCH_CONDITIONAL: 5.886
BRANCH_DIRECT_CALL: 0.01662
BRANCH_INDIRECT_CALL: 0
BRANCH_RETURN: 0.5333

cpu0->LLC TOTAL        ACCESS:     139402 HIT:      50029 MISS:      89373 MISS_MERGE:          0
cpu0->LLC LOAD         ACCESS:      59062 HIT:       3505 MISS:      55557 MISS_MERGE:          0
cpu0->LLC RFO          ACCESS:       2604 HIT:       1652 MISS:        952 MISS_MERGE:          0
cpu0->LLC PREFETCH     ACCESS:          0 HIT:          0 MISS:          0 MISS_MERGE:          0
cpu0->LLC WRITE        ACCESS:      42816 HIT:      42073 MISS:        743 MISS_MERGE:          0
cpu0->LLC TRANSLATION  ACCESS:      34920 HIT:       2799 MISS:      32121 MISS_MERGE:          0
cpu0->LLC PREFETCH REQUESTED:          0 ISSUED:          0 USEFUL:          0 USELESS:          0
cpu0->LLC AVERAGE MISS LATENCY: 156.2 cycles
cpu0->cpu0_DTLB TOTAL        ACCESS:   64469753 HIT:   64281816 MISS:     187937 MISS_MERGE:     134164
cpu0->cpu0_DTLB LOAD         ACCESS:   64469753 HIT:   64281816 MISS:     187937 MISS_MERGE:     134164
cpu0->cpu0_DTLB RFO          ACCESS:          0 HIT:          0 MISS:          0 MISS_MERGE:          0
cpu0->cpu0_DTLB PREFETCH     ACCESS:          0 HIT:          0 MISS:          0 MISS_MERGE:          0
cpu0->cpu0_DTLB WRITE        ACCESS:          0 HIT:          0 MISS:          0 MISS_MERGE:          0
cpu0->cpu0_DTLB TRANSLATION  ACCESS:          0 HIT:          0 MISS:          0 MISS_MERGE:          0
cpu0->cpu0_DTLB PREFETCH REQUESTED:          0 ISSUED:          0 USEFUL:          0 USELESS:          0
cpu0->cpu0_DTLB AVERAGE MISS LATENCY: 614.9 cycles
cpu0->cpu0_ITLB TOTAL        ACCESS:   30466198 HIT:   30466196 MISS:          2 MISS_MERGE:          0
cpu0->cpu0_ITLB LOAD         ACCESS:   30466198 HIT:   30466196 MISS:          2 MISS_MERGE:          0
cpu0->cpu0_ITLB RFO          ACCESS:          0 HIT:          0 MISS:          0 MISS_MERGE:          0
cpu0->cpu0_ITLB PREFETCH     ACCESS:          0 HIT:          0 MISS:          0 MISS_MERGE:          0
cpu0->cpu0_ITLB WRITE        ACCESS:          0 HIT:          0 MISS:          0 MISS_MERGE:          0
cpu0->cpu0_ITLB TRANSLATION  ACCESS:          0 HIT:          0 MISS:          0 MISS_MERGE:          0
cpu0->cpu0_ITLB PREFETCH REQUESTED:          0 ISSUED:          0 USEFUL:          0 USELESS:          0
cpu0->cpu0_ITLB AVERAGE MISS LATENCY: 828.5 cycles
cpu0->cpu0_L1D TOTAL        ACCESS:   64576371 HIT:   64279025 MISS:     297346 MISS_MERGE:     152239
cpu0->cpu0_L1D LOAD         ACCESS:   40751709 HIT:   40549134 MISS:     202575 MISS_MERGE:     130588
cpu0->cpu0_L1D RFO          ACCESS:          0 HIT:          0 MISS:          0 MISS_MERGE:          0
cpu0->cpu0_L1D PREFETCH     ACCESS:          0 HIT:          0 MISS:          0 MISS_MERGE:          0
cpu0->cpu0_L1D WRITE        ACCESS:   23718043 HIT:   23679388 MISS:      38655 MISS_MERGE:      21350
cpu0->cpu0_L1D TRANSLATION  ACCESS:     106619 HIT:      50503 MISS:      56116 MISS_MERGE:        301
cpu0->cpu0_L1D PREFETCH REQUESTED:          0 ISSUED:          0 USEFUL:          0 USELESS:          0
cpu0->cpu0_L1D AVERAGE MISS LATENCY: 112.1 cycles
cpu0->cpu0_L1I TOTAL        ACCESS:   30466198 HIT:   30213244 MISS:     252954 MISS_MERGE:      51849
cpu0->cpu0_L1I LOAD         ACCESS:   30466198 HIT:   30213244 MISS:     252954 MISS_MERGE:      51849
cpu0->cpu0_L1I RFO          ACCESS:          0 HIT:          0 MISS:          0 MISS_MERGE:          0
cpu0->cpu0_L1I PREFETCH     ACCESS:          0 HIT:          0 MISS:          0 MISS_MERGE:          0
cpu0->cpu0_L1I WRITE        ACCESS:          0 HIT:          0 MISS:          0 MISS_MERGE:          0
cpu0->cpu0_L1I TRANSLATION  ACCESS:          0 HIT:          0 MISS:          0 MISS_MERGE:          0
cpu0->cpu0_L1I PREFETCH REQUESTED:          0 ISSUED:          0 USEFUL:          0 USELESS:          0
cpu0->cpu0_L1I AVERAGE MISS LATENCY: 6.221 cycles
cpu0->cpu0_L2C TOTAL        ACCESS:     406018 HIT:     308465 MISS:      97553 MISS_MERGE:          0
cpu0->cpu0_L2C LOAD         ACCESS:     273092 HIT:     214030 MISS:      59062 MISS_MERGE:          0
cpu0->cpu0_L2C RFO          ACCESS:      17305 HIT:      14701 MISS:       2604 MISS_MERGE:          0
cpu0->cpu0_L2C PREFETCH     ACCESS:          0 HIT:          0 MISS:          0 MISS_MERGE:          0
cpu0->cpu0_L2C WRITE        ACCESS:      59806 HIT:      58839 MISS:        967 MISS_MERGE:          0
cpu0->cpu0_L2C TRANSLATION  ACCESS:      55815 HIT:      20895 MISS:      34920 MISS_MERGE:          0
cpu0->cpu0_L2C PREFETCH REQUESTED:          0 ISSUED:          0 USEFUL:          0 USELESS:          0
cpu0->cpu0_L2C AVERAGE MISS LATENCY: 155.9 cycles
cpu0->cpu0_STLB TOTAL        ACCESS:      53775 HIT:      18334 MISS:      35441 MISS_MERGE:          0
cpu0->cpu0_STLB LOAD         ACCESS:      53775 HIT:      18334 MISS:      35441 MISS_MERGE:          0
cpu0->cpu0_STLB RFO          ACCESS:          0 HIT:          0 MISS:          0 MISS_MERGE:          0
cpu0->cpu0_STLB PREFETCH     ACCESS:          0 HIT:          0 MISS:          0 MISS_MERGE:          0
cpu0->cpu0_STLB WRITE        ACCESS:          0 HIT:          0 MISS:          0 MISS_MERGE:          0
cpu0->cpu0_STLB TRANSLATION  ACCESS:          0 HIT:          0 MISS:          0 MISS_MERGE:          0
cpu0->cpu0_STLB PREFETCH REQUESTED:          0 ISSUED:          0 USEFUL:          0 USELESS:          0
cpu0->cpu0_STLB AVERAGE MISS LATENCY: 925.9 cycles

DRAM Statistics

Channel 0 RQ ROW_BUFFER_HIT:         26
  ROW_BUFFER_MISS:      88604
  AVG DBUS CONGESTED CYCLE: 6.972
Channel 0 WQ ROW_BUFFER_HIT:        660
  ROW_BUFFER_MISS:      34778
  FULL:          0
Channel 0 REFRESHES ISSUED:      17500
