[DEFAULT] LLC: frequency=4000 (inherited from max core frequency)
[DEFAULT] LLC: hit_latency=7, fill_latency=8 (derived from sets=2048, ways=16)
[DEFAULT] LLC: max_tag_bandwidth=4 (derived from sets=2048)
[DEFAULT] LLC: max_fill_bandwidth=4 (derived from sets=2048)
[DEFAULT] LLC: mshr_size=4096 (derived from sets=2048, fill_latency=8, fill_bw=4)
[DEFAULT] cpu0_DTLB: hit_latency=1, fill_latency=1 (derived from sets=16, ways=4)
[DEFAULT] cpu0_DTLB: max_tag_bandwidth=1 (derived from sets=16)
[DEFAULT] cpu0_DTLB: max_fill_bandwidth=1 (derived from sets=16)
[DEFAULT] cpu0_ITLB: hit_latency=1, fill_latency=1 (derived from sets=16, ways=4)
[DEFAULT] cpu0_ITLB: max_tag_bandwidth=1 (derived from sets=16)
[DEFAULT] cpu0_ITLB: max_fill_bandwidth=1 (derived from sets=16)
[DEFAULT] cpu0_ITLB: mshr_size=1 (derived from sets=16, fill_latency=1, fill_bw=1)
[DEFAULT] cpu0_L1D: num_sets=128 (scaled from base=64 x 2 upper levels)
[DEFAULT] cpu0_L1D: hit_latency=2, fill_latency=3 (derived from sets=128, ways=12)
[DEFAULT] cpu0_L1D: max_tag_bandwidth=1 (derived from sets=128)
[DEFAULT] cpu0_L1D: max_fill_bandwidth=1 (derived from sets=128)
[DEFAULT] cpu0_L1D: mshr_size=24 (derived from sets=128, fill_latency=3, fill_bw=1)
[DEFAULT] cpu0_L1I: hit_latency=2, fill_latency=2 (derived from sets=64, ways=8)
[DEFAULT] cpu0_L1I: max_tag_bandwidth=1 (derived from sets=64)
[DEFAULT] cpu0_L1I: max_fill_bandwidth=1 (derived from sets=64)
[DEFAULT] cpu0_L1I: mshr_size=8 (derived from sets=64, fill_latency=2, fill_bw=1)
[DEFAULT] cpu0_L2C: num_sets=1024 (scaled from base=512 x 2 upper levels)
[DEFAULT] cpu0_L2C: hit_latency=4, fill_latency=5 (derived from sets=1024, ways=8)
[DEFAULT] cpu0_L2C: max_tag_bandwidth=2 (derived from sets=1024)
[DEFAULT] cpu0_L2C: max_fill_bandwidth=2 (derived from sets=1024)
[DEFAULT] cpu0_L2C: mshr_size=640 (derived from sets=1024, fill_latency=5, fill_bw=2)
[DEFAULT] cpu0_STLB: num_sets=256 (scaled from base=64 x 3 upper levels)
[DEFAULT] cpu0_STLB: hit_latency=3, fill_latency=4 (derived from sets=256, ways=12)
[DEFAULT] cpu0_STLB: max_tag_bandwidth=1 (derived from sets=256)
[DEFAULT] cpu0_STLB: max_fill_bandwidth=1 (derived from sets=256)
[DEFAULT] cpu0_STLB: mshr_size=64 (derived from sets=256, fill_latency=4, fill_bw=1)
[VMEM] WARNING: physical memory size is smaller than virtual memory size.

*** ChampSim Multicore Out-of-Order Simulator ***
Warmup Instructions: 50000000
Simulation Instructions: 200000000
Number of CPUs: 1
Page size: 4096

Off-chip DRAM Size: 16 GiB Channels: 1 Width: 64-bit Data Rate: 3205 MT/s
Heartbeat CPU 0 instructions: 10000004 cycles: 9950012 heartbeat IPC: 1.005 cumulative IPC: 1.005 (Simulation time: 00 hr 02 min 10 sec)
Heartbeat CPU 0 instructions: 20000003 cycles: 18227073 heartbeat IPC: 1.208 cumulative IPC: 1.097 (Simulation time: 00 hr 03 min 58 sec)
Heartbeat CPU 0 instructions: 30000003 cycles: 25774223 heartbeat IPC: 1.325 cumulative IPC: 1.164 (Simulation time: 00 hr 05 min 54 sec)
Heartbeat CPU 0 instructions: 40000000 cycles: 33167587 heartbeat IPC: 1.353 cumulative IPC: 1.206 (Simulation time: 00 hr 07 min 56 sec)
Heartbeat CPU 0 instructions: 50000003 cycles: 39648797 heartbeat IPC: 1.543 cumulative IPC: 1.261 (Simulation time: 00 hr 09 min 43 sec)
Warmup finished CPU 0 instructions: 50000003 cycles: 39648797 cumulative IPC: 1.261 (Simulation time: 00 hr 09 min 43 sec)
Warmup complete CPU 0 instructions: 50000003 cycles: 39648797 cumulative IPC: 1.261 (Simulation time: 00 hr 09 min 43 sec)
Heartbeat CPU 0 instructions: 60000003 cycles: 64828338 heartbeat IPC: 0.3971 cumulative IPC: 0.3971 (Simulation time: 00 hr 13 min 33 sec)
Heartbeat CPU 0 instructions: 70000003 cycles: 89126413 heartbeat IPC: 0.4116 cumulative IPC: 0.4042 (Simulation time: 00 hr 16 min 58 sec)
Heartbeat CPU 0 instructions: 80000002 cycles: 113638462 heartbeat IPC: 0.408 cumulative IPC: 0.4055 (Simulation time: 00 hr 20 min 48 sec)
Heartbeat CPU 0 instructions: 90000003 cycles: 137402283 heartbeat IPC: 0.4208 cumulative IPC: 0.4092 (Simulation time: 00 hr 24 min 14 sec)
Heartbeat CPU 0 instructions: 100000000 cycles: 162212492 heartbeat IPC: 0.4031 cumulative IPC: 0.408 (Simulation time: 00 hr 27 min 47 sec)
Heartbeat CPU 0 instructions: 110000003 cycles: 186441822 heartbeat IPC: 0.4127 cumulative IPC: 0.4087 (Simulation time: 00 hr 31 min 06 sec)
Heartbeat CPU 0 instructions: 120000000 cycles: 210729468 heartbeat IPC: 0.4117 cumulative IPC: 0.4092 (Simulation time: 00 hr 34 min 21 sec)
Heartbeat CPU 0 instructions: 130000001 cycles: 235384336 heartbeat IPC: 0.4056 cumulative IPC: 0.4087 (Simulation time: 00 hr 37 min 52 sec)
Heartbeat CPU 0 instructions: 140000001 cycles: 259544520 heartbeat IPC: 0.4139 cumulative IPC: 0.4093 (Simulation time: 00 hr 41 min 13 sec)
Heartbeat CPU 0 instructions: 150000003 cycles: 283871384 heartbeat IPC: 0.4111 cumulative IPC: 0.4095 (Simulation time: 00 hr 44 min 51 sec)
Heartbeat CPU 0 instructions: 160000002 cycles: 308459996 heartbeat IPC: 0.4067 cumulative IPC: 0.4092 (Simulation time: 00 hr 48 min 34 sec)
Heartbeat CPU 0 instructions: 170000002 cycles: 332428985 heartbeat IPC: 0.4172 cumulative IPC: 0.4099 (Simulation time: 00 hr 52 min 16 sec)
Heartbeat CPU 0 instructions: 180000000 cycles: 356675890 heartbeat IPC: 0.4124 cumulative IPC: 0.4101 (Simulation time: 00 hr 56 min 00 sec)
Heartbeat CPU 0 instructions: 190000003 cycles: 381110834 heartbeat IPC: 0.4093 cumulative IPC: 0.41 (Simulation time: 00 hr 59 min 32 sec)
Heartbeat CPU 0 instructions: 200000001 cycles: 405343679 heartbeat IPC: 0.4127 cumulative IPC: 0.4102 (Simulation time: 01 hr 02 min 47 sec)
Heartbeat CPU 0 instructions: 210000004 cycles: 429612433 heartbeat IPC: 0.4121 cumulative IPC: 0.4103 (Simulation time: 01 hr 06 min 06 sec)
Heartbeat CPU 0 instructions: 220000004 cycles: 453850066 heartbeat IPC: 0.4126 cumulative IPC: 0.4104 (Simulation time: 01 hr 09 min 30 sec)
Heartbeat CPU 0 instructions: 230000004 cycles: 477842621 heartbeat IPC: 0.4168 cumulative IPC: 0.4108 (Simulation time: 01 hr 12 min 46 sec)
Heartbeat CPU 0 instructions: 240000001 cycles: 502203094 heartbeat IPC: 0.4105 cumulative IPC: 0.4108 (Simulation time: 01 hr 16 min 20 sec)
Heartbeat CPU 0 instructions: 250000000 cycles: 526604297 heartbeat IPC: 0.4098 cumulative IPC: 0.4107 (Simulation time: 01 hr 19 min 36 sec)
Simulation finished CPU 0 instructions: 200000002 cycles: 486955501 cumulative IPC: 0.4107 (Simulation time: 01 hr 19 min 36 sec)
Simulation complete CPU 0 instructions: 200000002 cycles: 486955501 cumulative IPC: 0.4107 (Simulation time: 01 hr 19 min 36 sec)

ChampSim completed all CPUs

=== Simulation ===
CPU 0 runs /home/user/nncpu_campaign/traces/620.omnetpp_s-874B.champsimtrace.xz

Region of Interest Statistics

CPU 0 cumulative IPC: 0.4107 instructions: 200000002 cycles: 486955501
CPU 0 Branch Prediction Accuracy: 96.19% MPKI: 7.932 Average ROB Occupancy at Mispredict: 65.17
Branch type MPKI
BRANCH_DIRECT_JUMP: 0.9232
BRANCH_INDIRECT: 0.1267
BRANCH_CONDITIONAL: 5.751
BRANCH_DIRECT_CALL: 0.000125
BRANCH_INDIRECT_CALL: 0.7329
BRANCH_RETURN: 0.3971

cpu0->LLC TOTAL        ACCESS:    4218610 HIT:    2230431 MISS:    1988179 MISS_MERGE:          0
cpu0->LLC LOAD         ACCESS:    2191193 HIT:     522059 MISS:    1669134 MISS_MERGE:          0
cpu0->LLC RFO          ACCESS:     339735 HIT:     165611 MISS:     174124 MISS_MERGE:          0
cpu0->LLC PREFETCH     ACCESS:          0 HIT:          0 MISS:          0 MISS_MERGE:          0
cpu0->LLC WRITE        ACCESS:    1261506 HIT:    1257228 MISS:       4278 MISS_MERGE:          0
cpu0->LLC TRANSLATION  ACCESS:     426176 HIT:     285533 MISS:     140643 MISS_MERGE:          0
cpu0->LLC PREFETCH REQUESTED:          0 ISSUED:          0 USEFUL:          0 USELESS:          0
cpu0->LLC AVERAGE MISS LATENCY: 187.5 cycles
cpu0->cpu0_DTLB TOTAL        ACCESS:   85857538 HIT:   80707145 MISS:    5150393 MISS_MERGE:    1337267
cpu0->cpu0_DTLB LOAD         ACCESS:   85857538 HIT:   80707145 MISS:    5150393 MISS_MERGE:    1337267
cpu0->cpu0_DTLB RFO          ACCESS:          0 HIT:          0 MISS:          0 MISS_MERGE:          0
cpu0->cpu0_DTLB PREFETCH     ACCESS:          0 HIT:          0 MISS:          0 MISS_MERGE:          0
cpu0->cpu0_DTLB WRITE        ACCESS:          0 HIT:          0 MISS:          0 MISS_MERGE:          0
cpu0->cpu0_DTLB TRANSLATION  ACCESS:          0 HIT:          0 MISS:          0 MISS_MERGE:          0
cpu0->cpu0_DTLB PREFETCH REQUESTED:          0 ISSUED:          0 USEFUL:          0 USELESS:          0
cpu0->cpu0_DTLB AVERAGE MISS LATENCY: 16.52 cycles
cpu0->cpu0_ITLB TOTAL        ACCESS:   34427055 HIT:   33861010 MISS:     566045 MISS_MERGE:     248727
cpu0->cpu0_ITLB LOAD         ACCESS:   34427055 HIT:   33861010 MISS:     566045 MISS_MERGE:     248727
cpu0->cpu0_ITLB RFO          ACCESS:          0 HIT:          0 MISS:          0 MISS_MERGE:          0
cpu0->cpu0_ITLB PREFETCH     ACCESS:          0 HIT:          0 MISS:          0 MISS_MERGE:          0
cpu0->cpu0_ITLB WRITE        ACCESS:          0 HIT:          0 MISS:          0 MISS_MERGE:          0
cpu0->cpu0_ITLB TRANSLATION  ACCESS:          0 HIT:          0 MISS:          0 MISS_MERGE:          0
cpu0->cpu0_ITLB PREFETCH REQUESTED:          0 ISSUED:          0 USEFUL:          0 USELESS:          0
cpu0->cpu0_ITLB AVERAGE MISS LATENCY: 4.353 cycles
cpu0->cpu0_L1D TOTAL        ACCESS:   87453636 HIT:   80961393 MISS:    6492243 MISS_MERGE:    2589981
cpu0->cpu0_L1D LOAD         ACCESS:   48739210 HIT:   43946442 MISS:    4792768 MISS_MERGE:    1919390
cpu0->cpu0_L1D RFO          ACCESS:          0 HIT:          0 MISS:          0 MISS_MERGE:          0
cpu0->cpu0_L1D PREFETCH     ACCESS:          0 HIT:          0 MISS:          0 MISS_MERGE:          0
cpu0->cpu0_L1D WRITE        ACCESS:   37118327 HIT:   35976715 MISS:    1141612 MISS_MERGE:     669812
cpu0->cpu0_L1D TRANSLATION  ACCESS:    1596099 HIT:    1038236 MISS:     557863 MISS_MERGE:        779
cpu0->cpu0_L1D PREFETCH REQUESTED:          0 ISSUED:          0 USEFUL:          0 USELESS:          0
cpu0->cpu0_L1D AVERAGE MISS LATENCY: 112.7 cycles
cpu0->cpu0_L1I TOTAL        ACCESS:   34427055 HIT:   34325738 MISS:     101317 MISS_MERGE:      22673
cpu0->cpu0_L1I LOAD         ACCESS:   34427055 HIT:   34325738 MISS:     101317 MISS_MERGE:      22673
cpu0->cpu0_L1I RFO          ACCESS:          0 HIT:          0 MISS:          0 MISS_MERGE:          0
cpu0->cpu0_L1I PREFETCH     ACCESS:          0 HIT:          0 MISS:          0 MISS_MERGE:          0
cpu0->cpu0_L1I WRITE        ACCESS:          0 HIT:          0 MISS:          0 MISS_MERGE:          0
cpu0->cpu0_L1I TRANSLATION  ACCESS:          0 HIT:          0 MISS:          0 MISS_MERGE:          0
cpu0->cpu0_L1I PREFETCH REQUESTED:          0 ISSUED:          0 USEFUL:          0 USELESS:          0
cpu0->cpu0_L1I AVERAGE MISS LATENCY: 16.38 cycles
cpu0->cpu0_L2C TOTAL        ACCESS:    5669300 HIT:    2706500 MISS:    2962800 MISS_MERGE:          4
cpu0->cpu0_L2C LOAD         ACCESS:    2952022 HIT:     760829 MISS:    2191193 MISS_MERGE:          0
cpu0->cpu0_L2C RFO          ACCESS:     471800 HIT:     132061 MISS:     339739 MISS_MERGE:          4
cpu0->cpu0_L2C PREFETCH     ACCESS:          0 HIT:          0 MISS:          0 MISS_MERGE:          0
cpu0->cpu0_L2C WRITE        ACCESS:    1688394 HIT:    1682702 MISS:       5692 MISS_MERGE:          0
cpu0->cpu0_L2C TRANSLATION  ACCESS:     557084 HIT:     130908 MISS:     426176 MISS_MERGE:          0
cpu0->cpu0_L2C PREFETCH REQUESTED:          0 ISSUED:          0 USEFUL:          0 USELESS:          0
cpu0->cpu0_L2C AVERAGE MISS LATENCY: 138.4 cycles
cpu0->cpu0_STLB TOTAL        ACCESS:    4130444 HIT:    3466751 MISS:     663693 MISS_MERGE:          0
cpu0->cpu0_STLB LOAD         ACCESS:    4130444 HIT:    3466751 MISS:     663693 MISS_MERGE:          0
cpu0->cpu0_STLB RFO          ACCESS:          0 HIT:          0 MISS:          0 MISS_MERGE:          0
cpu0->cpu0_STLB PREFETCH     ACCESS:          0 HIT:          0 MISS:          0 MISS_MERGE:          0
cpu0->cpu0_STLB WRITE        ACCESS:          0 HIT:          0 MISS:          0 MISS_MERGE:          0
cpu0->cpu0_STLB TRANSLATION  ACCESS:          0 HIT:          0 MISS:          0 MISS_MERGE:          0
cpu0->cpu0_STLB PREFETCH REQUESTED:          0 ISSUED:          0 USEFUL:          0 USELESS:          0
cpu0->cpu0_STLB AVERAGE MISS LATENCY: 71.09 cycles

DRAM Statistics

Channel 0 RQ ROW_BUFFER_HIT:      13739
  ROW_BUFFER_MISS:    1970147
  AVG DBUS CONGESTED CYCLE: 19.39
Channel 0 WQ ROW_BUFFER_HIT:     277169
  ROW_BUFFER_MISS:     596957
  FULL:          0
Channel 0 REFRESHES ISSUED:      40579
