[DEFAULT] LLC: frequency=4000 (inherited from max core frequency)
[DEFAULT] LLC: hit_latency=7, fill_latency=8 (derived from sets=2048, ways=16)
[DEFAULT] LLC: max_tag_bandwidth=4 (derived from sets=2048)
[DEFAULT] LLC: max_fill_bandwidth=4 (derived from sets=2048)
[DEFAULT] LLC: mshr_size=4096 (derived from sets=2048, fill_latency=8, fill_bw=4)
[DEFAULT] cpu0_DTLB: hit_latency=1, fill_latency=1 (derived from sets=16, ways=4)
[DEFAULT] cpu0_DTLB: max_tag_bandwidth=1 (derived from sets=16)
[DEFAULT] cpu0_DTLB: max_fill_bandwidth=1 (derived from sets=16)
[DEFAULT] cpu0_ITLB: hit_latency=1, fill_latency=1 (derived from sets=16, ways=4)
[DEFAULT] cpu0_ITLB: max_tag_bandwidth=1 (derived from sets=16)
[DEFAULT] cpu0_ITLB: max_fill_bandwidth=1 (derived from sets=16)
[DEFAULT] cpu0_ITLB: mshr_size=1 (derived from sets=16, fill_latency=1, fill_bw=1)
[DEFAULT] cpu0_L1D: num_sets=128 (scaled from base=64 x 2 upper levels)
[DEFAULT] cpu0_L1D: hit_latency=2, fill_latency=3 (derived from sets=128, ways=12)
[DEFAULT] cpu0_L1D: max_tag_bandwidth=1 (derived from sets=128)
[DEFAULT] cpu0_L1D: max_fill_bandwidth=1 (derived from sets=128)
[DEFAULT] cpu0_L1D: mshr_size=24 (derived from sets=128, fill_latency=3, fill_bw=1)
[DEFAULT] cpu0_L1I: hit_latency=2, fill_latency=2 (derived from sets=64, ways=8)
[DEFAULT] cpu0_L1I: max_tag_bandwidth=1 (derived from sets=64)
[DEFAULT] cpu0_L1I: max_fill_bandwidth=1 (derived from sets=64)
[DEFAULT] cpu0_L1I: mshr_size=8 (derived from sets=64, fill_latency=2, fill_bw=1)
[DEFAULT] cpu0_L2C: num_sets=1024 (scaled from base=512 x 2 upper levels)
[DEFAULT] cpu0_L2C: hit_latency=4, fill_latency=5 (derived from sets=1024, ways=8)
[DEFAULT] cpu0_L2C: max_tag_bandwidth=2 (derived from sets=1024)
[DEFAULT] cpu0_L2C: max_fill_bandwidth=2 (derived from sets=1024)
[DEFAULT] cpu0_L2C: mshr_size=640 (derived from sets=1024, fill_latency=5, fill_bw=2)
[DEFAULT] cpu0_STLB: num_sets=256 (scaled from base=64 x 3 upper levels)
[DEFAULT] cpu0_STLB: hit_latency=3, fill_latency=4 (derived from sets=256, ways=12)
[DEFAULT] cpu0_STLB: max_tag_bandwidth=1 (derived from sets=256)
[DEFAULT] cpu0_STLB: max_fill_bandwidth=1 (derived from sets=256)
[DEFAULT] cpu0_STLB: mshr_size=64 (derived from sets=256, fill_latency=4, fill_bw=1)
[VMEM] WARNING: physical memory size is smaller than virtual memory size.

*** ChampSim Multicore Out-of-Order Simulator ***
Warmup Instructions: 50000000
Simulation Instructions: 200000000
Number of CPUs: 1
Page size: 4096

Off-chip DRAM Size: 16 GiB Channels: 1 Width: 64-bit Data Rate: 3205 MT/s
Heartbeat CPU 0 instructions: 10000002 cycles: 5249181 heartbeat IPC: 1.905 cumulative IPC: 1.905 (Simulation time: 00 hr 01 min 31 sec)
Heartbeat CPU 0 instructions: 20000003 cycles: 10297985 heartbeat IPC: 1.981 cumulative IPC: 1.942 (Simulation time: 00 hr 02 min 56 sec)
Heartbeat CPU 0 instructions: 30000004 cycles: 15301552 heartbeat IPC: 1.999 cumulative IPC: 1.961 (Simulation time: 00 hr 04 min 23 sec)
Heartbeat CPU 0 instructions: 40000004 cycles: 20350154 heartbeat IPC: 1.981 cumulative IPC: 1.966 (Simulation time: 00 hr 05 min 46 sec)
Heartbeat CPU 0 instructions: 50000003 cycles: 25333878 heartbeat IPC: 2.007 cumulative IPC: 1.974 (Simulation time: 00 hr 07 min 09 sec)
Warmup finished CPU 0 instructions: 50000003 cycles: 25333878 cumulative IPC: 1.974 (Simulation time: 00 hr 07 min 09 sec)
Warmup complete CPU 0 instructions: 50000003 cycles: 25333878 cumulative IPC: 1.974 (Simulation time: 00 hr 07 min 09 sec)
Heartbeat CPU 0 instructions: 60000004 cycles: 52198707 heartbeat IPC: 0.3722 cumulative IPC: 0.3722 (Simulation time: 00 hr 10 min 12 sec)
Heartbeat CPU 0 instructions: 70000000 cycles: 78546434 heartbeat IPC: 0.3795 cumulative IPC: 0.3759 (Simulation time: 00 hr 13 min 04 sec)
Heartbeat CPU 0 instructions: 80000000 cycles: 105250884 heartbeat IPC: 0.3745 cumulative IPC: 0.3754 (Simulation time: 00 hr 15 min 48 sec)
Heartbeat CPU 0 instructions: 90000004 cycles: 132345971 heartbeat IPC: 0.3691 cumulative IPC: 0.3738 (Simulation time: 00 hr 18 min 40 sec)
Heartbeat CPU 0 instructions: 100000000 cycles: 155451902 heartbeat IPC: 0.4328 cumulative IPC: 0.3843 (Simulation time: 00 hr 21 min 16 sec)
Heartbeat CPU 0 instructions: 110000000 cycles: 178657375 heartbeat IPC: 0.4309 cumulative IPC: 0.3913 (Simulation time: 00 hr 23 min 55 sec)
Heartbeat CPU 0 instructions: 120000003 cycles: 201582876 heartbeat IPC: 0.4362 cumulative IPC: 0.3972 (Simulation time: 00 hr 26 min 28 sec)
Heartbeat CPU 0 instructions: 130000000 cycles: 224443018 heartbeat IPC: 0.4374 cumulative IPC: 0.4018 (Simulation time: 00 hr 29 min 23 sec)
Heartbeat CPU 0 instructions: 140000002 cycles: 247961557 heartbeat IPC: 0.4252 cumulative IPC: 0.4043 (Simulation time: 00 hr 32 min 23 sec)
Heartbeat CPU 0 instructions: 150000000 cycles: 271015085 heartbeat IPC: 0.4338 cumulative IPC: 0.407 (Simulation time: 00 hr 34 min 50 sec)
Heartbeat CPU 0 instructions: 160000003 cycles: 293721105 heartbeat IPC: 0.4404 cumulative IPC: 0.4099 (Simulation time: 00 hr 37 min 22 sec)
Heartbeat CPU 0 instructions: 170000000 cycles: 316974237 heartbeat IPC: 0.43 cumulative IPC: 0.4115 (Simulation time: 00 hr 39 min 57 sec)
Heartbeat CPU 0 instructions: 180000001 cycles: 339571167 heartbeat IPC: 0.4425 cumulative IPC: 0.4137 (Simulation time: 00 hr 42 min 24 sec)
Heartbeat CPU 0 instructions: 190000002 cycles: 362693079 heartbeat IPC: 0.4325 cumulative IPC: 0.415 (Simulation time: 00 hr 44 min 54 sec)
Heartbeat CPU 0 instructions: 200000000 cycles: 385942556 heartbeat IPC: 0.4301 cumulative IPC: 0.416 (Simulation time: 00 hr 47 min 41 sec)
Heartbeat CPU 0 instructions: 210000004 cycles: 409098080 heartbeat IPC: 0.4319 cumulative IPC: 0.4169 (Simulation time: 00 hr 50 min 17 sec)
Heartbeat CPU 0 instructions: 220000004 cycles: 431736270 heartbeat IPC: 0.4417 cumulative IPC: 0.4183 (Simulation time: 00 hr 52 min 46 sec)
Heartbeat CPU 0 instructions: 230000000 cycles: 455532731 heartbeat IPC: 0.4202 cumulative IPC: 0.4184 (Simulation time: 00 hr 55 min 25 sec)
Heartbeat CPU 0 instructions: 240000000 cycles: 477382013 heartbeat IPC: 0.4577 cumulative IPC: 0.4203 (Simulation time: 00 hr 58 min 17 sec)
Heartbeat CPU 0 instructions: 250000000 cycles: 499779867 heartbeat IPC: 0.4465 cumulative IPC: 0.4215 (Simulation time: 01 hr 00 min 55 sec)
Simulation finished CPU 0 instructions: 200000001 cycles: 474445990 cumulative IPC: 0.4215 (Simulation time: 01 hr 00 min 55 sec)
Simulation complete CPU 0 instructions: 200000001 cycles: 474445990 cumulative IPC: 0.4215 (Simulation time: 01 hr 00 min 55 sec)

ChampSim completed all CPUs

=== Simulation ===
CPU 0 runs /home/user/nncpu_campaign/traces/605.mcf_s-665B.champsimtrace.xz

Region of Interest Statistics

CPU 0 cumulative IPC: 0.4215 instructions: 200000001 cycles: 474445990
CPU 0 Branch Prediction Accuracy: 91.26% MPKI: 21.63 Average ROB Occupancy at Mispredict: 26.87
Branch type MPKI
BRANCH_DIRECT_JUMP: 0.2537
BRANCH_INDIRECT: 0
BRANCH_CONDITIONAL: 21.37
BRANCH_DIRECT_CALL: 0
BRANCH_INDIRECT_CALL: 0.000705
BRANCH_RETURN: 0

cpu0->LLC TOTAL        ACCESS:    4933338 HIT:    2891519 MISS:    2041819 MISS_MERGE:          0
cpu0->LLC LOAD         ACCESS:    2756506 HIT:    2019721 MISS:     736785 MISS_MERGE:          0
cpu0->LLC RFO          ACCESS:     327325 HIT:     323675 MISS:       3650 MISS_MERGE:          0
cpu0->LLC PREFETCH     ACCESS:    1317997 HIT:      26590 MISS:    1291407 MISS_MERGE:          0
cpu0->LLC WRITE        ACCESS:     528071 HIT:     521476 MISS:       6595 MISS_MERGE:          0
cpu0->LLC TRANSLATION  ACCESS:       3439 HIT:         57 MISS:       3382 MISS_MERGE:          0
cpu0->LLC PREFETCH REQUESTED:          0 ISSUED:          0 USEFUL:          0 USELESS:          0
cpu0->LLC AVERAGE MISS LATENCY: 197.5 cycles
cpu0->cpu0_DTLB TOTAL        ACCESS:   86722517 HIT:   82840920 MISS:    3881597 MISS_MERGE:     885872
cpu0->cpu0_DTLB LOAD         ACCESS:   86722517 HIT:   82840920 MISS:    3881597 MISS_MERGE:     885872
cpu0->cpu0_DTLB RFO          ACCESS:          0 HIT:          0 MISS:          0 MISS_MERGE:          0
cpu0->cpu0_DTLB PREFETCH     ACCESS:          0 HIT:          0 MISS:          0 MISS_MERGE:          0
cpu0->cpu0_DTLB WRITE        ACCESS:          0 HIT:          0 MISS:          0 MISS_MERGE:          0
cpu0->cpu0_DTLB TRANSLATION  ACCESS:          0 HIT:          0 MISS:          0 MISS_MERGE:          0
cpu0->cpu0_DTLB PREFETCH REQUESTED:          0 ISSUED:          0 USEFUL:          0 USELESS:          0
cpu0->cpu0_DTLB AVERAGE MISS LATENCY: 10.31 cycles
cpu0->cpu0_ITLB TOTAL        ACCESS:     761087 HIT:     761087 MISS:          0 MISS_MERGE:          0
cpu0->cpu0_ITLB LOAD         ACCESS:     761087 HIT:     761087 MISS:          0 MISS_MERGE:          0
cpu0->cpu0_ITLB RFO          ACCESS:          0 HIT:          0 MISS:          0 MISS_MERGE:          0
cpu0->cpu0_ITLB PREFETCH     ACCESS:          0 HIT:          0 MISS:          0 MISS_MERGE:          0
cpu0->cpu0_ITLB WRITE        ACCESS:          0 HIT:          0 MISS:          0 MISS_MERGE:          0
cpu0->cpu0_ITLB TRANSLATION  ACCESS:          0 HIT:          0 MISS:          0 MISS_MERGE:          0
cpu0->cpu0_ITLB PREFETCH REQUESTED:          0 ISSUED:          0 USEFUL:          0 USELESS:          0
cpu0->cpu0_ITLB AVERAGE MISS LATENCY: - cycles
cpu0->cpu0_L1D TOTAL        ACCESS:   95163346 HIT:   83768309 MISS:   11395037 MISS_MERGE:    5281953
cpu0->cpu0_L1D LOAD         ACCESS:   63048134 HIT:   57722080 MISS:    5326054 MISS_MERGE:    1242403
cpu0->cpu0_L1D RFO          ACCESS:          0 HIT:          0 MISS:          0 MISS_MERGE:          0
cpu0->cpu0_L1D PREFETCH     ACCESS:    8395994 HIT:    4153116 MISS:    4242878 MISS_MERGE:    2903565
cpu0->cpu0_L1D WRITE        ACCESS:   23674382 HIT:   21851964 MISS:    1822418 MISS_MERGE:    1135985
cpu0->cpu0_L1D TRANSLATION  ACCESS:      44836 HIT:      41149 MISS:       3687 MISS_MERGE:          0
cpu0->cpu0_L1D PREFETCH REQUESTED:   10782358 ISSUED:    8395986 USEFUL:    1320943 USELESS:      18366
cpu0->cpu0_L1D AVERAGE MISS LATENCY: 47.25 cycles
cpu0->cpu0_L1I TOTAL        ACCESS:     761087 HIT:     761085 MISS:          2 MISS_MERGE:          0
cpu0->cpu0_L1I LOAD         ACCESS:     761087 HIT:     761085 MISS:          2 MISS_MERGE:          0
cpu0->cpu0_L1I RFO          ACCESS:          0 HIT:          0 MISS:          0 MISS_MERGE:          0
cpu0->cpu0_L1I PREFETCH     ACCESS:          0 HIT:          0 MISS:          0 MISS_MERGE:          0
cpu0->cpu0_L1I WRITE        ACCESS:          0 HIT:          0 MISS:          0 MISS_MERGE:          0
cpu0->cpu0_L1I TRANSLATION  ACCESS:          0 HIT:          0 MISS:          0 MISS_MERGE:          0
cpu0->cpu0_L1I PREFETCH REQUESTED:          0 ISSUED:          0 USEFUL:          0 USELESS:          0
cpu0->cpu0_L1I AVERAGE MISS LATENCY: 159 cycles
cpu0->cpu0_L2C TOTAL        ACCESS:    7039800 HIT:    2633016 MISS:    4406784 MISS_MERGE:          0
cpu0->cpu0_L2C LOAD         ACCESS:    4083653 HIT:    1327147 MISS:    2756506 MISS_MERGE:          0
cpu0->cpu0_L2C RFO          ACCESS:     686433 HIT:     359108 MISS:     327325 MISS_MERGE:          0
cpu0->cpu0_L2C PREFETCH     ACCESS:    1339313 HIT:      21316 MISS:    1317997 MISS_MERGE:          0
cpu0->cpu0_L2C WRITE        ACCESS:     926714 HIT:     925197 MISS:       1517 MISS_MERGE:          0
cpu0->cpu0_L2C TRANSLATION  ACCESS:       3687 HIT:        248 MISS:       3439 MISS_MERGE:          0
cpu0->cpu0_L2C PREFETCH REQUESTED:          0 ISSUED:          0 USEFUL:          0 USELESS:          0
cpu0->cpu0_L2C AVERAGE MISS LATENCY: 60.2 cycles
cpu0->cpu0_STLB TOTAL        ACCESS:    2995725 HIT:    2973444 MISS:      22281 MISS_MERGE:          0
cpu0->cpu0_STLB LOAD         ACCESS:    2995725 HIT:    2973444 MISS:      22281 MISS_MERGE:          0
cpu0->cpu0_STLB RFO          ACCESS:          0 HIT:          0 MISS:          0 MISS_MERGE:          0
cpu0->cpu0_STLB PREFETCH     ACCESS:          0 HIT:          0 MISS:          0 MISS_MERGE:          0
cpu0->cpu0_STLB WRITE        ACCESS:          0 HIT:          0 MISS:          0 MISS_MERGE:          0
cpu0->cpu0_STLB TRANSLATION  ACCESS:          0 HIT:          0 MISS:          0 MISS_MERGE:          0
cpu0->cpu0_STLB PREFETCH REQUESTED:          0 ISSUED:          0 USEFUL:          0 USELESS:          0
cpu0->cpu0_STLB AVERAGE MISS LATENCY: 847.4 cycles

DRAM Statistics

Channel 0 RQ ROW_BUFFER_HIT:     265242
  ROW_BUFFER_MISS:    1769883
  AVG DBUS CONGESTED CYCLE: 20.04
Channel 0 WQ ROW_BUFFER_HIT:       7888
  ROW_BUFFER_MISS:      27732
  FULL:          0
Channel 0 REFRESHES ISSUED:      39537
NNCPU_REGULARITY roi_decisions=63048134 roi_suppressed=0 roi_issued=8395986 gate_enabled=false window=16 support_percent=35 degree=3
