[DEFAULT] LLC: frequency=4000 (inherited from max core frequency)
[DEFAULT] LLC: hit_latency=7, fill_latency=8 (derived from sets=2048, ways=16)
[DEFAULT] LLC: max_tag_bandwidth=4 (derived from sets=2048)
[DEFAULT] LLC: max_fill_bandwidth=4 (derived from sets=2048)
[DEFAULT] LLC: mshr_size=4096 (derived from sets=2048, fill_latency=8, fill_bw=4)
[DEFAULT] cpu0_DTLB: hit_latency=1, fill_latency=1 (derived from sets=16, ways=4)
[DEFAULT] cpu0_DTLB: max_tag_bandwidth=1 (derived from sets=16)
[DEFAULT] cpu0_DTLB: max_fill_bandwidth=1 (derived from sets=16)
[DEFAULT] cpu0_ITLB: hit_latency=1, fill_latency=1 (derived from sets=16, ways=4)
[DEFAULT] cpu0_ITLB: max_tag_bandwidth=1 (derived from sets=16)
[DEFAULT] cpu0_ITLB: max_fill_bandwidth=1 (derived from sets=16)
[DEFAULT] cpu0_ITLB: mshr_size=1 (derived from sets=16, fill_latency=1, fill_bw=1)
[DEFAULT] cpu0_L1D: num_sets=128 (scaled from base=64 x 2 upper levels)
[DEFAULT] cpu0_L1D: hit_latency=2, fill_latency=3 (derived from sets=128, ways=12)
[DEFAULT] cpu0_L1D: max_tag_bandwidth=1 (derived from sets=128)
[DEFAULT] cpu0_L1D: max_fill_bandwidth=1 (derived from sets=128)
[DEFAULT] cpu0_L1D: mshr_size=24 (derived from sets=128, fill_latency=3, fill_bw=1)
[DEFAULT] cpu0_L1I: hit_latency=2, fill_latency=2 (derived from sets=64, ways=8)
[DEFAULT] cpu0_L1I: max_tag_bandwidth=1 (derived from sets=64)
[DEFAULT] cpu0_L1I: max_fill_bandwidth=1 (derived from sets=64)
[DEFAULT] cpu0_L1I: mshr_size=8 (derived from sets=64, fill_latency=2, fill_bw=1)
[DEFAULT] cpu0_L2C: num_sets=1024 (scaled from base=512 x 2 upper levels)
[DEFAULT] cpu0_L2C: hit_latency=4, fill_latency=5 (derived from sets=1024, ways=8)
[DEFAULT] cpu0_L2C: max_tag_bandwidth=2 (derived from sets=1024)
[DEFAULT] cpu0_L2C: max_fill_bandwidth=2 (derived from sets=1024)
[DEFAULT] cpu0_L2C: mshr_size=640 (derived from sets=1024, fill_latency=5, fill_bw=2)
[DEFAULT] cpu0_STLB: num_sets=256 (scaled from base=64 x 3 upper levels)
[DEFAULT] cpu0_STLB: hit_latency=3, fill_latency=4 (derived from sets=256, ways=12)
[DEFAULT] cpu0_STLB: max_tag_bandwidth=1 (derived from sets=256)
[DEFAULT] cpu0_STLB: max_fill_bandwidth=1 (derived from sets=256)
[DEFAULT] cpu0_STLB: mshr_size=64 (derived from sets=256, fill_latency=4, fill_bw=1)
[VMEM] WARNING: physical memory size is smaller than virtual memory size.

*** ChampSim Multicore Out-of-Order Simulator ***
Warmup Instructions: 50000000
Simulation Instructions: 200000000
Number of CPUs: 1
Page size: 4096

Off-chip DRAM Size: 16 GiB Channels: 1 Width: 64-bit Data Rate: 3205 MT/s
Heartbeat CPU 0 instructions: 10000002 cycles: 5249678 heartbeat IPC: 1.905 cumulative IPC: 1.905 (Simulation time: 00 hr 01 min 26 sec)
Heartbeat CPU 0 instructions: 20000003 cycles: 10298956 heartbeat IPC: 1.98 cumulative IPC: 1.942 (Simulation time: 00 hr 02 min 53 sec)
Heartbeat CPU 0 instructions: 30000004 cycles: 15301462 heartbeat IPC: 1.999 cumulative IPC: 1.961 (Simulation time: 00 hr 04 min 15 sec)
Heartbeat CPU 0 instructions: 40000004 cycles: 20349212 heartbeat IPC: 1.981 cumulative IPC: 1.966 (Simulation time: 00 hr 05 min 36 sec)
Heartbeat CPU 0 instructions: 50000001 cycles: 25331738 heartbeat IPC: 2.007 cumulative IPC: 1.974 (Simulation time: 00 hr 06 min 52 sec)
Warmup finished CPU 0 instructions: 50000001 cycles: 25331738 cumulative IPC: 1.974 (Simulation time: 00 hr 06 min 52 sec)
Warmup complete CPU 0 instructions: 50000001 cycles: 25331738 cumulative IPC: 1.974 (Simulation time: 00 hr 06 min 52 sec)
Heartbeat CPU 0 instructions: 60000004 cycles: 53207874 heartbeat IPC: 0.3587 cumulative IPC: 0.3587 (Simulation time: 00 hr 09 min 58 sec)
Heartbeat CPU 0 instructions: 70000000 cycles: 80493824 heartbeat IPC: 0.3665 cumulative IPC: 0.3626 (Simulation time: 00 hr 13 min 19 sec)
Heartbeat CPU 0 instructions: 80000000 cycles: 108202802 heartbeat IPC: 0.3609 cumulative IPC: 0.362 (Simulation time: 00 hr 16 min 42 sec)
Heartbeat CPU 0 instructions: 90000004 cycles: 136208479 heartbeat IPC: 0.3571 cumulative IPC: 0.3608 (Simulation time: 00 hr 20 min 02 sec)
Heartbeat CPU 0 instructions: 100000000 cycles: 160011392 heartbeat IPC: 0.4201 cumulative IPC: 0.3713 (Simulation time: 00 hr 23 min 08 sec)
Heartbeat CPU 0 instructions: 110000000 cycles: 183902164 heartbeat IPC: 0.4186 cumulative IPC: 0.3784 (Simulation time: 00 hr 26 min 16 sec)
Heartbeat CPU 0 instructions: 120000003 cycles: 207526802 heartbeat IPC: 0.4233 cumulative IPC: 0.3842 (Simulation time: 00 hr 28 min 45 sec)
Heartbeat CPU 0 instructions: 130000000 cycles: 231024737 heartbeat IPC: 0.4256 cumulative IPC: 0.3889 (Simulation time: 00 hr 31 min 16 sec)
Heartbeat CPU 0 instructions: 140000002 cycles: 255230895 heartbeat IPC: 0.4131 cumulative IPC: 0.3915 (Simulation time: 00 hr 34 min 00 sec)
Heartbeat CPU 0 instructions: 150000000 cycles: 278962786 heartbeat IPC: 0.4214 cumulative IPC: 0.3943 (Simulation time: 00 hr 36 min 41 sec)
Heartbeat CPU 0 instructions: 160000003 cycles: 302266497 heartbeat IPC: 0.4291 cumulative IPC: 0.3972 (Simulation time: 00 hr 39 min 17 sec)
Heartbeat CPU 0 instructions: 170000000 cycles: 326202915 heartbeat IPC: 0.4178 cumulative IPC: 0.3988 (Simulation time: 00 hr 42 min 08 sec)
Heartbeat CPU 0 instructions: 180000001 cycles: 349417744 heartbeat IPC: 0.4308 cumulative IPC: 0.4011 (Simulation time: 00 hr 44 min 42 sec)
Heartbeat CPU 0 instructions: 190000002 cycles: 373202548 heartbeat IPC: 0.4204 cumulative IPC: 0.4024 (Simulation time: 00 hr 47 min 25 sec)
Heartbeat CPU 0 instructions: 200000000 cycles: 397116826 heartbeat IPC: 0.4182 cumulative IPC: 0.4035 (Simulation time: 00 hr 50 min 14 sec)
Heartbeat CPU 0 instructions: 210000004 cycles: 420950923 heartbeat IPC: 0.4196 cumulative IPC: 0.4044 (Simulation time: 00 hr 52 min 56 sec)
Heartbeat CPU 0 instructions: 220000004 cycles: 444184367 heartbeat IPC: 0.4304 cumulative IPC: 0.4059 (Simulation time: 00 hr 55 min 21 sec)
Heartbeat CPU 0 instructions: 230000000 cycles: 468665211 heartbeat IPC: 0.4085 cumulative IPC: 0.406 (Simulation time: 00 hr 58 min 26 sec)
Heartbeat CPU 0 instructions: 240000000 cycles: 491087054 heartbeat IPC: 0.446 cumulative IPC: 0.4079 (Simulation time: 01 hr 01 min 05 sec)
Heartbeat CPU 0 instructions: 250000000 cycles: 514058209 heartbeat IPC: 0.4353 cumulative IPC: 0.4092 (Simulation time: 01 hr 03 min 39 sec)
Simulation finished CPU 0 instructions: 200000003 cycles: 488726472 cumulative IPC: 0.4092 (Simulation time: 01 hr 03 min 39 sec)
Simulation complete CPU 0 instructions: 200000003 cycles: 488726472 cumulative IPC: 0.4092 (Simulation time: 01 hr 03 min 39 sec)

ChampSim completed all CPUs

=== Simulation ===
CPU 0 runs /home/user/nncpu_campaign/traces/605.mcf_s-665B.champsimtrace.xz

Region of Interest Statistics

CPU 0 cumulative IPC: 0.4092 instructions: 200000003 cycles: 488726472
CPU 0 Branch Prediction Accuracy: 91.26% MPKI: 21.63 Average ROB Occupancy at Mispredict: 26.86
Branch type MPKI
BRANCH_DIRECT_JUMP: 0.2537
BRANCH_INDIRECT: 0
BRANCH_CONDITIONAL: 21.37
BRANCH_DIRECT_CALL: 0
BRANCH_INDIRECT_CALL: 0.000705
BRANCH_RETURN: 0

cpu0->LLC TOTAL        ACCESS:    4926090 HIT:    2883271 MISS:    2042819 MISS_MERGE:          0
cpu0->LLC LOAD         ACCESS:    2861025 HIT:    2019505 MISS:     841520 MISS_MERGE:          0
cpu0->LLC RFO          ACCESS:     333224 HIT:     329561 MISS:       3663 MISS_MERGE:          0
cpu0->LLC PREFETCH     ACCESS:    1200886 HIT:      13294 MISS:    1187592 MISS_MERGE:          0
cpu0->LLC WRITE        ACCESS:     527510 HIT:     520848 MISS:       6662 MISS_MERGE:          0
cpu0->LLC TRANSLATION  ACCESS:       3445 HIT:         63 MISS:       3382 MISS_MERGE:          0
cpu0->LLC PREFETCH REQUESTED:          0 ISSUED:          0 USEFUL:          0 USELESS:          0
cpu0->LLC AVERAGE MISS LATENCY: 192 cycles
cpu0->cpu0_DTLB TOTAL        ACCESS:   86723837 HIT:   82842150 MISS:    3881687 MISS_MERGE:     885922
cpu0->cpu0_DTLB LOAD         ACCESS:   86723837 HIT:   82842150 MISS:    3881687 MISS_MERGE:     885922
cpu0->cpu0_DTLB RFO          ACCESS:          0 HIT:          0 MISS:          0 MISS_MERGE:          0
cpu0->cpu0_DTLB PREFETCH     ACCESS:          0 HIT:          0 MISS:          0 MISS_MERGE:          0
cpu0->cpu0_DTLB WRITE        ACCESS:          0 HIT:          0 MISS:          0 MISS_MERGE:          0
cpu0->cpu0_DTLB TRANSLATION  ACCESS:          0 HIT:          0 MISS:          0 MISS_MERGE:          0
cpu0->cpu0_DTLB PREFETCH REQUESTED:          0 ISSUED:          0 USEFUL:          0 USELESS:          0
cpu0->cpu0_DTLB AVERAGE MISS LATENCY: 10.31 cycles
cpu0->cpu0_ITLB TOTAL        ACCESS:     761711 HIT:     761711 MISS:          0 MISS_MERGE:          0
cpu0->cpu0_ITLB LOAD         ACCESS:     761711 HIT:     761711 MISS:          0 MISS_MERGE:          0
cpu0->cpu0_ITLB RFO          ACCESS:          0 HIT:          0 MISS:          0 MISS_MERGE:          0
cpu0->cpu0_ITLB PREFETCH     ACCESS:          0 HIT:          0 MISS:          0 MISS_MERGE:          0
cpu0->cpu0_ITLB WRITE        ACCESS:          0 HIT:          0 MISS:          0 MISS_MERGE:          0
cpu0->cpu0_ITLB TRANSLATION  ACCESS:          0 HIT:          0 MISS:          0 MISS_MERGE:          0
cpu0->cpu0_ITLB PREFETCH REQUESTED:          0 ISSUED:          0 USEFUL:          0 USELESS:          0
cpu0->cpu0_ITLB AVERAGE MISS LATENCY: - cycles
cpu0->cpu0_L1D TOTAL        ACCESS:   92678957 HIT:   82092479 MISS:   10586478 MISS_MERGE:    4477529
cpu0->cpu0_L1D LOAD         ACCESS:   63049453 HIT:   57387638 MISS:    5661815 MISS_MERGE:    1453903
cpu0->cpu0_L1D RFO          ACCESS:          0 HIT:          0 MISS:          0 MISS_MERGE:          0
cpu0->cpu0_L1D PREFETCH     ACCESS:    5910285 HIT:    2827571 MISS:    3082714 MISS_MERGE:    1879319
cpu0->cpu0_L1D WRITE        ACCESS:   23674383 HIT:   21836121 MISS:    1838262 MISS_MERGE:    1144307
cpu0->cpu0_L1D TRANSLATION  ACCESS:      44836 HIT:      41149 MISS:       3687 MISS_MERGE:          0
cpu0->cpu0_L1D PREFETCH REQUESTED:    7199570 ISSUED:    5910285 USEFUL:    1189939 USELESS:      13456
cpu0->cpu0_L1D AVERAGE MISS LATENCY: 49.9 cycles
cpu0->cpu0_L1I TOTAL        ACCESS:     761711 HIT:     761709 MISS:          2 MISS_MERGE:          0
cpu0->cpu0_L1I LOAD         ACCESS:     761711 HIT:     761709 MISS:          2 MISS_MERGE:          0
cpu0->cpu0_L1I RFO          ACCESS:          0 HIT:          0 MISS:          0 MISS_MERGE:          0
cpu0->cpu0_L1I PREFETCH     ACCESS:          0 HIT:          0 MISS:          0 MISS_MERGE:          0
cpu0->cpu0_L1I WRITE        ACCESS:          0 HIT:          0 MISS:          0 MISS_MERGE:          0
cpu0->cpu0_L1I TRANSLATION  ACCESS:          0 HIT:          0 MISS:          0 MISS_MERGE:          0
cpu0->cpu0_L1I PREFETCH REQUESTED:          0 ISSUED:          0 USEFUL:          0 USELESS:          0
cpu0->cpu0_L1I AVERAGE MISS LATENCY: 218.5 cycles
cpu0->cpu0_L2C TOTAL        ACCESS:    7037825 HIT:    2637766 MISS:    4400059 MISS_MERGE:          0
cpu0->cpu0_L2C LOAD         ACCESS:    4207914 HIT:    1346889 MISS:    2861025 MISS_MERGE:          0
cpu0->cpu0_L2C RFO          ACCESS:     693955 HIT:     360731 MISS:     333224 MISS_MERGE:          0
cpu0->cpu0_L2C PREFETCH     ACCESS:    1203395 HIT:       2509 MISS:    1200886 MISS_MERGE:          0
cpu0->cpu0_L2C WRITE        ACCESS:     928874 HIT:     927395 MISS:       1479 MISS_MERGE:          0
cpu0->cpu0_L2C TRANSLATION  ACCESS:       3687 HIT:        242 MISS:       3445 MISS_MERGE:          0
cpu0->cpu0_L2C PREFETCH REQUESTED:          0 ISSUED:          0 USEFUL:          0 USELESS:          0
cpu0->cpu0_L2C AVERAGE MISS LATENCY: 63.58 cycles
cpu0->cpu0_STLB TOTAL        ACCESS:    2995765 HIT:    2973484 MISS:      22281 MISS_MERGE:          0
cpu0->cpu0_STLB LOAD         ACCESS:    2995765 HIT:    2973484 MISS:      22281 MISS_MERGE:          0
cpu0->cpu0_STLB RFO          ACCESS:          0 HIT:          0 MISS:          0 MISS_MERGE:          0
cpu0->cpu0_STLB PREFETCH     ACCESS:          0 HIT:          0 MISS:          0 MISS_MERGE:          0
cpu0->cpu0_STLB WRITE        ACCESS:          0 HIT:          0 MISS:          0 MISS_MERGE:          0
cpu0->cpu0_STLB TRANSLATION  ACCESS:          0 HIT:          0 MISS:          0 MISS_MERGE:          0
cpu0->cpu0_STLB PREFETCH REQUESTED:          0 ISSUED:          0 USEFUL:          0 USELESS:          0
cpu0->cpu0_STLB AVERAGE MISS LATENCY: 847.3 cycles

DRAM Statistics

Channel 0 RQ ROW_BUFFER_HIT:     252315
  ROW_BUFFER_MISS:    1783786
  AVG DBUS CONGESTED CYCLE: 17.07
Channel 0 WQ ROW_BUFFER_HIT:       8866
  ROW_BUFFER_MISS:      26947
  FULL:          0
Channel 0 REFRESHES ISSUED:      40728
NNCPU_REGULARITY roi_decisions=63049453 roi_suppressed=1020681 roi_issued=5910285 gate_enabled=true window=16 support_percent=35 degree=3
